Product: MDK-ARM Professional 5.10
Component: ARM Compiler 5.04 update 1 (build 49)
Tool: armlink [5040049]

==============================================================================

Section Cross References

    main.o(.text) refers to stm32f10x_rcc.o(.text) for RCC_DeInit
    main.o(.text) refers to stm32f10x_flash.o(.text) for FLASH_PrefetchBufferCmd
    main.o(.text) refers to misc.o(.text) for NVIC_SetVectorTable
    main.o(.text) refers to systick_delay.o(.text) for Delay_Init
    main.o(.text) refers to buzzer.o(.text) for iBUZZER_Init
    main.o(.text) refers to pwercheck.o(.text) for vPower_Init
    main.o(.text) refers to display.o(.text) for Display_Init
    main.o(.text) refers to msd.o(.text) for MSD_Init
    main.o(.text) refers to roc_personalfont.o(.text) for vLCD_PowerON
    main.o(.text) refers to z8d256.o(.text) for vZ8D256_Init
    main.o(.text) refers to an_adc.o(.text) for AN_ADC_Init
    main.o(.text) refers to bluetooth_ivt.o(.text) for vBluetooth_Init
    main.o(.text) refers to mscard_pa1100.o(.text) for MSR_vInit
    main.o(.text) refers to hal_7816.o(.text) for vPBOC_7816_Init
    main.o(.text) refers to irom.o(.text) for IROM_Read
    main.o(.text) refers to vectortable.o(.text) for vFactory_Test
    main.o(.text) refers to hw_config.o(.text) for Set_USBClock
    main.o(.text) refers to usb_init.o(.text) for USB_Init
    main.o(.text) refers to iwdg.o(.text) for vIWDG_Init
    main.o(.text) refers to stm32f10x_iwdg.o(.text) for IWDG_ReloadCounter
    main.o(.text) refers to up_mpos_cmd.o(.bss) for g_sCardReaderInfo
    main.o(.text) refers to vectortable.o(.data) for g_uiTime100ms_LCDOff_PowerOff
    main.o(.text) refers to bluetooth_ivt.o(.bss) for g_ucbBluetoothSendBuf
    stm32f10x_it.o(.text) refers to display.o(.text) for HAL_DISP_SET
    stm32f10x_it.o(.text) refers to stm32f10x_bkp.o(.text) for BKP_GetITStatus
    stm32f10x_it.o(.text) refers to stm32f10x_usart.o(.text) for USART_GetFlagStatus
    stm32f10x_it.o(.text) refers to rt_memclr.o(.text) for __aeabi_memclr
    stm32f10x_it.o(.text) refers to bluetooth_ivt.o(.text) for eBluetooth_RecvAndAnalyze
    stm32f10x_it.o(.text) refers to stm32f10x_tim.o(.text) for TIM_GetITStatus
    stm32f10x_it.o(.text) refers to stm32f10x_gpio.o(.text) for GPIO_ReadInputDataBit
    stm32f10x_it.o(.text) refers to pwercheck.o(.text) for Power_OFF
    stm32f10x_it.o(.text) refers to usb_istr.o(.text) for USB_Istr
    stm32f10x_it.o(.text) refers to stm32f10x_exti.o(.text) for EXTI_ClearITPendingBit
    stm32f10x_it.o(.text) refers to tamper.o(.data) for g_Tamper_Flag
    stm32f10x_it.o(.text) refers to bluetooth_ivt.o(.bss) for g_ucbBluetoothRcvBuf
    stm32f10x_it.o(.text) refers to bluetooth_ivt.o(.data) for g_uiBluetoothRcvLen
    stm32f10x_it.o(.text) refers to vectortable.o(.data) for g_uiTime100ms_LCDOff_PowerOff
    stm32f10x_it.o(.text) refers to pwercheck.o(.data) for g_PWRKeyFlag
    stm32f10x_it.o(.text) refers to mscard_pa1100.o(.data) for MSR_ub100msTickDownCntTimeToReceiveBufferReadySignal
    vectortable.o(.text) refers to bluetooth_ivt.o(.text) for eBluetooth_GetBluetoothState
    vectortable.o(.text) refers to display.o(.text) for ClearLines
    vectortable.o(.text) refers to fontfonction.o(.text) for vLCD_ShowMiddle
    vectortable.o(.text) refers to roc_personalfont.o(.text) for vLCD_ShowBluetoothIcon
    vectortable.o(.text) refers to an_adc.o(.text) for AN_ADC_GetCellVoltageAndElectric
    vectortable.o(.text) refers to systick_delay.o(.text) for Delay_ms
    vectortable.o(.text) refers to pwercheck.o(.text) for Power_OFF
    vectortable.o(.text) refers to key.o(.text) for ucKey_Scan
    vectortable.o(.text) refers to up_mpos_cmd.o(.text) for iCMD0302_PToU_SendCardReaderStatus
    vectortable.o(.text) refers to memcmp.o(.text) for memcmp
    vectortable.o(.text) refers to irom.o(.text) for IROM_Write
    vectortable.o(.text) refers to pboc_var.o(.text) for vPBOC_Init
    vectortable.o(.text) refers to app_pboc.o(.text) for CheckCardState
    vectortable.o(.text) refers to bluetooth_ivt.o(.data) for g_BluetoothDateIN
    vectortable.o(.text) refers to vectortable.o(.data) for g_uiTime100ms_LCDShow
    vectortable.o(.text) refers to up_mpos_cmd.o(.bss) for g_sCardReaderInfo
    vectortable.o(.text) refers to bluetooth_ivt.o(.bss) for g_sBluetoothMessage
    vectortable.o(.text) refers to ascii.o(.constdata) for ASCIIchardot
    vectortable.o(.text) refers to mscard_pa1100.o(.data) for MSR_ucTrack2Len
    vectortable.o(.text) refers to mscard_pa1100.o(.bss) for MSR_ucTrack2Buf
    vectortable.o(.text) refers to hal_7816.o(.data) for G_CardStats
    vectortable.o(.text) refers to roc_littletool.o(.text) for iHexToASCII
    vectortable.o(.text) refers to rt_memcpy_v6.o(.text) for __aeabi_memcpy
    vectortable.o(.text) refers to mscard_pa1100.o(.text) for MSR_vClearCardData
    vectortable.o(.text) refers to up_mpos_cmd.o(.data) for g_ucTimestamp
    vectortable.o(.text) refers to pboc_var.o(.bss) for uchPan
[...]
    iEncryptMACData                          0x0800be6b   Thumb Code   138  roc_littletool.o(.text)
    iDiversify3Des                           0x0800bef5   Thumb Code   152  roc_littletool.o(.text)
    iMPOS_EncryptMACData                     0x0800bf8d   Thumb Code    86  roc_littletool.o(.text)
    iTradeAmountIsNull                       0x0800bfe3   Thumb Code    88  roc_littletool.o(.text)
    vLCD_PowerON                             0x0800c03d   Thumb Code    16  roc_personalfont.o(.text)
    vLCD_ShowTime                            0x0800c04d   Thumb Code   302  roc_personalfont.o(.text)
    vLCD_MainUI                              0x0800c17b   Thumb Code    58  roc_personalfont.o(.text)
    vLCD_SwipeMSOrICCardOrInputCardNo        0x0800c1b5   Thumb Code    92  roc_personalfont.o(.text)
    vLCD_TradeAmount                         0x0800c211   Thumb Code    84  roc_personalfont.o(.text)
    vLCD_SwipeICCardOrChange                 0x0800c265   Thumb Code    52  roc_personalfont.o(.text)
    vLCD_SwipeICCardAndAmount                0x0800c299   Thumb Code   138  roc_personalfont.o(.text)
    vLCD_CardNoAndOK                         0x0800c323   Thumb Code   100  roc_personalfont.o(.text)
    vLCD_InputPIN                            0x0800c387   Thumb Code    44  roc_personalfont.o(.text)
    vLCD_ShowBalance                         0x0800c3b3   Thumb Code   334  roc_personalfont.o(.text)
    vLCD_ShowTimeout                         0x0800c501   Thumb Code    78  roc_personalfont.o(.text)
    vLCD_ShowWait                            0x0800c54f   Thumb Code    28  roc_personalfont.o(.text)
    vLCD_ShowWaitForICC                      0x0800c56b   Thumb Code    56  roc_personalfont.o(.text)
    vLCD_ReadICCFail                         0x0800c5a3   Thumb Code    44  roc_personalfont.o(.text)
    vLCD_ScriptFail                          0x0800c5cf   Thumb Code    68  roc_personalfont.o(.text)
    vLCD_ShowESC                             0x0800c613   Thumb Code    70  roc_personalfont.o(.text)
    vLCD_ShowWaitForIssuersScript            0x0800c659   Thumb Code    72  roc_personalfont.o(.text)
    vLCD_InputPin                            0x0800c6a1   Thumb Code    62  roc_personalfont.o(.text)
    vLCD_ShowBluetoothIcon                   0x0800c6df   Thumb Code    48  roc_personalfont.o(.text)
    vLCD_ShowMenu                            0x0800c70f   Thumb Code    42  roc_personalfont.o(.text)
    vLCD_ShowVersion                         0x0800c739   Thumb Code    32  roc_personalfont.o(.text)
    vLCD_ShowPassword                        0x0800c759   Thumb Code    20  roc_personalfont.o(.text)
    vLCD_ShowSelectMode                      0x0800c76d   Thumb Code    32  roc_personalfont.o(.text)
    vLCD_ShowFirmwareUpdateBegin             0x0800c78d   Thumb Code    72  roc_personalfont.o(.text)
    vLCD_ShowFirmwareUpdateProgress          0x0800c7d5   Thumb Code   144  roc_personalfont.o(.text)
    vLCD_ShowFirmwareUpdateEnd               0x0800c865   Thumb Code    72  roc_personalfont.o(.text)
    vZ8D256_GPIO_Config                      0x0800c9e9   Thumb Code    62  z8d256.o(.text)
    vZ8D256_USART_NVIC_Config                0x0800ca27   Thumb Code    34  z8d256.o(.text)
    vZ8D256_USART_Config                     0x0800ca49   Thumb Code    64  z8d256.o(.text)
    vZ8D256_Init                             0x0800ca89   Thumb Code    12  z8d256.o(.text)
    vZ8D256_SendData                         0x0800ca95   Thumb Code    40  z8d256.o(.text)
    iZ8D256_RecvData                         0x0800cabd   Thumb Code    64  z8d256.o(.text)
    LittleToBig_short                        0x0800cb05   Thumb Code    14  sercrity.o(.text)
    Z8D256_RecvString_XIEYI                  0x0800cb13   Thumb Code   210  sercrity.o(.text)
    LitteToBigStr                            0x0800cbe5   Thumb Code    42  sercrity.o(.text)
    readfromFlash                            0x0800cc9f   Thumb Code    50  sercrity.o(.text)
    WriteIntoFlash                           0x0800ccd1   Thumb Code    80  sercrity.o(.text)
    EraseMF                                  0x0800cd21   Thumb Code    58  sercrity.o(.text)
    CreateMF                                 0x0800cd5b   Thumb Code   108  sercrity.o(.text)
    createKeyFile                            0x0800cdc7   Thumb Code    90  sercrity.o(.text)
    loadMainkey                              0x0800ce21   Thumb Code   116  sercrity.o(.text)
    loadDESkey                               0x0800ce95   Thumb Code   102  sercrity.o(.text)
    changeDESkey                             0x0800cefb   Thumb Code    96  sercrity.o(.text)
    createBinaryFile                         0x0800cf5b   Thumb Code    76  sercrity.o(.text)
    setDeviceInfo                            0x0800cfa7   Thumb Code    82  sercrity.o(.text)
    setPSAMInfo                              0x0800cff9   Thumb Code    82  sercrity.o(.text)
    getDeviceInfo                            0x0800d04b   Thumb Code   186  sercrity.o(.text)
    getPSAMInfo                              0x0800d105   Thumb Code    88  sercrity.o(.text)
    setApplykey                              0x0800d15d   Thumb Code    68  sercrity.o(.text)
    chanageApplykey                          0x0800d1a1   Thumb Code    20  sercrity.o(.text)
    setTrackkey                              0x0800d1b5   Thumb Code    68  sercrity.o(.text)
    seleteBinaryFile                         0x0800d1f9   Thumb Code    66  sercrity.o(.text)
    updateBinaryFile                         0x0800d23b   Thumb Code    86  sercrity.o(.text)
    ReadBinaryFile                           0x0800d291   Thumb Code    94  sercrity.o(.text)
    createPublicFile                         0x0800d2ef   Thumb Code    58  sercrity.o(.text)
    createPrivateFile                        0x0800d329   Thumb Code    54  sercrity.o(.text)
    ReadPublicFile                           0x0800d35f   Thumb Code    80  sercrity.o(.text)
    getPSAMUID                               0x0800d3af   Thumb Code    28  sercrity.o(.text)
    updatePublickeyFile                      0x0800d3cb   Thumb Code   168  sercrity.o(.text)
    genaryRsaKey                             0x0800d473   Thumb Code    72  sercrity.o(.text)
    GetChallenge                             0x0800d4bb   Thumb Code    88  sercrity.o(.text)
    SingleDesBykey                           0x0800d513   Thumb Code   202  sercrity.o(.text)
    ThreeDesBykey                            0x0800d5dd   Thumb Code   202  sercrity.o(.text)
    SingleDesEntryOrDisEntry                 0x0800d6a7   Thumb Code   188  sercrity.o(.text)
    threeDesEntryOrDisEntry                  0x0800d763   Thumb Code   178  sercrity.o(.text)
    ExternaAuthen                            0x0800d815   Thumb Code   120  sercrity.o(.text)
    XORArigth                                0x0800d88d   Thumb Code    78  sercrity.o(.text)
    ToGetMAC                                 0x0800d8db   Thumb Code   214  sercrity.o(.text)
    RsaEncrty                                0x0800d9b1   Thumb Code   126  sercrity.o(.text)
    RsaDisEncrty                             0x0800da2f   Thumb Code   126  sercrity.o(.text)
    TobootZ8                                 0x0800daad   Thumb Code    50  sercrity.o(.text)
    SHA1Arigth                               0x0800dadf   Thumb Code   364  sercrity.o(.text)
    sercrityTest                             0x0800dc4b   Thumb Code     2  sercrity.o(.text)
    QPOSFileStruct                           0x0800dc4d   Thumb Code   122  sercrity.o(.text)
    IROM_Read                                0x0800dcd1   Thumb Code    38  irom.o(.text)
    IROM_WritePage                           0x0800dcf7   Thumb Code    36  irom.o(.text)
    IROM_Write                               0x0800dd1b   Thumb Code   138  irom.o(.text)
    IROM_Erase                               0x0800dda5   Thumb Code    74  irom.o(.text)
    SCC_Check_atr                            0x0800ddf9   Thumb Code  1008  hal_7816.o(.text)
    SC_Detect                                0x0800e1e9   Thumb Code    12  hal_7816.o(.text)
    USART_ByteReceive                        0x0800e1f5   Thumb Code   110  hal_7816.o(.text)
    SC_ParityErrorHandler                    0x0800e263   Thumb Code    28  hal_7816.o(.text)
    SC_USART_IRQHandler                      0x0800e27f   Thumb Code   120  hal_7816.o(.text)
    SC_DetectPinConfig                       0x0800e2f7   Thumb Code    38  hal_7816.o(.text)
    SC_Reset                                 0x0800e31d   Thumb Code    16  hal_7816.o(.text)
    SC_PowerCmd                              0x0800e361   Thumb Code    26  hal_7816.o(.text)
    HAL_7816_Init                            0x0800e37b   Thumb Code   276  hal_7816.o(.text)
    HAL_7816_PowerOn                         0x0800e48f   Thumb Code   206  hal_7816.o(.text)
    HAL_Card_APDU                            0x0800e77b   Thumb Code   328  hal_7816.o(.text)
    AU9541_ICCARD_Reset                      0x0800e8c3   Thumb Code    16  hal_7816.o(.text)
    send_T0wait                              0x0800e8d3   Thumb Code     2  hal_7816.o(.text)
    HAL_7816_LRC8                            0x0800e8d5   Thumb Code    24  hal_7816.o(.text)
    HAL_7816_T1_ReBuild_R                    0x0800e8ed   Thumb Code    34  hal_7816.o(.text)
    HAL_7816_T1_Build_R                      0x0800e90f   Thumb Code    60  hal_7816.o(.text)
    HAL_7816_T1_Build_S                      0x0800e94b   Thumb Code   124  hal_7816.o(.text)
    HAL_7816_T1_Build_I                      0x0800e9c7   Thumb Code   168  hal_7816.o(.text)
    HAL_7816_Transmit1                       0x0800ea6f   Thumb Code   494  hal_7816.o(.text)
    HAL_Card_T1                              0x0800ec5d   Thumb Code   858  hal_7816.o(.text)
    HAL_7816_t1_IFSC_reader                  0x0800efb7   Thumb Code   304  hal_7816.o(.text)
    HAL_7816_DeepShutdown                    0x0800f0e7   Thumb Code    26  hal_7816.o(.text)
    HAL_7816_GetATR                          0x0800f101   Thumb Code    28  hal_7816.o(.text)
    vPBOC_7816_Init                          0x0800f11d   Thumb Code    38  hal_7816.o(.text)
    APP_POS_PAY_Init                         0x0800f165   Thumb Code   806  app_pboc.o(.text)
    Clear_Cardlist                           0x0800f48b   Thumb Code  1066  app_pboc.o(.text)
    APP_POS_PAY_CDGetCashBalance             0x0800f8b5   Thumb Code   138  app_pboc.o(.text)
    APP_POS_PAY_UpLimitLoadPrice             0x0800f93f   Thumb Code   138  app_pboc.o(.text)
    APP_POS_PAY_CardIssuers_Script           0x0800f9c9   Thumb Code    92  app_pboc.o(.text)
    APP_POS_PAY_55CardUpload_DataPackage     0x0800fa25   Thumb Code  1084  app_pboc.o(.text)
    APP_POS_PAY_No55CardUpload_DataPackage   0x0800fe61   Thumb Code   448  app_pboc.o(.text)
    APP_POS_PAY_CDReversalInfo               0x08010021   Thumb Code   154  app_pboc.o(.text)
    CheckCardState                           0x080100bb   Thumb Code    30  app_pboc.o(.text)
    APP_POS_PAY_CardSlotState                0x080100d9   Thumb Code    56  app_pboc.o(.text)
    TIM_Configuration                        0x08010125   Thumb Code    80  mid_pboc.o(.text)
    MID_NVMEM_Read                           0x08010175   Thumb Code    24  mid_pboc.o(.text)
    MID_NVMEM_Write                          0x0801018d   Thumb Code    24  mid_pboc.o(.text)
    IsTagExist                               0x080101a5   Thumb Code   136  mid_pboc.o(.text)
    SearchTagType                            0x0801022d   Thumb Code   122  mid_pboc.o(.text)
    SearchTag                                0x080102a7   Thumb Code   418  mid_pboc.o(.text)
    SearchTagforScript                       0x08010449   Thumb Code   432  mid_pboc.o(.text)
    CollectDol                               0x080105f9   Thumb Code  1316  mid_pboc.o(.text)
    SaveCardDo                               0x08010b1d   Thumb Code   448  mid_pboc.o(.text)
    EMV_Show_Candidate_List                  0x08010cdd   Thumb Code     6  mid_pboc.o(.text)
    EMV_SelectADF                            0x08010ce3   Thumb Code  1808  mid_pboc.o(.text)
    EMV_SelectDDF                            0x080113f3   Thumb Code   966  mid_pboc.o(.text)
    EMV_GetProcessOn                         0x080117b9   Thumb Code  1144  mid_pboc.o(.text)
    EMV_RemoveACandidate                     0x08011c31   Thumb Code   920  mid_pboc.o(.text)
    EMV_SortCandidateList                    0x08011fc9   Thumb Code   910  mid_pboc.o(.text)
    EMV_FinalSelection                       0x08012357   Thumb Code   302  mid_pboc.o(.text)
    EMV_ClearCandidateList                   0x08012485   Thumb Code   198  mid_pboc.o(.text)
    EMV_BuildCLbyAID                         0x0801254b   Thumb Code  1020  mid_pboc.o(.text)
    EMV_SearchAID                            0x08012947   Thumb Code   184  mid_pboc.o(.text)
    EMV_BuildCLbyPSE                         0x080129ff   Thumb Code  1574  mid_pboc.o(.text)
    EMV_InitAIDList                          0x08013025   Thumb Code   388  mid_pboc.o(.text)
    EMV_AppInitialization                    0x080131a9   Thumb Code   490  mid_pboc.o(.text)
    EMV_InitDDFStack                         0x08013393   Thumb Code    64  mid_pboc.o(.text)
    EMV_ReadAppData                          0x080133d3   Thumb Code   724  mid_pboc.o(.text)
    EMV_ProcessingRestriction                0x080136a7   Thumb Code  1298  mid_pboc.o(.text)
    EMV_CardholderVerification               0x08013bb9   Thumb Code  4796  mid_pboc.o(.text)
    EMV_OnlineEncryptedPinProcessing         0x08014e75   Thumb Code     6  mid_pboc.o(.text)
    EMV_TerminalRiskManagement               0x08014e7b   Thumb Code   988  mid_pboc.o(.text)
    EMV_TerminalActionAnalysis               0x08015257   Thumb Code  3652  mid_pboc.o(.text)
    EMV_OnlineProcessing                     0x0801609b   Thumb Code  5444  mid_pboc.o(.text)
    EMV_SelectADFforLogEntry                 0x080175df   Thumb Code   642  mid_pboc.o(.text)
    GetCash                                  0x08017861   Thumb Code   130  mid_pboc.o(.text)
    ReadUpLimitPrice                         0x080178e3   Thumb Code   138  mid_pboc.o(.text)
    APDU_BuffFormat                          0x08017975   Thumb Code     2  pboc_var.o(.text)
    T_APDU_BuffFormat                        0x08017977   Thumb Code     2  pboc_var.o(.text)
    GVAR_Init                                0x08017979   Thumb Code   122  pboc_var.o(.text)
    vPBOC_Init                               0x080179f3   Thumb Code    12  pboc_var.o(.text)
    ST7567_GPIO_Init_QY                      0x08017a4d   Thumb Code   180  display.o(.text)
    SPI_Init_QY                              0x08017b01   Thumb Code   102  display.o(.text)
    BackLightCmd                             0x08017b67   Thumb Code    38  display.o(.text)
    SPI_SendData_QY                          0x08017b8d   Thumb Code    42  display.o(.text)
    SPI_RecvData_QY                          0x08017bb7   Thumb Code    52  display.o(.text)
    HAL_DISP_WriteByte                       0x08017beb   Thumb Code   118  display.o(.text)
    HAL_DISP_WriteString                     0x08017c61   Thumb Code    50  display.o(.text)
    HAL_DISP_SetXY                           0x08017c93   Thumb Code    40  display.o(.text)
    HAL_DISP_CLS                             0x08017cbb   Thumb Code    44  display.o(.text)
    HAL_DISP_SET                             0x08017ce7   Thumb Code    44  display.o(.text)
    ClearALLPage                             0x08017d13   Thumb Code    38  display.o(.text)
    ClearLines                               0x08017d39   Thumb Code    54  display.o(.text)
    HAL_DISP_ResetLCD                        0x08017d6f   Thumb Code    36  display.o(.text)
    ST7567_Into_Power_Save_QY                0x08017d93   Thumb Code    20  display.o(.text)
    ST7567_OUT_Power_Save_QY                 0x08017da7   Thumb Code    20  display.o(.text)
    ST7567_Power_OFF_QY                      0x08017dbb   Thumb Code    26  display.o(.text)
    ST7567_Power_On_QY                       0x08017dd5   Thumb Code   214  display.o(.text)
    MID_DISP_ShowChar16X6                    0x08017eab   Thumb Code    62  display.o(.text)
    MID_DISP_ShowChar16X8                    0x08017ee9   Thumb Code    58  display.o(.text)
    MID_DISP_Show8X8                         0x08017f23   Thumb Code    26  display.o(.text)
    MID_DISP_Show8X20                        0x08017f3d   Thumb Code    26  display.o(.text)
    MID_DISP_ShowChar24X12                   0x08017f57   Thumb Code    72  display.o(.text)
    MID_DISP_ShowCharStr                     0x08017f9f   Thumb Code    70  display.o(.text)
    MID_DISP_ShowCharStr6                    0x08017fe5   Thumb Code    66  display.o(.text)
    MID_DISP_ShowChar24X8                    0x08018027   Thumb Code    72  display.o(.text)
    MID_DISP_ShowHZ16X16                     0x0801806f   Thumb Code    48  display.o(.text)
    MID_DISP_ShowHZ24X24                     0x0801809f   Thumb Code    52  display.o(.text)
    MID_DISP_ShowHZStr                       0x080180d3   Thumb Code    70  display.o(.text)
    DispalyPower                             0x08018119   Thumb Code    30  display.o(.text)
    BuleToothState                           0x08018137   Thumb Code     2  display.o(.text)
    PowerCurrentState                        0x08018139   Thumb Code     2  display.o(.text)
    PowerChangeState                         0x0801813b   Thumb Code     2  display.o(.text)
    Display_Init                             0x0801813d   Thumb Code    20  display.o(.text)
    trans_hz8                                0x0801815d   Thumb Code    72  fontfonction.o(.text)
    get_hanzi_mu                             0x080181a5   Thumb Code   474  fontfonction.o(.text)
    vLCD_DISP_ShowString                     0x0801837f   Thumb Code   106  fontfonction.o(.text)
    vLCD_ShowMiddle                          0x080183e9   Thumb Code    40  fontfonction.o(.text)
    vLCD_ShowAll                             0x08018411   Thumb Code    34  fontfonction.o(.text)
    vLCD_ShowAll_Ex                          0x08018433   Thumb Code    28  fontfonction.o(.text)
    vLCD_ShowNumber6X16                      0x0801844f   Thumb Code    50  fontfonction.o(.text)
    MSD_GPIO_Config                          0x08018499   Thumb Code    46  msd.o(.text)
    MSD_SPI_Config                           0x080184c7   Thumb Code    88  msd.o(.text)
    MSD_ReadByte                             0x0801851f   Thumb Code    52  msd.o(.text)
    MSD_WriteByte                            0x08018553   Thumb Code    48  msd.o(.text)
    SPI_FLASH_ReadID                         0x08018583   Thumb Code    48  msd.o(.text)
    MSD_Init                                 0x080185b3   Thumb Code    12  msd.o(.text)
    SPI_FLASH_WaitForWriteEnd                0x080185bf   Thumb Code    58  msd.o(.text)
    SPI_FLASH_WaitForWriteEnable             0x080185f9   Thumb Code    58  msd.o(.text)
    SPI_FLASH_WriteEnable                    0x08018633   Thumb Code    34  msd.o(.text)
    MSD_GetStatus                            0x08018655   Thumb Code    36  msd.o(.text)
    SPI_FLASH_GlobalUnprotect                0x08018679   Thumb Code    56  msd.o(.text)
    SPI_FLASH_GlobalProtect                  0x080186b1   Thumb Code    56  msd.o(.text)
    SPI_FLASH_ChipErase                      0x080186e9   Thumb Code    34  msd.o(.text)
    Buffercmp                                0x0801870b   Thumb Code    36  msd.o(.text)
    SPI_FLASH_PageWrite                      0x0801872f   Thumb Code    82  msd.o(.text)
    SPI_FLASH_BufferWrite                    0x08018781   Thumb Code   304  msd.o(.text)
    SPI_FLASH_SectorErase                    0x080188b1   Thumb Code    58  msd.o(.text)
    MSD_ReadBlock                            0x080188eb   Thumb Code   100  msd.o(.text)
    MSD_ReadBuffer                           0x0801894f   Thumb Code    20  msd.o(.text)
    MSD_WriteBlock                           0x08018963   Thumb Code    58  msd.o(.text)
    MSD_GetDataResponse                      0x0801899d   Thumb Code    76  msd.o(.text)
    MSD_GetResponse                          0x080189e9   Thumb Code    34  msd.o(.text)
    MSD_SendCmd                              0x08018a0b   Thumb Code    70  msd.o(.text)
    MSD_WriteBuffer                          0x08018a51   Thumb Code   150  msd.o(.text)
    MSD_GoIdleState                          0x08018ae7   Thumb Code    24  msd.o(.text)
    SPI_Config                               0x08018aff   Thumb Code   216  msd.o(.text)
    SPI_FLASH_JEDEC_ID                       0x08018bd7   Thumb Code    68  msd.o(.text)
    SPI_FLASH_SectorUnprotect                0x08018c1b   Thumb Code    58  msd.o(.text)
    SPI_FLASH_Block64Erase                   0x08018c55   Thumb Code    58  msd.o(.text)
    key_delay                                0x08018ca9   Thumb Code    10  key.o(.text)
    vKey_GPIO_Init                           0x08018cb3   Thumb Code    40  key.o(.text)
    vKey_Scan                                0x08018cdb   Thumb Code   642  key.o(.text)
    ucKey_Scan                               0x08018f5d   Thumb Code    42  key.o(.text)
    vClearKeyBuf                             0x08018f87   Thumb Code     2  key.o(.text)
    vKeyWaitOK                               0x08018f89   Thumb Code    22  key.o(.text)
    vKeyTest                                 0x08018f9f   Thumb Code   158  key.o(.text)
    vKey_Processing                          0x0801903d   Thumb Code    14  key.o(.text)
    AN_ADC_Init                              0x08019115   Thumb Code    12  an_adc.o(.text)
    AN_ADC_READDATA                          0x08019121   Thumb Code   138  an_adc.o(.text)
    AN_ADC_GetCellVoltageAndElectric         0x080191ab   Thumb Code   154  an_adc.o(.text)
    vGetTradeTime                            0x08019251   Thumb Code   332  up_mpos_cmd.o(.text)
    vCriticalSection                         0x0801939d   Thumb Code    50  up_mpos_cmd.o(.text)
    iPayThroughMSC                           0x080193cf   Thumb Code    44  up_mpos_cmd.o(.text)
    iMSCardIsICCard                          0x080193fb   Thumb Code    54  up_mpos_cmd.o(.text)
    iPayThroughICC                           0x08019431   Thumb Code   142  up_mpos_cmd.o(.text)
    iCMD7700_UToP_Device_Boot                0x080194bf   Thumb Code    20  up_mpos_cmd.o(.text)
    iCMD7701_UToP_DeviceInit                 0x080194d3   Thumb Code   236  up_mpos_cmd.o(.text)
    iCMD0101_UToP_GetDeviceVersion           0x080195bf   Thumb Code    26  up_mpos_cmd.o(.text)
    iCMD0102_UToP_SetCacheDataOnRAM          0x080195d9   Thumb Code   148  up_mpos_cmd.o(.text)
    iCMD0103_UToP_ClearCacheDataOnRAM        0x0801966d   Thumb Code    16  up_mpos_cmd.o(.text)
    iCMD0104_UToP_SetCacheDataOnFlash        0x0801967d   Thumb Code   104  up_mpos_cmd.o(.text)
    iCMD0105_UToP_GetCacheDataOnFlash        0x080196e5   Thumb Code    68  up_mpos_cmd.o(.text)
    iCMD0107_UToP_ResetDevice                0x08019729   Thumb Code    24  up_mpos_cmd.o(.text)
    iCMD0108_UToP_GetRTC                     0x08019741   Thumb Code   332  up_mpos_cmd.o(.text)
    iCMD0109_UToP_SetRTC                     0x0801988d   Thumb Code   316  up_mpos_cmd.o(.text)
    iCMD010A_UToP_Print                      0x080199c9   Thumb Code    10  up_mpos_cmd.o(.text)
    iCMD010B_PToU_SendPrintStatus            0x080199d3   Thumb Code    10  up_mpos_cmd.o(.text)
    iRecv_CMD010C_Firmware                   0x080199dd   Thumb Code   174  up_mpos_cmd.o(.text)
    iCMD010C_UToP_UpdateDeviceFirmware       0x08019a8b   Thumb Code   266  up_mpos_cmd.o(.text)
    iCMD0202_UToP_UpdateDeviceWorkKey        0x08019b95   Thumb Code   500  up_mpos_cmd.o(.text)
    iCMD0204_UToP_VerifyMAC                  0x08019d89   Thumb Code   274  up_mpos_cmd.o(.text)
    iWaitForESCOrOK                          0x08019e9b   Thumb Code    76  up_mpos_cmd.o(.text)
    iCMD0207_UToP_EncriptData                0x08019ee7   Thumb Code   384  up_mpos_cmd.o(.text)
    iCMD0302_PToU_SendCardReaderStatus       0x0801a067   Thumb Code    36  up_mpos_cmd.o(.text)
    iCMD0304_UToP_OpenCardReader             0x0801a08b   Thumb Code   272  up_mpos_cmd.o(.text)
    iEncryptTrackData                        0x0801a19b   Thumb Code   126  up_mpos_cmd.o(.text)
    iFill_CMD0305_Packet                     0x0801a219   Thumb Code   654  up_mpos_cmd.o(.text)
    iCMD0305_UToP_GetCardReadData            0x0801a4a7   Thumb Code   126  up_mpos_cmd.o(.text)
    iDisplayPinOnLCD                         0x0801a525   Thumb Code    54  up_mpos_cmd.o(.text)
    iGetAndDisplayPin                        0x0801a55b   Thumb Code   192  up_mpos_cmd.o(.text)
    iEncryptPinData                          0x0801a61b   Thumb Code    90  up_mpos_cmd.o(.text)
    iCMD0402_PToU_UpLoadKeyboardStatus       0x0801a675   Thumb Code   198  up_mpos_cmd.o(.text)
    iCMD0404_UToP_OpenKeyboard               0x0801a73b   Thumb Code    56  up_mpos_cmd.o(.text)
    iCMD0405_UToP_GetPIN                     0x0801a773   Thumb Code    32  up_mpos_cmd.o(.text)
    iCMD0501_UToP_UpdateRSA                  0x0801a793   Thumb Code     8  up_mpos_cmd.o(.text)
    iCMD0502_UToP_UpdateAID                  0x0801a79b   Thumb Code   208  up_mpos_cmd.o(.text)
    iCMD0503_UToP_StartPBOC                  0x0801a86b   Thumb Code   206  up_mpos_cmd.o(.text)
    iCMD0504_PToU_UploadPBOCStatus           0x0801a939   Thumb Code    36  up_mpos_cmd.o(.text)
    iFill_CMD0505_Packet                     0x0801a95d   Thumb Code   236  up_mpos_cmd.o(.text)
    iCMD0505_UToP_GetPBOC                    0x0801aa49   Thumb Code   144  up_mpos_cmd.o(.text)
    iCMD0506_UToP_StartPBOCIssuers           0x0801aad9   Thumb Code   206  up_mpos_cmd.o(.text)
    iCMD0507_PToU_UploadPBOCIssuersStatus    0x0801aba7   Thumb Code    36  up_mpos_cmd.o(.text)
    iCMD0508_UToP_GetPBOCIssuers             0x0801abcb   Thumb Code    34  up_mpos_cmd.o(.text)
    iCMD0701_UToP_LCDShow                    0x0801abed   Thumb Code   186  up_mpos_cmd.o(.text)
    vTask0701_UToP_LCDShow                   0x0801aca7   Thumb Code   118  up_mpos_cmd.o(.text)
    iCMD0306_UToP_OpenCardReader_FuNongTong  0x0801ad1d   Thumb Code   316  up_mpos_cmd.o(.text)
    vTask0306_UToP_LCDShow                   0x0801ae59   Thumb Code   278  up_mpos_cmd.o(.text)
    iFill_CMD0307_Packet                     0x0801af6f   Thumb Code   504  up_mpos_cmd.o(.text)
    iCMD0307_UToP_GetCardReadData_FuNongTong 0x0801b167   Thumb Code   128  up_mpos_cmd.o(.text)
    iTaskGetAndDisplayInputPin               0x0801b1e7   Thumb Code   200  up_mpos_cmd.o(.text)
    iCMD_Factory_DeviceInit                  0x0801b2af   Thumb Code   444  up_mpos_cmd.o(.text)
    PWR_GPIO_Init                            0x0801b48d   Thumb Code    66  pwercheck.o(.text)
    PWR_EXTI_Init                            0x0801b4cf   Thumb Code    68  pwercheck.o(.text)
    PWR_Cmd                                  0x0801b513   Thumb Code    30  pwercheck.o(.text)
    vPower_Init                              0x0801b531   Thumb Code    64  pwercheck.o(.text)
    Power_OFF                                0x0801b571   Thumb Code    48  pwercheck.o(.text)
    PWR_Check                                0x0801b5a1   Thumb Code    46  pwercheck.o(.text)
    Is_Leap_Year                             0x0801b5f9   Thumb Code    58  rtc.o(.text)
    RTC_Set                                  0x0801b633   Thumb Code   184  rtc.o(.text)
    RTC_Init                                 0x0801b6eb   Thumb Code   198  rtc.o(.text)
    RTC_Get_Week                             0x0801b7b1   Thumb Code   116  rtc.o(.text)
    RTC_Get                                  0x0801b825   Thumb Code   256  rtc.o(.text)
    RTC_IRQHandler                           0x0801b925   Thumb Code    40  rtc.o(.text)
    Standard_GetConfiguration                0x0801b975   Thumb Code    34  usb_core.o(.text)
    Standard_SetConfiguration                0x0801b997   Thumb Code    60  usb_core.o(.text)
    Standard_GetInterface                    0x0801b9d3   Thumb Code    34  usb_core.o(.text)
    Standard_SetInterface                    0x0801b9f5   Thumb Code    96  usb_core.o(.text)
    Standard_GetStatus                       0x0801ba55   Thumb Code   238  usb_core.o(.text)
    Standard_ClearFeature                    0x0801bb43   Thumb Code   342  usb_core.o(.text)
    Standard_SetEndPointFeature              0x0801bc99   Thumb Code   220  usb_core.o(.text)
    Standard_SetDeviceFeature                0x0801bd75   Thumb Code    30  usb_core.o(.text)
    Standard_GetDescriptorData               0x0801bd93   Thumb Code    32  usb_core.o(.text)
    Post0_Process                            0x0801c2c7   Thumb Code    54  usb_core.o(.text)
    Setup0_Process                           0x0801c2fd   Thumb Code   170  usb_core.o(.text)
    SetDeviceAddress                         0x0801c3a7   Thumb Code    70  usb_core.o(.text)
    In0_Process                              0x0801c3ed   Thumb Code    98  usb_core.o(.text)
    Out0_Process                             0x0801c44f   Thumb Code    70  usb_core.o(.text)
    NOP_Process                              0x0801c495   Thumb Code     2  usb_core.o(.text)
    USB_Init                                 0x0801c4c5   Thumb Code    36  usb_init.o(.text)
    CTR_LP                                   0x0801c501   Thumb Code   616  usb_int.o(.text)
    CTR_HP                                   0x0801c769   Thumb Code   178  usb_int.o(.text)
    UserToPMABufferCopy                      0x0801c83d   Thumb Code    52  usb_mem.o(.text)
    PMAToUserBufferCopy                      0x0801c871   Thumb Code    34  usb_mem.o(.text)
    SetCNTR                                  0x0801c899   Thumb Code     6  usb_regs.o(.text)
    GetCNTR                                  0x0801c89f   Thumb Code     8  usb_regs.o(.text)
    SetISTR                                  0x0801c8a7   Thumb Code     8  usb_regs.o(.text)
    GetISTR                                  0x0801c8af   Thumb Code    10  usb_regs.o(.text)
    GetFNR                                   0x0801c8b9   Thumb Code    10  usb_regs.o(.text)
    SetDADDR                                 0x0801c8c3   Thumb Code     8  usb_regs.o(.text)
    GetDADDR                                 0x0801c8cb   Thumb Code    10  usb_regs.o(.text)
    SetBTABLE                                0x0801c8d5   Thumb Code    14  usb_regs.o(.text)
    GetBTABLE                                0x0801c8e3   Thumb Code    10  usb_regs.o(.text)
    SetENDPOINT                              0x0801c8ed   Thumb Code    12  usb_regs.o(.text)
    GetENDPOINT                              0x0801c8f9   Thumb Code    16  usb_regs.o(.text)
    SetEPType                                0x0801c909   Thumb Code    32  usb_regs.o(.text)
    GetEPType                                0x0801c929   Thumb Code    18  usb_regs.o(.text)
    SetEPTxStatus                            0x0801c93b   Thumb Code    60  usb_regs.o(.text)
    SetEPRxStatus                            0x0801c977   Thumb Code    60  usb_regs.o(.text)
    SetDouBleBuffEPStall                     0x0801c9b3   Thumb Code    54  usb_regs.o(.text)
    GetEPTxStatus                            0x0801c9e9   Thumb Code    18  usb_regs.o(.text)
    GetEPRxStatus                            0x0801c9fb   Thumb Code    18  usb_regs.o(.text)
    SetEPTxValid                             0x0801ca0d   Thumb Code    48  usb_regs.o(.text)
    SetEPRxValid                             0x0801ca3d   Thumb Code    48  usb_regs.o(.text)
    SetEP_KIND                               0x0801ca6d   Thumb Code    38  usb_regs.o(.text)
    ClearEP_KIND                             0x0801ca93   Thumb Code    34  usb_regs.o(.text)
    Clear_Status_Out                         0x0801cab5   Thumb Code    34  usb_regs.o(.text)
    Set_Status_Out                           0x0801cad7   Thumb Code    38  usb_regs.o(.text)
    SetEPDoubleBuff                          0x0801cafd   Thumb Code    38  usb_regs.o(.text)
    ClearEPDoubleBuff                        0x0801cb23   Thumb Code    34  usb_regs.o(.text)
    GetTxStallStatus                         0x0801cb45   Thumb Code    28  usb_regs.o(.text)
    GetRxStallStatus                         0x0801cb61   Thumb Code    30  usb_regs.o(.text)
    ClearEP_CTR_RX                           0x0801cb7f   Thumb Code    32  usb_regs.o(.text)
    ClearEP_CTR_TX                           0x0801cb9f   Thumb Code    28  usb_regs.o(.text)
    ToggleDTOG_RX                            0x0801cbbb   Thumb Code    34  usb_regs.o(.text)
    ToggleDTOG_TX                            0x0801cbdd   Thumb Code    34  usb_regs.o(.text)
    ClearDTOG_RX                             0x0801cbff   Thumb Code    48  usb_regs.o(.text)
    ClearDTOG_TX                             0x0801cc2f   Thumb Code    48  usb_regs.o(.text)
    SetEPAddress                             0x0801cc5f   Thumb Code    46  usb_regs.o(.text)
    GetEPAddress                             0x0801cc8d   Thumb Code    18  usb_regs.o(.text)
    SetEPTxAddr                              0x0801cc9f   Thumb Code    24  usb_regs.o(.text)
    SetEPRxAddr                              0x0801ccb7   Thumb Code    26  usb_regs.o(.text)
    GetEPTxAddr                              0x0801ccd1   Thumb Code    22  usb_regs.o(.text)
    GetEPRxAddr                              0x0801cce7   Thumb Code    24  usb_regs.o(.text)
    SetEPTxCount                             0x0801ccff   Thumb Code    20  usb_regs.o(.text)
    SetEPCountRxReg                          0x0801cd13   Thumb Code    48  usb_regs.o(.text)
    SetEPRxCount                             0x0801cd43   Thumb Code    68  usb_regs.o(.text)
    GetEPTxCount                             0x0801cd87   Thumb Code    26  usb_regs.o(.text)
    GetEPRxCount                             0x0801cda1   Thumb Code    26  usb_regs.o(.text)
    SetEPDblBuffAddr                         0x0801cdbb   Thumb Code    44  usb_regs.o(.text)
    SetEPDblBuf0Addr                         0x0801cde7   Thumb Code    24  usb_regs.o(.text)
    SetEPDblBuf1Addr                         0x0801cdff   Thumb Code    26  usb_regs.o(.text)
    GetEPDblBuf0Addr                         0x0801ce19   Thumb Code    22  usb_regs.o(.text)
    GetEPDblBuf1Addr                         0x0801ce2f   Thumb Code    24  usb_regs.o(.text)
    SetEPDblBuffCount                        0x0801ce47   Thumb Code   186  usb_regs.o(.text)
    SetEPDblBuf0Count                        0x0801cf01   Thumb Code    96  usb_regs.o(.text)
    SetEPDblBuf1Count                        0x0801cf61   Thumb Code    96  usb_regs.o(.text)
    GetEPDblBuf0Count                        0x0801cfc1   Thumb Code    26  usb_regs.o(.text)
    GetEPDblBuf1Count                        0x0801cfdb   Thumb Code    26  usb_regs.o(.text)
    GetEPDblBufDir                           0x0801cff5   Thumb Code    62  usb_regs.o(.text)
    FreeUserBuffer                           0x0801d033   Thumb Code    90  usb_regs.o(.text)
    ToWord                                   0x0801d08d   Thumb Code     8  usb_regs.o(.text)
    ByteSwap                                 0x0801d095   Thumb Code    12  usb_regs.o(.text)
    USB_SIL_Init                             0x0801d0a1   Thumb Code    28  usb_sil.o(.text)
    USB_SIL_Write                            0x0801d0bd   Thumb Code    46  usb_sil.o(.text)
    USB_SIL_Read                             0x0801d0eb   Thumb Code    46  usb_sil.o(.text)
    Set_USBClock                             0x0801d121   Thumb Code    18  hw_config.o(.text)
    GPIO_AINConfig                           0x0801d133   Thumb Code     2  hw_config.o(.text)
    Enter_LowPowerMode                       0x0801d135   Thumb Code     2  hw_config.o(.text)
    Leave_LowPowerMode                       0x0801d137   Thumb Code     2  hw_config.o(.text)
    USB_Interrupts_Config                    0x0801d139   Thumb Code    32  hw_config.o(.text)
    usb_GPIO_init                            0x0801d159   Thumb Code    30  hw_config.o(.text)
    USB_Cable_Config                         0x0801d177   Thumb Code    26  hw_config.o(.text)
    Get_SerialNum                            0x0801d1cf   Thumb Code    42  hw_config.o(.text)
    EP1_IN_Callback                          0x0801d205   Thumb Code     2  usb_endp.o(.text)
    EP1_OUT_Callback                         0x0801d207   Thumb Code    50  usb_endp.o(.text)
    EP2_IN_Callback                          0x0801d239   Thumb Code     2  usb_endp.o(.text)
    USB_Istr                                 0x0801d249   Thumb Code   222  usb_istr.o(.text)
    CustomHID_init                           0x0801d341   Thumb Code   178  usb_prop.o(.text)
    CustomHID_Reset                          0x0801d3f3   Thumb Code   182  usb_prop.o(.text)
    CustomHID_SetConfiguration               0x0801d4a9   Thumb Code    14  usb_prop.o(.text)
    CustomHID_SetDeviceAddress               0x0801d4b7   Thumb Code     8  usb_prop.o(.text)
    CustomHID_Status_In                      0x0801d4bf   Thumb Code     2  usb_prop.o(.text)
    CustomHID_Status_Out                     0x0801d4c1   Thumb Code     2  usb_prop.o(.text)
    CustomHID_GetProtocolValue               0x0801d4c3   Thumb Code    20  usb_prop.o(.text)
    CustomHID_GetHIDDescriptor               0x0801d4d7   Thumb Code    14  usb_prop.o(.text)
    CustomHID_GetReportDescriptor            0x0801d4e5   Thumb Code    14  usb_prop.o(.text)
    CustomHID_Data_Setup                     0x0801d4f3   Thumb Code   114  usb_prop.o(.text)
    CustomHID_SetProtocol                    0x0801d565   Thumb Code    14  usb_prop.o(.text)
    CustomHID_NoData_Setup                   0x0801d573   Thumb Code    32  usb_prop.o(.text)
    CustomHID_GetDeviceDescriptor            0x0801d593   Thumb Code    14  usb_prop.o(.text)
    CustomHID_GetConfigDescriptor            0x0801d5a1   Thumb Code    14  usb_prop.o(.text)
    CustomHID_GetStringDescriptor            0x0801d5af   Thumb Code    32  usb_prop.o(.text)
    CustomHID_Get_Interface_Setting          0x0801d5cf   Thumb Code    22  usb_prop.o(.text)
    PowerOn                                  0x0801d611   Thumb Code    54  usb_pwr.o(.text)
    PowerOff                                 0x0801d647   Thumb Code    28  usb_pwr.o(.text)
    Suspend                                  0x0801d663   Thumb Code    34  usb_pwr.o(.text)
    Resume_Init                              0x0801d685   Thumb Code    30  usb_pwr.o(.text)
    Resume                                   0x0801d6a3   Thumb Code   168  usb_pwr.o(.text)
    USB_hid_send                             0x0801d759   Thumb Code   108  usbhid.o(.text)
    HID_CMD_ANSWER                           0x0801d7c5   Thumb Code    76  usbhid.o(.text)
    HID_DATA_ANALYSE                         0x0801d811   Thumb Code    50  usbhid.o(.text)
    HID_CMD                                  0x0801d843   Thumb Code    72  usbhid.o(.text)
    vIWDG_Init                               0x0801d89d   Thumb Code    52  iwdg.o(.text)
    memcmp                                   0x0801d8d1   Thumb Code    88  memcmp.o(.text)
    strlen                                   0x0801d929   Thumb Code    62  strlen.o(.text)
    __aeabi_memcpy                           0x0801d967   Thumb Code     0  rt_memcpy_v6.o(.text)
    __rt_memcpy                              0x0801d967   Thumb Code   138  rt_memcpy_v6.o(.text)
    _memcpy_lastbytes                        0x0801d9cd   Thumb Code     0  rt_memcpy_v6.o(.text)
    __aeabi_memcpy4                          0x0801d9f1   Thumb Code     0  rt_memcpy_w.o(.text)
    __aeabi_memcpy8                          0x0801d9f1   Thumb Code     0  rt_memcpy_w.o(.text)
    __rt_memcpy_w                            0x0801d9f1   Thumb Code   100  rt_memcpy_w.o(.text)
    _memcpy_lastbytes_aligned                0x0801da39   Thumb Code     0  rt_memcpy_w.o(.text)
    __aeabi_memset                           0x0801da55   Thumb Code    16  aeabi_memset.o(.text)
    __aeabi_memclr                           0x0801da65   Thumb Code     0  rt_memclr.o(.text)
    __rt_memclr                              0x0801da65   Thumb Code    68  rt_memclr.o(.text)
    _memset                                  0x0801da69   Thumb Code     0  rt_memclr.o(.text)
    __aeabi_memclr4                          0x0801daa9   Thumb Code     0  rt_memclr_w.o(.text)
    __aeabi_memclr8                          0x0801daa9   Thumb Code     0  rt_memclr_w.o(.text)
    __rt_memclr_w                            0x0801daa9   Thumb Code    78  rt_memclr_w.o(.text)
    _memset_w                                0x0801daad   Thumb Code     0  rt_memclr_w.o(.text)
    __use_two_region_memory                  0x0801daf7   Thumb Code     2  heapauxi.o(.text)
    __rt_heap_escrow$2region                 0x0801daf9   Thumb Code     2  heapauxi.o(.text)
    __rt_heap_expand$2region                 0x0801dafb   Thumb Code     2  heapauxi.o(.text)
    __user_setup_stackheap                   0x0801dafd   Thumb Code    74  sys_stackheap_outer.o(.text)
    exit                                     0x0801db47   Thumb Code    12  exit.o(.text)
    __user_libspace                          0x0801db55   Thumb Code     8  libspace.o(.text)
    __user_perproc_libspace                  0x0801db55   Thumb Code     0  libspace.o(.text)
    __user_perthread_libspace                0x0801db55   Thumb Code     0  libspace.o(.text)
    _sys_exit                                0x0801db5d   Thumb Code     8  sys_exit.o(.text)
    __I$use$semihosting                      0x0801db69   Thumb Code     0  use_no_semi.o(.text)
    __use_no_semihosting_swi                 0x0801db69   Thumb Code     2  use_no_semi.o(.text)
    __semihosting_library_function           0x0801db6b   Thumb Code     0  indicate_semi.o(.text)
    auchCRCHi                                0x0801db7c   Data         256  roc_littletool.o(.constdata)
    auchCRCLo                                0x0801dc7c   Data         256  roc_littletool.o(.constdata)
    cucTuBiao                                0x0801dd7c   Data          24  roc_personalfont.o(.constdata)
    cucCell                                  0x0801dd94   Data         120  roc_personalfont.o(.constdata)
    cuc16X8ASCII                             0x0801de0c   Data        1536  roc_personalfont.o(.constdata)
    cuc24X24WordHYSY                         0x0801e40c   Data         288  roc_personalfont.o(.constdata)
    cuc24X24WordHYSYZFT                      0x0801e52c   Data         504  roc_personalfont.o(.constdata)
    cuc24X12QPOS                             0x0801e724   Data         144  roc_personalfont.o(.constdata)
    cuc16X16WordQCKHSK                       0x0801e7b4   Data         192  roc_personalfont.o(.constdata)
    cuc16X16WordQCKHHK                       0x0801e874   Data         192  roc_personalfont.o(.constdata)
    cuc16X16WordQCK                          0x0801e934   Data          96  roc_personalfont.o(.constdata)
    cuc16X16Money                            0x0801e994   Data          32  roc_personalfont.o(.constdata)
    cuc16X16WordQD                           0x0801e9b4   Data          64  roc_personalfont.o(.constdata)
    cuc16X16WordQQRNDKH                      0x0801e9f4   Data         224  roc_personalfont.o(.constdata)
    cuc16X16WordWMZJDJQR                     0x0801ead4   Data         256  roc_personalfont.o(.constdata)
    cuc16X16WordQSRMM                        0x0801ebd4   Data         160  roc_personalfont.o(.constdata)
    cucWordQuXiao                            0x0801ec74   Data          64  roc_personalfont.o(.constdata)
    cucWordQingChu                           0x0801ecb4   Data          64  roc_personalfont.o(.constdata)
    cucWordQueRen                            0x0801ecf4   Data          64  roc_personalfont.o(.constdata)
    cucWordYuE                               0x0801ed34   Data          64  roc_personalfont.o(.constdata)
    cucWordShangFan                          0x0801ed74   Data          64  roc_personalfont.o(.constdata)
    cucWordXiaFan                            0x0801edb4   Data          64  roc_personalfont.o(.constdata)
    Con_Reader_VarDo_List                    0x0801ee08   Data         177  app_pboc.o(.constdata)
    cucAIDCnt                                0x0801eeb9   Data           1  mid_pboc.o(.constdata)
    cucAIDBuf                                0x0801eeba   Data        1920  mid_pboc.o(.constdata)
    ASCIIchardot                             0x0801f63a   Data        1536  ascii.o(.constdata)
    ASCIIchardot12x6                         0x0801fc3a   Data        1152  ascii.o(.constdata)
    pHANZI                                   0x080200ba   Data        3200  ascii.o(.constdata)
    lianjielanya                             0x08020d3a   Data         224  ascii.o(.constdata)
    lanyatubiao                              0x08020e1a   Data          32  ascii.o(.constdata)
    jinqiantubiao                            0x08020e3a   Data          72  ascii.o(.constdata)
    TuBiao                                   0x08020e82   Data          24  ascii.o(.constdata)
    powertubiao                              0x08020e9a   Data         133  ascii.o(.constdata)
    qingshuaka                               0x08020f1f   Data         440  ascii.o(.constdata)
    chexiao                                  0x080210d7   Data          64  ascii.o(.constdata)
    MainUIBuf                                0x08021117   Data         378  ascii.o(.constdata)
    KaHaobuf                                 0x08021291   Data         208  ascii.o(.constdata)
    YuEbuf                                   0x08021361   Data         296  ascii.o(.constdata)
    qingdengDai24                            0x08021489   Data          96  ascii.o(.constdata)
    querenbuff                               0x080214e9   Data         504  ascii.o(.constdata)
    hanzibuf24                               0x080216e1   Data         504  ascii.o(.constdata)
    WuQueRen                                 0x080218d9   Data         648  ascii.o(.constdata)
    fanhuikehuduan                           0x08021b61   Data         256  ascii.o(.constdata)
    QposBuggg                                0x08021c61   Data         144  ascii.o(.constdata)
    shuzibuf                                 0x08021cf1   Data         312  ascii.o(.constdata)
    qingshurumiyma                           0x08021e29   Data         360  ascii.o(.constdata)
    KeyValue_tab                             0x08021f91   Data          15  key.o(.constdata)
    g_cucbCacheFlashBuf                      0x08021fa0   Data        4096  up_mpos_cmd.o(.constdata)
    table_week                               0x08022fec   Data          12  rtc.o(.constdata)
    mon_table                                0x08022ff8   Data          12  rtc.o(.constdata)
    CustomHID_DeviceDescriptor               0x08023004   Data          18  usb_desc.o(.constdata)
    CustomHID_ConfigDescriptor               0x08023016   Data          41  usb_desc.o(.constdata)
    CustomHID_ReportDescriptor               0x0802303f   Data          33  usb_desc.o(.constdata)
    CustomHID_StringLangID                   0x08023060   Data           4  usb_desc.o(.constdata)
    CustomHID_StringVendor                   0x08023064   Data          20  usb_desc.o(.constdata)
    CustomHID_StringProduct                  0x08023078   Data          24  usb_desc.o(.constdata)
    Region$$Table$$Base                      0x08023090   Number         0  anon$$obj.o(Region$$Table)
    Region$$Table$$Limit                     0x080230b0   Number         0  anon$$obj.o(Region$$Table)
    g_uiTime100ms_LCDOff_PowerOff            0x20000000   Data           4  vectortable.o(.data)
    g_uiTime100ms_LCDShow                    0x20000004   Data           4  vectortable.o(.data)
    g_uiTime100ms_Timeout                    0x20000008   Data           4  vectortable.o(.data)
    g_uiTime100ms_LCD_BackLightOff           0x2000000c   Data           4  vectortable.o(.data)
    g_LCDShowInfo                            0x20000010   Data           1  vectortable.o(.data)
    g_Tamper_Flag                            0x20000027   Data           1  tamper.o(.data)
    SystemCoreClock                          0x2000003c   Data           4  system_stm32f10x.o(.data)
    AHBPrescTable                            0x20000040   Data          16  system_stm32f10x.o(.data)
    MSR_fCardDataReady                       0x20000051   Data           1  mscard_pa1100.o(.data)
    MSR_ub100msTickDownCntTimeToReceiveBufferReadySignal 0x20000054   Data           4  mscard_pa1100.o(.data)
    MSR_ucTrack1Len                          0x20000058   Data           1  mscard_pa1100.o(.data)
    MSR_ucTrack2Len                          0x20000059   Data           1  mscard_pa1100.o(.data)
    MSR_ucTrack3Len                          0x2000005a   Data           1  mscard_pa1100.o(.data)
    MSR_ucCardNoLen                          0x2000005b   Data           1  mscard_pa1100.o(.data)
    MSR_ucGetTrackData                       0x2000005c   Data           1  mscard_pa1100.o(.data)
    g_eBluetoothRecvStatus                   0x20000060   Data           1  bluetooth_ivt.o(.data)
    g_uiBluetoothRcvLen                      0x20000064   Data           4  bluetooth_ivt.o(.data)
    g_BluetoothState                         0x20000068   Data           1  bluetooth_ivt.o(.data)
    g_BluetoothDateIN                        0x20000069   Data           1  bluetooth_ivt.o(.data)
    g_eZ8D256_RecvStatus                     0x2000006e   Data           1  z8d256.o(.data)
    crcValue                                 0x20000070   Data           2  sercrity.o(.data)
    keykey                                   0x20000072   Data          16  sercrity.o(.data)
    g_Flag_InsertCard                        0x20000084   Data           1  hal_7816.o(.data)
    G_CardStats                              0x20000086   Data           1  hal_7816.o(.data)
    sc_t1_seqReader                          0x20000087   Data           1  hal_7816.o(.data)
    sc_t1_seqCard                            0x20000088   Data           1  hal_7816.o(.data)
    sc_delay_time                            0x2000008c   Data           4  hal_7816.o(.data)
    sc_STIBWTR_bak                           0x20000090   Data           4  hal_7816.o(.data)
    sc_t1IFSC                                0x20000094   Data           4  hal_7816.o(.data)
    sc_t1_ifsc_reset                         0x20000098   Data           4  hal_7816.o(.data)
    test_flag                                0x2000009c   Data           4  hal_7816.o(.data)
    sc_tim_us                                0x200000a0   Data           4  hal_7816.o(.data)
    sc_tim_passed                            0x200000a4   Data           4  hal_7816.o(.data)
    sc_t1                                    0x200000a8   Data           4  hal_7816.o(.data)
    sc_one_etu                               0x200000ac   Data           4  hal_7816.o(.data)
    sc_bwt                                   0x200000b0   Data           4  hal_7816.o(.data)
    sc_cwt                                   0x200000b4   Data           4  hal_7816.o(.data)
    sc_bwt_s                                 0x200000b8   Data           4  hal_7816.o(.data)
    sc_di                                    0x200000bc   Data           4  hal_7816.o(.data)
    sc_fi                                    0x200000c0   Data           4  hal_7816.o(.data)
    sc_wi                                    0x200000c4   Data           4  hal_7816.o(.data)
    sc_egt                                   0x200000c8   Data           4  hal_7816.o(.data)
    sc_globaltimeflag                        0x200000cc   Data           4  hal_7816.o(.data)
    Reader_ConstantDo_List                   0x200000d0   Data         140  app_pboc.o(.data)
    Con_Card_Do_List                         0x2000015c   Data         480  app_pboc.o(.data)
    DO_TYPE_LIST                             0x2000033c   Data         295  mid_pboc.o(.data)
    G_B_GACResult                            0x20000464   Data           1  pboc_var.o(.data)
    uchTacDefault                            0x20000465   Data           5  pboc_var.o(.data)
    uchTacDenial                             0x2000046a   Data           5  pboc_var.o(.data)
    uchTacOnline                             0x2000046f   Data           5  pboc_var.o(.data)
    g_b_plain_pin                            0x20000474   Data           8  pboc_var.o(.data)
    ICC_Protocol                             0x2000047c   Data           1  pboc_var.o(.data)
    internal_state                           0x2000047d   Data           1  pboc_var.o(.data)
    g_response_len                           0x20000480   Data           4  pboc_var.o(.data)
    ThresholdforBiasedRandomSelection        0x20000484   Data           4  pboc_var.o(.data)
    PercentforRandomSelection                0x20000488   Data           1  pboc_var.o(.data)
    MaxPercentforBiasedRandomSelection       0x20000489   Data           1  pboc_var.o(.data)
    current_transaction_amount               0x2000048c   Data           4  pboc_var.o(.data)
    funckey_pressed                          0x20000490   Data           1  pboc_var.o(.data)
    current_item                             0x20000491   Data           1  pboc_var.o(.data)
    current_record                           0x20000492   Data           1  pboc_var.o(.data)
    puchAmount                               0x20000494   Data           4  pboc_var.o(.data)
    puchBinAmount                            0x20000498   Data           4  pboc_var.o(.data)
    puchAmountOther                          0x2000049c   Data           4  pboc_var.o(.data)
    puchCurrencyCode                         0x200004a0   Data           4  pboc_var.o(.data)
    puchIFDSerailNO                          0x200004a4   Data           4  pboc_var.o(.data)
    puchTermCapability                       0x200004a8   Data           4  pboc_var.o(.data)
    puchTermType                             0x200004ac   Data           4  pboc_var.o(.data)
    puchTermCountryCode                      0x200004b0   Data           4  pboc_var.o(.data)
    puchTermID                               0x200004b4   Data           4  pboc_var.o(.data)
    puchAcquirerID                           0x200004b8   Data           4  pboc_var.o(.data)
    puchMerchantID                           0x200004bc   Data           4  pboc_var.o(.data)
    puchMerchantCat                          0x200004c0   Data           4  pboc_var.o(.data)
    puchPOSEntryMode                         0x200004c4   Data           4  pboc_var.o(.data)
    puchTvr                                  0x200004c8   Data           4  pboc_var.o(.data)
    puchDate                                 0x200004cc   Data           4  pboc_var.o(.data)
    puchTranType                             0x200004d0   Data           4  pboc_var.o(.data)
    puchUnpreData                            0x200004d4   Data           4  pboc_var.o(.data)
    puchTime                                 0x200004d8   Data           4  pboc_var.o(.data)
    puchTsi                                  0x200004dc   Data           4  pboc_var.o(.data)
    puchCvmRes                               0x200004e0   Data           4  pboc_var.o(.data)
    puchArc                                  0x200004e4   Data           4  pboc_var.o(.data)
    puchVer                                  0x200004e8   Data           4  pboc_var.o(.data)
    puchIAD                                  0x200004ec   Data           4  pboc_var.o(.data)
    puchTSC                                  0x200004f0   Data           4  pboc_var.o(.data)
    puchTCHash                               0x200004f4   Data           4  pboc_var.o(.data)
    puchTerminalAID                          0x200004f8   Data           4  pboc_var.o(.data)
    puchTerminalFloorLimit                   0x200004fc   Data           4  pboc_var.o(.data)
    g_b_trans_state                          0x20000500   Data           1  pboc_var.o(.data)
    atr_ok                                   0x20000501   Data           1  pboc_var.o(.data)
    second_packet                            0x20000502   Data           1  pboc_var.o(.data)
    Nok_Reason                               0x20000503   Data           1  pboc_var.o(.data)
    Current_DF_Len                           0x20000504   Data           1  pboc_var.o(.data)
    Candidate_Number                         0x20000505   Data           1  pboc_var.o(.data)
    uchCid                                   0x20000506   Data           2  pboc_var.o(.data)
    uchAtc                                   0x20000508   Data           3  pboc_var.o(.data)
    uchAip                                   0x2000050b   Data           3  pboc_var.o(.data)
    uchAppVer                                0x2000050e   Data           3  pboc_var.o(.data)
    uchEffectiveDate                         0x20000511   Data           4  pboc_var.o(.data)
    uchExpirationDate                        0x20000515   Data           4  pboc_var.o(.data)
    uchPanNum                                0x20000519   Data           2  pboc_var.o(.data)
    uchAuc                                   0x2000051b   Data           3  pboc_var.o(.data)
    uchIacDefault                            0x2000051e   Data           6  pboc_var.o(.data)
    uchIacDenial                             0x20000524   Data           6  pboc_var.o(.data)
    uchIacOnline                             0x2000052a   Data           6  pboc_var.o(.data)
    uchCountryCode                           0x20000530   Data           3  pboc_var.o(.data)
    uchServiceCode                           0x20000533   Data           3  pboc_var.o(.data)
    uchAppCurrencyCode                       0x20000536   Data           3  pboc_var.o(.data)
    uchCAKeyIndex                            0x20000539   Data           2  pboc_var.o(.data)
    uchAppCurrencyEx                         0x2000053b   Data           2  pboc_var.o(.data)
    uchAPI                                   0x2000053d   Data           2  pboc_var.o(.data)
    uchAppRefCurEx                           0x2000053f   Data           5  pboc_var.o(.data)
    uchDAC                                   0x20000544   Data           3  pboc_var.o(.data)
    uchICCPINEncCAExp                        0x20000547   Data           4  pboc_var.o(.data)
    uchICCKeyExp                             0x2000054b   Data           4  pboc_var.o(.data)
    uchIssuerCodeTableIndex                  0x2000054f   Data           2  pboc_var.o(.data)
    uchIssuerCountryCode2                    0x20000551   Data           3  pboc_var.o(.data)
    uchIssuerCountryCode3                    0x20000554   Data           4  pboc_var.o(.data)
    uchIIN                                   0x20000558   Data           4  pboc_var.o(.data)
    uchIssuerKeyExp                          0x2000055c   Data           4  pboc_var.o(.data)
    uchLATC                                  0x20000560   Data           3  pboc_var.o(.data)
    uchLogEntry                              0x20000563   Data           3  pboc_var.o(.data)
    uchLCOL                                  0x20000566   Data           2  pboc_var.o(.data)
    uchPTC                                   0x20000568   Data           2  pboc_var.o(.data)
    uchSFI                                   0x2000056a   Data           2  pboc_var.o(.data)
    uchUCOL                                  0x2000056c   Data           2  pboc_var.o(.data)
    uchLogFileLen                            0x2000056e   Data           2  pboc_var.o(.data)
    uchLogRecordLen                          0x20000570   Data           2  pboc_var.o(.data)
    G_flag_BalanceOrLoad                     0x20000572   Data           1  pboc_var.o(.data)
    PowerValue                               0x20000583   Data           1  an_adc.o(.data)
    g_cucbDeviceInfo                         0x20000584   Data          79  up_mpos_cmd.o(.data)
    g_ucTimestamp                            0x200005d3   Data          20  up_mpos_cmd.o(.data)
    g_uiLenOfFile                            0x200005e8   Data           4  up_mpos_cmd.o(.data)
    g_PWRKeyFlag                             0x200005ec   Data           1  pwercheck.o(.data)
    g_sCalendar                              0x200005ee   Data           8  rtc.o(.data)
    StatusInfo                               0x200005f8   Data           2  usb_core.o(.data)
    Data_Mul_MaxPacketSize                   0x200005fa   Data           1  usb_core.o(.data)
    EPindex                                  0x200005fc   Data           1  usb_init.o(.data)
    pInformation                             0x20000600   Data           4  usb_init.o(.data)
    pProperty                                0x20000604   Data           4  usb_init.o(.data)
    SaveState                                0x20000608   Data           2  usb_init.o(.data)
    wInterrupt_Mask                          0x2000060a   Data           2  usb_init.o(.data)
    pUser_Standard_Requests                  0x2000060c   Data           4  usb_init.o(.data)
    SaveRState                               0x20000610   Data           2  usb_int.o(.data)
    SaveTState                               0x20000612   Data           2  usb_int.o(.data)
    CustomHID_StringSerial                   0x20000614   Data          26  usb_desc.o(.data)
    USB_Received_Flag                        0x2000062e   Data           1  usb_endp.o(.data)
    USB_Received_Len                         0x2000062f   Data           1  usb_endp.o(.data)
    wIstr                                    0x20000630   Data           2  usb_istr.o(.data)
    bIntPackSOF                              0x20000632   Data           1  usb_istr.o(.data)
    pEpInt_IN                                0x20000634   Data          28  usb_istr.o(.data)
    pEpInt_OUT                               0x20000650   Data          28  usb_istr.o(.data)
    ProtocolValue                            0x2000066c   Data           4  usb_prop.o(.data)
    Device_Table                             0x20000670   Data           2  usb_prop.o(.data)
    Device_Property                          0x20000674   Data          48  usb_prop.o(.data)
    User_Standard_Requests                   0x200006a4   Data          36  usb_prop.o(.data)
    Device_Descriptor                        0x200006c8   Data           8  usb_prop.o(.data)
    Config_Descriptor                        0x200006d0   Data           8  usb_prop.o(.data)
    CustomHID_Report_Descriptor              0x200006d8   Data           8  usb_prop.o(.data)
    CustomHID_Descriptor                     0x200006e0   Data           8  usb_prop.o(.data)
    String_Descriptor                        0x200006e8   Data          32  usb_prop.o(.data)
    bDeviceState                             0x20000708   Data           4  usb_pwr.o(.data)
    fSuspendEnabled                          0x2000070c   Data           1  usb_pwr.o(.data)
    ResumeS                                  0x2000070d   Data           2  usb_pwr.o(.data)
    MSR_ucTrack1Buf                          0x20000710   Data         141  mscard_pa1100.o(.bss)
    MSR_ucTrack2Buf                          0x2000079d   Data         141  mscard_pa1100.o(.bss)
    MSR_ucTrack3Buf                          0x2000082a   Data         141  mscard_pa1100.o(.bss)
    MSR_ucCardNo                             0x200008b7   Data          30  mscard_pa1100.o(.bss)
    g_sBluetoothMessage                      0x200008d8   Data          24  bluetooth_ivt.o(.bss)
    g_ucbBluetoothRcvBuf                     0x200008f0   Data        1200  bluetooth_ivt.o(.bss)
    g_ucbBluetoothSendBuf                    0x20000da0   Data        1200  bluetooth_ivt.o(.bss)
    psamapdu                                 0x20001250   Data         272  sercrity.o(.bss)
    optionStruct                             0x20001360   Data          24  sercrity.o(.bss)
    ucTempBuf                                0x20001378   Data        2048  irom.o(.bss)
    T_APDU                                   0x20001b78   Data         664  hal_7816.o(.bss)
    g_APDU                                   0x20001e10   Data         664  hal_7816.o(.bss)
    ddf_stack                                0x200020a8   Data         516  pboc_var.o(.bss)
    AID_List                                 0x200022ac   Data         630  pboc_var.o(.bss)
    Candidate_List                           0x20002522   Data         880  pboc_var.o(.bss)
    Reader_VarDo_List                        0x20002892   Data         177  pboc_var.o(.bss)
    Card_Do_List                             0x20002943   Data         480  pboc_var.o(.bss)
    CardNo                                   0x20002b23   Data          20  pboc_var.o(.bss)
    Current_DF_Name                          0x20002b37   Data          16  pboc_var.o(.bss)
    uchAc                                    0x20002b47   Data           9  pboc_var.o(.bss)
    uchIad                                   0x20002b50   Data          33  pboc_var.o(.bss)
    uchAid                                   0x20002b71   Data          17  pboc_var.o(.bss)
    uchMstrip2                               0x20002b82   Data          20  pboc_var.o(.bss)
    uchHolderName                            0x20002b96   Data          27  pboc_var.o(.bss)
    uchHolderNum                             0x20002bb1   Data          41  pboc_var.o(.bss)
    uchPan                                   0x20002bda   Data          11  pboc_var.o(.bss)
    uchCvm                                   0x20002be5   Data         254  pboc_var.o(.bss)
    uchCdol1                                 0x20002ce3   Data         254  pboc_var.o(.bss)
    uchCdol2                                 0x20002de1   Data         254  pboc_var.o(.bss)
    uchMstrip1                               0x20002edf   Data         100  pboc_var.o(.bss)
    uchAppDiscretionData                     0x20002f43   Data          33  pboc_var.o(.bss)
    uchAFL                                   0x20002f64   Data         254  pboc_var.o(.bss)
    uchADFName                               0x20003062   Data          17  pboc_var.o(.bss)
    uchAppLabel                              0x20003073   Data          17  pboc_var.o(.bss)
    uchAppRefCur                             0x20003084   Data           9  pboc_var.o(.bss)
    uchBIC                                   0x2000308d   Data          12  pboc_var.o(.bss)
    uchHolderNameExt                         0x20003099   Data          46  pboc_var.o(.bss)
    uchDDOL                                  0x200030c7   Data         254  pboc_var.o(.bss)
    uchDDFName                               0x200031c5   Data          17  pboc_var.o(.bss)
    uchFCI                                   0x200031d6   Data         224  pboc_var.o(.bss)
    uchICCDynamNum                           0x200032b6   Data           9  pboc_var.o(.bss)
    uchICCPINEncCACert                       0x200032bf   Data         256  pboc_var.o(.bss)
    uchICCPINEncCAReminder                   0x200033bf   Data          43  pboc_var.o(.bss)
    uchICCKeyCert                            0x200033ea   Data         255  pboc_var.o(.bss)
    uchICCKeyReminder                        0x200034e9   Data          43  pboc_var.o(.bss)
    uchIBAN                                  0x20003514   Data          35  pboc_var.o(.bss)
    uchIssuerKeyCert                         0x20003537   Data         255  pboc_var.o(.bss)
    uchIssuerKeyReminder                     0x20003636   Data          37  pboc_var.o(.bss)
    uchIssuerURL                             0x2000365b   Data         100  pboc_var.o(.bss)
    uchLangPref                              0x200036bf   Data           9  pboc_var.o(.bss)
    uchLogFormat                             0x200036c8   Data          30  pboc_var.o(.bss)
    uchSDAData                               0x200036e6   Data         256  pboc_var.o(.bss)
    uchSSAData                               0x200037e6   Data         256  pboc_var.o(.bss)
    uchSDATagList                            0x200038e6   Data         100  pboc_var.o(.bss)
    uchTrack2Data                            0x2000394a   Data         100  pboc_var.o(.bss)
    uchTDOL                                  0x200039ae   Data         254  pboc_var.o(.bss)
    uchAppPrefName                           0x20003aac   Data          17  pboc_var.o(.bss)
    uchPDOL                                  0x20003abd   Data         255  pboc_var.o(.bss)
    uchTag73                                 0x20003bbc   Data         254  pboc_var.o(.bss)
    VerString                                0x20003cba   Data          16  msd.o(.bss)
    g_sCacheData                             0x20003ccc   Data          12  up_mpos_cmd.o(.bss)
    g_sCardReaderInfo                        0x20003cd8   Data        1328  up_mpos_cmd.o(.bss)
    g_sKeyboardInfo                          0x20004208   Data          32  up_mpos_cmd.o(.bss)
    g_sLCDInfo                               0x20004228   Data          97  up_mpos_cmd.o(.bss)
    g_ucbCacheRAMBuf                         0x20004289   Data        1200  up_mpos_cmd.o(.bss)
    Device_Info                              0x2000473c   Data          28  usb_init.o(.bss)
    USB_Receive_Buffer                       0x20004758   Data         128  usb_endp.o(.bss)
    USB_Send_Buffer                          0x200047d8   Data          64  usb_endp.o(.bss)
    __libspace_start                         0x20004818   Data          96  libspace.o(.bss)
    __temporary_stack_top$libspace           0x20004878   Data           0  libspace.o(.bss)



==============================================================================

Memory Map of the image

  Image Entry point : 0x08006131

  Load Region LR_IROM1 (Base: 0x08006000, Size: 0x0001d7c0, Max: 0x0003a000, ABSOLUTE, COMPRESSED[0x0001d438])

    Execution Region ER_IROM1 (Base: 0x08006000, Size: 0x0001d0b0, Max: 0x0003a000, ABSOLUTE)

    Base Addr    Size         Type   Attr      Idx    E Section Name        Object

    0x08006000   0x00000130   Data   RO          835    RESET               startup_stm32f10x_hd.o
    0x08006130   0x00000008   Code   RO         1952  * !!!main             c_w.l(__main.o)
    0x08006138   0x00000034   Code   RO         2108    !!!scatter          c_w.l(__scatter.o)
    0x0800616c   0x0000005a   Code   RO         2106    !!dczerorl2         c_w.l(__dczerorl2.o)
    0x080061c6   0x00000002   PAD
    0x080061c8   0x0000001c   Code   RO         2110    !!handler_zi        c_w.l(__scatter_zi.o)
    0x080061e4   0x00000002   Code   RO         1979    .ARM.Collect$$libinit$$00000000  c_w.l(libinit.o)
    0x080061e6   0x00000000   Code   RO         1986    .ARM.Collect$$libinit$$00000002  c_w.l(libinit2.o)
    0x080061e6   0x00000000   Code   RO         1989    .ARM.Collect$$libinit$$00000008  c_w.l(libinit2.o)
    0x080061e6   0x00000000   Code   RO         1991    .ARM.Collect$$libinit$$0000000A  c_w.l(libinit2.o)
    0x080061e6   0x00000000   Code   RO         1993    .ARM.Collect$$libinit$$0000000C  c_w.l(libinit2.o)
    0x080061e6   0x00000000   Code   RO         1996    .ARM.Collect$$libinit$$0000000F  c_w.l(libinit2.o)
    0x080061e6   0x00000000   Code   RO         1998    .ARM.Collect$$libinit$$00000011  c_w.l(libinit2.o)
    0x080061e6   0x00000000   Code   RO         2000    .ARM.Collect$$libinit$$00000013  c_w.l(libinit2.o)
    0x080061e6   0x00000000   Code   RO         2002    .ARM.Collect$$libinit$$00000015  c_w.l(libinit2.o)
    0x080061e6   0x00000000   Code   RO         2004    .ARM.Collect$$libinit$$00000017  c_w.l(libinit2.o)
    0x080061e6   0x00000000   Code   RO         2006    .ARM.Collect$$libinit$$00000019  c_w.l(libinit2.o)
    0x080061e6   0x00000000   Code   RO         2008    .ARM.Collect$$libinit$$0000001B  c_w.l(libinit2.o)
    0x080061e6   0x00000000   Code   RO         2010    .ARM.Collect$$libinit$$0000001D  c_w.l(libinit2.o)
    0x080061e6   0x00000000   Code   RO         2012    .ARM.Collect$$libinit$$0000001F  c_w.l(libinit2.o)
    0x080061e6   0x00000000   Code   RO         2014    .ARM.Collect$$libinit$$00000021  c_w.l(libinit2.o)
    0x080061e6   0x00000000   Code   RO         2016    .ARM.Collect$$libinit$$00000023  c_w.l(libinit2.o)
    0x080061e6   0x00000000   Code   RO         2020    .ARM.Collect$$libinit$$0000002A  c_w.l(libinit2.o)
    0x080061e6   0x00000000   Code   RO         2022    .ARM.Collect$$libinit$$0000002C  c_w.l(libinit2.o)
    0x080061e6   0x00000000   Code   RO         2024    .ARM.Collect$$libinit$$0000002E  c_w.l(libinit2.o)
    0x080061e6   0x00000000   Code   RO         2026    .ARM.Collect$$libinit$$00000030  c_w.l(libinit2.o)
    0x080061e6   0x00000002   Code   RO         2027    .ARM.Collect$$libinit$$00000031  c_w.l(libinit2.o)
    0x080061e8   0x00000002   Code   RO         2047    .ARM.Collect$$libshutdown$$00000000  c_w.l(libshutdown.o)
    0x080061ea   0x00000000   Code   RO         2061    .ARM.Collect$$libshutdown$$00000003  c_w.l(libshutdown2.o)
    0x080061ea   0x00000000   Code   RO         2064    .ARM.Collect$$libshutdown$$00000006  c_w.l(libshutdown2.o)
    0x080061ea   0x00000000   Code   RO         2067    .ARM.Collect$$libshutdown$$00000009  c_w.l(libshutdown2.o)
    0x080061ea   0x00000000   Code   RO         2069    .ARM.Collect$$libshutdown$$0000000B  c_w.l(libshutdown2.o)
    0x080061ea   0x00000000   Code   RO         2072    .ARM.Collect$$libshutdown$$0000000E  c_w.l(libshutdown2.o)
    0x080061ea   0x00000002   Code   RO         2073    .ARM.Collect$$libshutdown$$0000000F  c_w.l(libshutdown2.o)
    0x080061ec   0x00000000   Code   RO         1954    .ARM.Collect$$rtentry$$00000000  c_w.l(rtentry.o)
    0x080061ec   0x00000000   Code   RO         1956    .ARM.Collect$$rtentry$$00000002  c_w.l(rtentry2.o)
    0x080061ec   0x00000006   Code   RO         1968    .ARM.Collect$$rtentry$$00000004  c_w.l(rtentry4.o)
    0x080061f2   0x00000000   Code   RO         1958    .ARM.Collect$$rtentry$$00000009  c_w.l(rtentry2.o)
    0x080061f2   0x00000004   Code   RO         1959    .ARM.Collect$$rtentry$$0000000A  c_w.l(rtentry2.o)
    0x080061f6   0x00000000   Code   RO         1961    .ARM.Collect$$rtentry$$0000000C  c_w.l(rtentry2.o)
    0x080061f6   0x00000008   Code   RO         1962    .ARM.Collect$$rtentry$$0000000D  c_w.l(rtentry2.o)
    0x080061fe   0x00000002   Code   RO         1983    .ARM.Collect$$rtexit$$00000000  c_w.l(rtexit.o)
    0x08006200   0x00000000   Code   RO         2029    .ARM.Collect$$rtexit$$00000002  c_w.l(rtexit2.o)
    0x08006200   0x00000004   Code   RO         2030    .ARM.Collect$$rtexit$$00000003  c_w.l(rtexit2.o)
    0x08006204   0x00000006   Code   RO         2031    .ARM.Collect$$rtexit$$00000004  c_w.l(rtexit2.o)
    0x0800620a   0x00000002   PAD
    0x0800620c   0x00000194   Code   RO            3    .text               main.o
    0x080063a0   0x0000019c   Code   RO          211    .text               stm32f10x_it.o
    0x0800653c   0x0000109c   Code   RO          254    .text               vectortable.o
    0x080075d8   0x000000e4   Code   RO          337    .text               misc.o
    0x080076bc   0x0000044e   Code   RO          357    .text               stm32f10x_adc.o
    0x08007b0a   0x00000002   PAD
    0x08007b0c   0x000000c4   Code   RO          377    .text               stm32f10x_bkp.o
    0x08007bd0   0x0000011c   Code   RO          517    .text               stm32f10x_exti.o
    0x08007cec   0x000005bc   Code   RO          537    .text               stm32f10x_flash.o
    0x080082a8   0x0000035c   Code   RO          577    .text               stm32f10x_gpio.o
    0x08008604   0x00000040   Code   RO          617    .text               stm32f10x_iwdg.o
    0x08008644   0x000000cc   Code   RO          637    .text               stm32f10x_pwr.o
    0x08008710   0x000003a4   Code   RO          657    .text               stm32f10x_rcc.o
    0x08008ab4   0x00000164   Code   RO          679    .text               stm32f10x_rtc.o
    0x08008c18   0x0000030c   Code   RO          719    .text               stm32f10x_spi.o
    0x08008f24   0x00000e1a   Code   RO          739    .text               stm32f10x_tim.o
    0x08009d3e   0x00000002   PAD
    0x08009d40   0x00000408   Code   RO          759    .text               stm32f10x_usart.o
    0x0800a148   0x000001e4   Code   RO          809    .text               system_stm32f10x.o
    0x0800a32c   0x00000040   Code   RO          836    .text               startup_stm32f10x_hd.o
    0x0800a36c   0x00000ae8   Code   RO          842    .text               mscard_pa1100.o
    0x0800ae54   0x00000620   Code   RO          869    .text               bluetooth_ivt.o
    0x0800b474   0x000000b0   Code   RO          896    .text               systick_delay.o
    0x0800b524   0x00000080   Code   RO          921    .text               buzzer.o
    0x0800b5a4   0x00000a96   Code   RO          945    .text               roc_littletool.o
    0x0800c03a   0x00000002   PAD
    0x0800c03c   0x000009ac   Code   RO          965    .text               roc_personalfont.o
    0x0800c9e8   0x0000011c   Code   RO         1000    .text               z8d256.o
    0x0800cb04   0x000011cc   Code   RO         1027    .text               sercrity.o
    0x0800dcd0   0x00000128   Code   RO         1058    .text               irom.o
    0x0800ddf8   0x0000136c   Code   RO         1084    .text               hal_7816.o
    0x0800f164   0x00000fc0   Code   RO         1176    .text               app_pboc.o
    0x08010124   0x00007850   Code   RO         1227    .text               mid_pboc.o
    0x08017974   0x000000d8   Code   RO         1256    .text               pboc_var.o
    0x08017a4c   0x00000710   Code   RO         1279    .text               display.o
    0x0801815c   0x0000033c   Code   RO         1307    .text               fontfonction.o
    0x08018498   0x00000810   Code   RO         1334    .text               msd.o
    0x08018ca8   0x000003e0   Code   RO         1372    .text               key.o
    0x08019088   0x000001c8   Code   RO         1402    .text               an_adc.o
    0x08019250   0x0000223c   Code   RO         1428    .text               up_mpos_cmd.o
    0x0801b48c   0x0000014c   Code   RO         1462    .text               pwercheck.o
    0x0801b5d8   0x0000039c   Code   RO         1488    .text               rtc.o
    0x0801b974   0x00000b50   Code   RO         1515    .text               usb_core.o
    0x0801c4c4   0x0000003c   Code   RO         1571    .text               usb_init.o
    0x0801c500   0x0000033c   Code   RO         1602    .text               usb_int.o
    0x0801c83c   0x0000005c   Code   RO         1634    .text               usb_mem.o
    0x0801c898   0x00000808   Code   RO         1654    .text               usb_regs.o
    0x0801d0a0   0x00000080   Code   RO         1674    .text               usb_sil.o
    0x0801d120   0x000000e4   Code   RO         1694    .text               hw_config.o
    0x0801d204   0x00000044   Code   RO         1749    .text               usb_endp.o
    0x0801d248   0x000000f8   Code   RO         1776    .text               usb_istr.o
    0x0801d340   0x000002d0   Code   RO         1805    .text               usb_prop.o
    0x0801d610   0x00000148   Code   RO         1836    .text               usb_pwr.o
    0x0801d758   0x00000144   Code   RO         1862    .text               usbhid.o
    0x0801d89c   0x00000034   Code   RO         1886    .text               iwdg.o
    0x0801d8d0   0x00000058   Code   RO         1936    .text               c_w.l(memcmp.o)
    0x0801d928   0x0000003e   Code   RO         1938    .text               c_w.l(strlen.o)
    0x0801d966   0x0000008a   Code   RO         1940    .text               c_w.l(rt_memcpy_v6.o)
    0x0801d9f0   0x00000064   Code   RO         1942    .text               c_w.l(rt_memcpy_w.o)
    0x0801da54   0x00000010   Code   RO         1944    .text               c_w.l(aeabi_memset.o)
    0x0801da64   0x00000044   Code   RO         1946    .text               c_w.l(rt_memclr.o)
    0x0801daa8   0x0000004e   Code   RO         1948    .text               c_w.l(rt_memclr_w.o)
    0x0801daf6   0x00000006   Code   RO         1950    .text               c_w.l(heapauxi.o)
    0x0801dafc   0x0000004a   Code   RO         1970    .text               c_w.l(sys_stackheap_outer.o)
    0x0801db46   0x0000000c   Code   RO         1972    .text               c_w.l(exit.o)
    0x0801db52   0x00000002   PAD
    0x0801db54   0x00000008   Code   RO         1980    .text               c_w.l(libspace.o)
    0x0801db5c   0x0000000c   Code   RO         2039    .text               c_w.l(sys_exit.o)
    0x0801db68   0x00000002   Code   RO         2050    .text               c_w.l(use_no_semi.o)
    0x0801db6a   0x00000000   Code   RO         2052    .text               c_w.l(indicate_semi.o)
    0x0801db6a   0x00000002   PAD
    0x0801db6c   0x00000010   Data   RO          255    .constdata          vectortable.o
    0x0801db7c   0x00000200   Data   RO          946    .constdata          roc_littletool.o
    0x0801dd7c   0x0000108c   Data   RO          966    .constdata          roc_personalfont.o
    0x0801ee08   0x000000b1   Data   RO         1177    .constdata          app_pboc.o
    0x0801eeb9   0x00000781   Data   RO         1228    .constdata          mid_pboc.o
    0x0801f63a   0x00002957   Data   RO         1357    .constdata          ascii.o
    0x08021f91   0x0000000f   Data   RO         1373    .constdata          key.o
    0x08021fa0   0x0000104c   Data   RO         1430    .constdata          up_mpos_cmd.o
    0x08022fec   0x00000018   Data   RO         1489    .constdata          rtc.o
    0x08023004   0x0000008c   Data   RO         1728    .constdata          usb_desc.o
    0x08023090   0x00000020   Data   RO         2104    Region$$Table       anon$$obj.o


    Execution Region RW_IRAM1 (Base: 0x20000000, Size: 0x00006878, Max: 0x0000c000, ABSOLUTE, COMPRESSED[0x00000388])

    Base Addr    Size         Type   Attr      Idx    E Section Name        Object

    0x20000000   0x00000027   Data   RW          256    .data               vectortable.o
    0x20000027   0x00000001   Data   RW          312    .data               tamper.o
    0x20000028   0x00000014   Data   RW          658    .data               stm32f10x_rcc.o
    0x2000003c   0x00000014   Data   RW          810    .data               system_stm32f10x.o
    0x20000050   0x0000000d   Data   RW          844    .data               mscard_pa1100.o
    0x2000005d   0x00000003   PAD
    0x20000060   0x0000000a   Data   RW          871    .data               bluetooth_ivt.o
    0x2000006a   0x00000004   Data   RW          897    .data               systick_delay.o
    0x2000006e   0x00000001   Data   RW         1002    .data               z8d256.o
    0x2000006f   0x00000001   PAD
    0x20000070   0x00000012   Data   RW         1029    .data               sercrity.o
    0x20000082   0x00000002   PAD
    0x20000084   0x0000004c   Data   RW         1086    .data               hal_7816.o
    0x200000d0   0x0000026c   Data   RW         1178    .data               app_pboc.o
    0x2000033c   0x00000127   Data   RW         1229    .data               mid_pboc.o
    0x20000463   0x00000001   PAD
    0x20000464   0x0000010f   Data   RW         1259    .data               pboc_var.o
    0x20000573   0x00000010   Data   RW         1336    .data               msd.o
    0x20000583   0x00000001   Data   RW         1403    .data               an_adc.o
    0x20000584   0x00000068   Data   RW         1431    .data               up_mpos_cmd.o
    0x200005ec   0x00000001   Data   RW         1463    .data               pwercheck.o
    0x200005ed   0x00000001   PAD
    0x200005ee   0x0000000a   Data   RW         1490    .data               rtc.o
    0x200005f8   0x00000003   Data   RW         1516    .data               usb_core.o
    0x200005fb   0x00000001   PAD
    0x200005fc   0x00000014   Data   RW         1573    .data               usb_init.o
    0x20000610   0x00000004   Data   RW         1603    .data               usb_int.o
    0x20000614   0x0000001a   Data   RW         1729    .data               usb_desc.o
    0x2000062e   0x00000002   Data   RW         1751    .data               usb_endp.o
    0x20000630   0x0000003c   Data   RW         1777    .data               usb_istr.o
    0x2000066c   0x0000009c   Data   RW         1806    .data               usb_prop.o
    0x20000708   0x00000007   Data   RW         1837    .data               usb_pwr.o
    0x2000070f   0x00000001   PAD
    0x20000710   0x000001c5   Zero   RW          843    .bss                mscard_pa1100.o
    0x200008d5   0x00000003   PAD
    0x200008d8   0x00000978   Zero   RW          870    .bss                bluetooth_ivt.o
    0x20001250   0x00000128   Zero   RW         1028    .bss                sercrity.o
    0x20001378   0x00000800   Zero   RW         1059    .bss                irom.o
    0x20001b78   0x00000530   Zero   RW         1085    .bss                hal_7816.o
    0x200020a8   0x00001c12   Zero   RW         1257    .bss                pboc_var.o
    0x20003cba   0x00000010   Zero   RW         1335    .bss                msd.o
    0x20003cca   0x00000002   PAD
    0x20003ccc   0x00000a6d   Zero   RW         1429    .bss                up_mpos_cmd.o
    0x20004739   0x00000003   PAD
    0x2000473c   0x0000001c   Zero   RW         1572    .bss                usb_init.o
    0x20004758   0x000000c0   Zero   RW         1750    .bss                usb_endp.o
    0x20004818   0x00000060   Zero   RW         1981    .bss                c_w.l(libspace.o)
    0x20004878   0x00001000   Zero   RW          834    HEAP                startup_stm32f10x_hd.o
    0x20005878   0x00001000   Zero   RW          833    STACK               startup_stm32f10x_hd.o


==============================================================================

Image component sizes


      Code (inc. data)   RO Data    RW Data    ZI Data      Debug   Object Name

       456         12          0          1          0       1856   an_adc.o
      4032        754        177        620          0       6015   app_pboc.o
         0          0      10583          0          0       1480   ascii.o
      1568         40          0         10       2424       8749   bluetooth_ivt.o
       128          8          0          0          0        834   buzzer.o
      1808         30          0          0          0       7784   display.o
       828         24          0          0          0       3155   fontfonction.o
      4972        170          0         76       1328      32813   hal_7816.o
       228         12          0          0          0       2243   hw_config.o
       296         10          0          0       2048       2341   irom.o
        52          0          0          0          0        421   iwdg.o
       992         62         15          0          0       3795   key.o
       404         30          0          0          0     305309   main.o
     30800       1176       1921        295          0      38406   mid_pboc.o
       228         20          0          0          0       1966   misc.o
      2792         98          0         13        453       8743   mscard_pa1100.o
      2064         38          0         16         16       8722   msd.o
       216         78          0        271       7186       9199   pboc_var.o
       332         10          0          1          0       2473   pwercheck.o
      2710          8        512          0          0      11522   roc_littletool.o
      2476        512       4236          0          0       7237   roc_personalfont.o
       924         40         24         10          0       3691   rtc.o
      4556         46          0         18        296      17568   sercrity.o
        64         26        304          0       8192        852   startup_stm32f10x_hd.o
      1102         26          0          0          0      10829   stm32f10x_adc.o
       196          8          0          0          0       3456   stm32f10x_bkp.o
       284         10          0          0          0       2227   stm32f10x_exti.o
      1468         34          0          0          0       8022   stm32f10x_flash.o
       860         38          0          0          0       5637   stm32f10x_gpio.o
       412         58          0          0          0       2521   stm32f10x_it.o
        64          6          0          0          0       1257   stm32f10x_iwdg.o
       204         14          0          0          0       1911   stm32f10x_pwr.o
       932         36          0         20          0       8788   stm32f10x_rcc.o
       356          4          0          0          0       2742   stm32f10x_rtc.o
       780         14          0          0          0       6522   stm32f10x_spi.o
      3610         88          0          0          0      22124   stm32f10x_tim.o
      1032         22          0          0          0       8364   stm32f10x_usart.o
       484         38          0         20          0       1739   system_stm32f10x.o
       176          8          0          4          0        975   systick_delay.o
         0          0          0          1          0        220   tamper.o
      8764        400       4172        104       2669      25917   up_mpos_cmd.o
      2896        114          0          3          0      19863   usb_core.o
         0          0        140         26          0       1008   usb_desc.o
        68         14          0          2        192       1515   usb_endp.o
        60         24          0         20         28       4026   usb_init.o
       828         34          0          4          0       1859   usb_int.o
       248         26          0         60          0       1240   usb_istr.o
        92          6          0          0          0       1358   usb_mem.o
       720         44          0        156          0       7547   usb_prop.o
       328         22          0          7          0       2497   usb_pwr.o
      2056         20          0          0          0      11677   usb_regs.o
       128          8          0          0          0       1386   usb_sil.o
       324         18          0          0          0       1351   usbhid.o
      4252        542         16         39          0     243926   vectortable.o
       284          8          0          1          0       2838   z8d256.o

    ----------------------------------------------------------------------
     95940       4888      22132       1808      24840     902516   Object Totals
         0          0         32          0          0          0   (incl. Generated)
         6          0          0         10          8          0   (incl. Padding)

    ----------------------------------------------------------------------

      Code (inc. data)   RO Data    RW Data    ZI Data      Debug   Library Member Name

        90          0          0          0          0          0   __dczerorl2.o
         8          0          0          0          0         68   __main.o
        52          8          0          0          0          0   __scatter.o
        28          0          0          0          0          0   __scatter_zi.o
        16          0          0          0          0         68   aeabi_memset.o
        12          0          0          0          0         72   exit.o
         6          0          0          0          0        152   heapauxi.o
         0          0          0          0          0          0   indicate_semi.o
         2          0          0          0          0          0   libinit.o
         2          0          0          0          0          0   libinit2.o
         2          0          0          0          0          0   libshutdown.o
         2          0          0          0          0          0   libshutdown2.o
         8          4          0          0         96         68   libspace.o
        88          0          0          0          0         76   memcmp.o
        68          0          0          0          0         68   rt_memclr.o
        78          0          0          0          0         80   rt_memclr_w.o
       138          0          0          0          0         68   rt_memcpy_v6.o
       100          0          0          0          0         80   rt_memcpy_w.o
         0          0          0          0          0          0   rtentry.o
        12          0          0          0          0          0   rtentry2.o
         6          0          0          0          0          0   rtentry4.o
         2          0          0          0          0          0   rtexit.o
        10          0          0          0          0          0   rtexit2.o
        62          0          0          0          0         76   strlen.o
        12          4          0          0          0         68   sys_exit.o
        74          0          0          0          0         80   sys_stackheap_outer.o
         2          0          0          0          0         68   use_no_semi.o

    ----------------------------------------------------------------------
       888         16          0          0         96       1092   Library Totals
         8          0          0          0          0          0   (incl. Padding)

    ----------------------------------------------------------------------

      Code (inc. data)   RO Data    RW Data    ZI Data      Debug   Library Name

       880         16          0          0         96       1092   c_w.l

    ----------------------------------------------------------------------
       888         16          0          0         96       1092   Library Totals

    ----------------------------------------------------------------------

==============================================================================


      Code (inc. data)   RO Data    RW Data    ZI Data      Debug   

     96828       4904      22132       1808      24936     897832   Grand Totals
     96828       4904      22132        904      24936     897832   ELF Image Totals (compressed)
     96828       4904      22132        904          0          0   ROM Totals

==============================================================================

    Total RO  Size (Code + RO Data)               118960 ( 116.17kB)
    Total RW  Size (RW Data + ZI Data)             26744 (  26.12kB)
    Total ROM Size (Code + RO Data + RW Data)     119864 ( 117.05kB)

==============================================================================

