Product: MDK-ARM Professional 5.10
Component: ARM Compiler 5.04 update 1 (build 49)
Tool: armlink [5040049]

==============================================================================

Section Cross References

    main.o(.text) refers to hardware.o(.text) for vHardwareInit
    stm32f10x_it.o(.text) refers to usb_istr.o(.text) for USB_Istr
    hardware.o(.text) refers to stm32f10x_rcc.o(.text) for RCC_DeInit
    hardware.o(.text) refers to stm32f10x_flash.o(.text) for FLASH_PrefetchBufferCmd
    hardware.o(.text) refers to misc.o(.text) for NVIC_SetVectorTable
    hardware.o(.text) refers to systick_delay.o(.text) for Delay_Init
    hardware.o(.text) refers to stm32f10x_gpio.o(.text) for GPIO_PinRemapConfig
    hardware.o(.text) refers to hw_config.o(.text) for Set_USBClock
    hardware.o(.text) refers to usb_init.o(.text) for USB_Init
    stm32f10x_adc.o(.text) refers to stm32f10x_rcc.o(.text) for RCC_APB2PeriphResetCmd
    stm32f10x_bkp.o(.text) refers to stm32f10x_rcc.o(.text) for RCC_BackupResetCmd
    stm32f10x_can.o(.text) refers to stm32f10x_rcc.o(.text) for RCC_APB1PeriphResetCmd
    stm32f10x_cec.o(.text) refers to stm32f10x_rcc.o(.text) for RCC_APB1PeriphResetCmd
    stm32f10x_dac.o(.text) refers to stm32f10x_rcc.o(.text) for RCC_APB1PeriphResetCmd
    stm32f10x_gpio.o(.text) refers to stm32f10x_rcc.o(.text) for RCC_APB2PeriphResetCmd
    stm32f10x_i2c.o(.text) refers to stm32f10x_rcc.o(.text) for RCC_APB1PeriphResetCmd
    stm32f10x_pwr.o(.text) refers to stm32f10x_rcc.o(.text) for RCC_APB1PeriphResetCmd
    stm32f10x_rcc.o(.text) refers to stm32f10x_rcc.o(.data) for APBAHBPrescTable
    stm32f10x_spi.o(.text) refers to stm32f10x_rcc.o(.text) for RCC_APB2PeriphResetCmd
    stm32f10x_tim.o(.text) refers to stm32f10x_rcc.o(.text) for RCC_APB2PeriphResetCmd
    stm32f10x_usart.o(.text) refers to stm32f10x_rcc.o(.text) for RCC_APB2PeriphResetCmd
    stm32f10x_wwdg.o(.text) refers to stm32f10x_rcc.o(.text) for RCC_APB1PeriphResetCmd
    system_stm32f10x.o(.text) refers to stm32f10x_flash.o(.text) for FLASH_Unlock
    system_stm32f10x.o(.text) refers to system_stm32f10x.o(.data) for SystemCoreClock
    startup_stm32f10x_hd.o(STACK) refers (Special) to heapauxi.o(.text) for __use_two_region_memory
    startup_stm32f10x_hd.o(HEAP) refers (Special) to heapauxi.o(.text) for __use_two_region_memory
    startup_stm32f10x_hd.o(RESET) refers (Special) to heapauxi.o(.text) for __use_two_region_memory
    startup_stm32f10x_hd.o(RESET) refers to startup_stm32f10x_hd.o(STACK) for __initial_sp
    startup_stm32f10x_hd.o(RESET) refers to startup_stm32f10x_hd.o(.text) for Reset_Handler
    startup_stm32f10x_hd.o(RESET) refers to stm32f10x_it.o(.text) for NMI_Handler
    startup_stm32f10x_hd.o(.text) refers (Special) to heapauxi.o(.text) for __use_two_region_memory
    startup_stm32f10x_hd.o(.text) refers to system_stm32f10x.o(.text) for SystemInit
    startup_stm32f10x_hd.o(.text) refers to __main.o(!!!main) for __main
    startup_stm32f10x_hd.o(.text) refers to startup_stm32f10x_hd.o(HEAP) for Heap_Mem
    startup_stm32f10x_hd.o(.text) refers to startup_stm32f10x_hd.o(STACK) for Stack_Mem
    systick_delay.o(.text) refers to systick_delay.o(.data) for fac_us
    irom.o(.text) refers to stm32f10x_flash.o(.text) for FLASH_ProgramWord
    irom.o(.text) refers to rt_memcpy_v6.o(.text) for __aeabi_memcpy
    irom.o(.text) refers to irom.o(.bss) for ucTempBuf
    usb_core.o(.text) refers to usb_regs.o(.text) for ClearDTOG_TX
    usb_core.o(.text) refers to usb_init.o(.data) for pInformation
    usb_core.o(.text) refers to usb_prop.o(.data) for Device_Table
    usb_core.o(.text) refers to usb_core.o(.data) for StatusInfo
    usb_core.o(.text) refers to usb_mem.o(.text) for PMAToUserBufferCopy
    usb_core.o(.text) refers to usb_int.o(.data) for SaveRState
    usb_init.o(.text) refers to usb_init.o(.bss) for Device_Info
    usb_init.o(.text) refers to usb_init.o(.data) for pInformation
    usb_init.o(.text) refers to usb_prop.o(.data) for Device_Property
    usb_int.o(.text) refers to usb_core.o(.text) for In0_Process
    usb_int.o(.text) refers to usb_istr.o(.data) for wIstr
    usb_int.o(.text) refers to usb_init.o(.data) for EPindex
    usb_int.o(.text) refers to usb_int.o(.data) for SaveRState
    usb_sil.o(.text) refers to usb_regs.o(.text) for GetEPTxAddr
    usb_sil.o(.text) refers to usb_mem.o(.text) for UserToPMABufferCopy
    usb_sil.o(.text) refers to usb_init.o(.data) for wInterrupt_Mask
    hw_config.o(.text) refers to stm32f10x_rcc.o(.text) for RCC_USBCLKConfig
    hw_config.o(.text) refers to misc.o(.text) for NVIC_Init
    hw_config.o(.text) refers to stm32f10x_gpio.o(.text) for GPIO_Init
    hw_config.o(.text) refers to usb_desc.o(.data) for CustomHID_StringSerial
    usb_endp.o(.text) refers to usb_sil.o(.text) for USB_SIL_Read
    usb_endp.o(.text) refers to usb_regs.o(.text) for SetEPRxValid
    usb_endp.o(.text) refers to usb_endp.o(.bss) for USB_Receive_Buffer
[...]
    libinit.o(.ARM.Collect$$libinit$$00000000) refers (Special) to libinit2.o(.ARM.Collect$$libinit$$00000030) for __rt_lib_init_cpp_1
    libinit.o(.ARM.Collect$$libinit$$00000000) refers (Special) to libinit2.o(.ARM.Collect$$libinit$$0000002E) for __rt_lib_init_exceptions_1
    libinit.o(.ARM.Collect$$libinit$$00000000) refers (Special) to libinit2.o(.ARM.Collect$$libinit$$00000002) for __rt_lib_init_fp_1
    libinit.o(.ARM.Collect$$libinit$$00000000) refers (Special) to libinit2.o(.ARM.Collect$$libinit$$0000001D) for __rt_lib_init_fp_trap_1
    libinit.o(.ARM.Collect$$libinit$$00000000) refers (Special) to libinit2.o(.ARM.Collect$$libinit$$00000021) for __rt_lib_init_getenv_1
    libinit.o(.ARM.Collect$$libinit$$00000000) refers (Special) to libinit2.o(.ARM.Collect$$libinit$$00000008) for __rt_lib_init_heap_1
    libinit.o(.ARM.Collect$$libinit$$00000000) refers (Special) to libinit2.o(.ARM.Collect$$libinit$$0000000F) for __rt_lib_init_lc_collate_1
    libinit.o(.ARM.Collect$$libinit$$00000000) refers (Special) to libinit2.o(.ARM.Collect$$libinit$$00000011) for __rt_lib_init_lc_ctype_1
    libinit.o(.ARM.Collect$$libinit$$00000000) refers (Special) to libinit2.o(.ARM.Collect$$libinit$$00000013) for __rt_lib_init_lc_monetary_1
    libinit.o(.ARM.Collect$$libinit$$00000000) refers (Special) to libinit2.o(.ARM.Collect$$libinit$$00000015) for __rt_lib_init_lc_numeric_1
    libinit.o(.ARM.Collect$$libinit$$00000000) refers (Special) to libinit2.o(.ARM.Collect$$libinit$$00000017) for __rt_lib_init_lc_time_1
    libinit.o(.ARM.Collect$$libinit$$00000000) refers (Special) to libinit2.o(.ARM.Collect$$libinit$$0000000C) for __rt_lib_init_rand_1
    libinit.o(.ARM.Collect$$libinit$$00000000) refers (Special) to libinit2.o(.ARM.Collect$$libinit$$00000031) for __rt_lib_init_return
    libinit.o(.ARM.Collect$$libinit$$00000000) refers (Special) to libinit2.o(.ARM.Collect$$libinit$$0000001B) for __rt_lib_init_signal_1
    libinit.o(.ARM.Collect$$libinit$$00000000) refers (Special) to libinit2.o(.ARM.Collect$$libinit$$00000023) for __rt_lib_init_stdio_1
    libinit.o(.ARM.Collect$$libinit$$00000000) refers (Special) to libinit2.o(.ARM.Collect$$libinit$$0000000A) for __rt_lib_init_user_alloc_1
    libspace.o(.text) refers to libspace.o(.bss) for __libspace_start
    rtexit.o(.ARM.Collect$$rtexit$$00000000) refers (Special) to rtexit2.o(.ARM.Collect$$rtexit$$00000004) for __rt_exit_exit
    rtexit.o(.ARM.Collect$$rtexit$$00000000) refers (Special) to rtexit2.o(.ARM.Collect$$rtexit$$00000003) for __rt_exit_ls
    rtexit.o(.ARM.Collect$$rtexit$$00000000) refers (Special) to rtexit2.o(.ARM.Collect$$rtexit$$00000002) for __rt_exit_prels_1
    rtexit.o(.ARM.exidx) refers (Special) to rtexit2.o(.ARM.Collect$$rtexit$$00000004) for __rt_exit_exit
    rtexit.o(.ARM.exidx) refers (Special) to rtexit2.o(.ARM.Collect$$rtexit$$00000003) for __rt_exit_ls
    rtexit.o(.ARM.exidx) refers (Special) to rtexit2.o(.ARM.Collect$$rtexit$$00000002) for __rt_exit_prels_1
    rtexit.o(.ARM.exidx) refers to rtexit.o(.ARM.Collect$$rtexit$$00000000) for .ARM.Collect$$rtexit$$00000000
    libinit2.o(.ARM.Collect$$libinit$$0000000E) refers to libinit2.o(.ARM.Collect$$libinit$$0000000D) for .ARM.Collect$$libinit$$0000000D
    libinit2.o(.ARM.Collect$$libinit$$00000010) refers to libinit2.o(.ARM.Collect$$libinit$$0000000D) for .ARM.Collect$$libinit$$0000000D
    libinit2.o(.ARM.Collect$$libinit$$00000012) refers to libinit2.o(.ARM.Collect$$libinit$$0000000D) for .ARM.Collect$$libinit$$0000000D
    libinit2.o(.ARM.Collect$$libinit$$00000014) refers to libinit2.o(.ARM.Collect$$libinit$$0000000D) for .ARM.Collect$$libinit$$0000000D
    libinit2.o(.ARM.Collect$$libinit$$00000016) refers to libinit2.o(.ARM.Collect$$libinit$$0000000D) for .ARM.Collect$$libinit$$0000000D
    libinit2.o(.ARM.Collect$$libinit$$00000024) refers to argv_veneer.o(.emb_text) for __ARM_argv_veneer
    libinit2.o(.ARM.Collect$$libinit$$00000025) refers to argv_veneer.o(.emb_text) for __ARM_argv_veneer
    rtexit2.o(.ARM.Collect$$rtexit$$00000003) refers to libshutdown.o(.ARM.Collect$$libshutdown$$00000000) for __rt_lib_shutdown
    rtexit2.o(.ARM.Collect$$rtexit$$00000004) refers to sys_exit.o(.text) for _sys_exit
    rtexit2.o(.ARM.exidx) refers to rtexit2.o(.ARM.Collect$$rtexit$$00000001) for .ARM.Collect$$rtexit$$00000001
    rtexit2.o(.ARM.exidx) refers to rtexit2.o(.ARM.Collect$$rtexit$$00000003) for .ARM.Collect$$rtexit$$00000003
    rtexit2.o(.ARM.exidx) refers to rtexit2.o(.ARM.Collect$$rtexit$$00000004) for .ARM.Collect$$rtexit$$00000004
    argv_veneer.o(.emb_text) refers to no_argv.o(.text) for __ARM_get_argv
    sys_exit.o(.text) refers (Special) to use_no_semi.o(.text) for __I$use$semihosting
    sys_exit.o(.text) refers (Special) to indicate_semi.o(.text) for __semihosting_library_function
    _get_argv_nomalloc.o(.text) refers (Special) to hrguard.o(.text) for __heap_region$guard
    _get_argv_nomalloc.o(.text) refers to defsig_rtmem_outer.o(.text) for __rt_SIGRTMEM
    _get_argv_nomalloc.o(.text) refers to sys_command.o(.text) for _sys_command_string
    libshutdown.o(.ARM.Collect$$libshutdown$$00000000) refers (Special) to libshutdown2.o(.ARM.Collect$$libshutdown$$00000006) for __rt_lib_shutdown_fp_trap_1
    libshutdown.o(.ARM.Collect$$libshutdown$$00000000) refers (Special) to libshutdown2.o(.ARM.Collect$$libshutdown$$0000000E) for __rt_lib_shutdown_heap_1
    libshutdown.o(.ARM.Collect$$libshutdown$$00000000) refers (Special) to libshutdown2.o(.ARM.Collect$$libshutdown$$0000000F) for __rt_lib_shutdown_return
    libshutdown.o(.ARM.Collect$$libshutdown$$00000000) refers (Special) to libshutdown2.o(.ARM.Collect$$libshutdown$$00000009) for __rt_lib_shutdown_signal_1
    libshutdown.o(.ARM.Collect$$libshutdown$$00000000) refers (Special) to libshutdown2.o(.ARM.Collect$$libshutdown$$00000003) for __rt_lib_shutdown_stdio_1
    libshutdown.o(.ARM.Collect$$libshutdown$$00000000) refers (Special) to libshutdown2.o(.ARM.Collect$$libshutdown$$0000000B) for __rt_lib_shutdown_user_alloc_1
    sys_command.o(.text) refers (Special) to use_no_semi.o(.text) for __I$use$semihosting
    sys_command.o(.text) refers (Special) to indicate_semi.o(.text) for __semihosting_library_function
    defsig_rtmem_outer.o(.text) refers to defsig_rtmem_inner.o(.text) for __rt_SIGRTMEM_inner
    defsig_rtmem_outer.o(.text) refers to defsig_exit.o(.text) for __sig_exit
    defsig_rtmem_formal.o(.text) refers to rt_raise.o(.text) for __rt_raise
    rt_raise.o(.text) refers to __raise.o(.text) for __raise
    rt_raise.o(.text) refers to sys_exit.o(.text) for _sys_exit
    defsig_exit.o(.text) refers to sys_exit.o(.text) for _sys_exit
    defsig_rtmem_inner.o(.text) refers to defsig_general.o(.text) for __default_signal_display
    __raise.o(.text) refers to defsig.o(CL$$defsig) for __default_signal_handler
    defsig_general.o(.text) refers to sys_wrch.o(.text) for _ttywrch
    sys_wrch.o(.text) refers (Special) to use_no_semi.o(.text) for __I$use$semihosting
    sys_wrch.o(.text) refers (Special) to indicate_semi.o(.text) for __semihosting_library_function
    defsig.o(CL$$defsig) refers to defsig_rtmem_inner.o(.text) for __rt_SIGRTMEM_inner
    defsig_abrt_inner.o(.text) refers to defsig_general.o(.text) for __default_signal_display
    defsig_fpe_inner.o(.text) refers to defsig_general.o(.text) for __default_signal_display
    defsig_rtred_inner.o(.text) refers to defsig_general.o(.text) for __default_signal_display
    defsig_stak_inner.o(.text) refers to defsig_general.o(.text) for __default_signal_display
    defsig_pvfn_inner.o(.text) refers to defsig_general.o(.text) for __default_signal_display
    defsig_cppl_inner.o(.text) refers to defsig_general.o(.text) for __default_signal_display
    defsig_segv_inner.o(.text) refers to defsig_general.o(.text) for __default_signal_display
    defsig_other.o(.text) refers to defsig_general.o(.text) for __default_signal_display


==============================================================================

Removing Unused input sections from the image.

    Removing main.o(.rev16_text), (4 bytes).
    Removing main.o(.revsh_text), (4 bytes).
    Removing stm32f10x_it.o(.rev16_text), (4 bytes).
    Removing stm32f10x_it.o(.revsh_text), (4 bytes).
    Removing hardware.o(.rev16_text), (4 bytes).
    Removing hardware.o(.revsh_text), (4 bytes).
    Removing misc.o(.rev16_text), (4 bytes).
    Removing misc.o(.revsh_text), (4 bytes).
    Removing stm32f10x_adc.o(.rev16_text), (4 bytes).
    Removing stm32f10x_adc.o(.revsh_text), (4 bytes).
    Removing stm32f10x_adc.o(.text), (1102 bytes).
    Removing stm32f10x_bkp.o(.rev16_text), (4 bytes).
    Removing stm32f10x_bkp.o(.revsh_text), (4 bytes).
    Removing stm32f10x_bkp.o(.text), (196 bytes).
    Removing stm32f10x_can.o(.rev16_text), (4 bytes).
    Removing stm32f10x_can.o(.revsh_text), (4 bytes).
    Removing stm32f10x_can.o(.text), (2544 bytes).
    Removing stm32f10x_cec.o(.rev16_text), (4 bytes).
    Removing stm32f10x_cec.o(.revsh_text), (4 bytes).
    Removing stm32f10x_cec.o(.text), (288 bytes).
    Removing stm32f10x_crc.o(.rev16_text), (4 bytes).
    Removing stm32f10x_crc.o(.revsh_text), (4 bytes).
    Removing stm32f10x_crc.o(.text), (72 bytes).
    Removing stm32f10x_dac.o(.rev16_text), (4 bytes).
    Removing stm32f10x_dac.o(.revsh_text), (4 bytes).
    Removing stm32f10x_dac.o(.text), (396 bytes).
    Removing stm32f10x_dbgmcu.o(.rev16_text), (4 bytes).
    Removing stm32f10x_dbgmcu.o(.revsh_text), (4 bytes).
    Removing stm32f10x_dbgmcu.o(.text), (48 bytes).
    Removing stm32f10x_dma.o(.rev16_text), (4 bytes).
    Removing stm32f10x_dma.o(.revsh_text), (4 bytes).
    Removing stm32f10x_dma.o(.text), (596 bytes).
    Removing stm32f10x_exti.o(.rev16_text), (4 bytes).
    Removing stm32f10x_exti.o(.revsh_text), (4 bytes).
    Removing stm32f10x_exti.o(.text), (284 bytes).
    Removing stm32f10x_flash.o(.rev16_text), (4 bytes).
    Removing stm32f10x_flash.o(.revsh_text), (4 bytes).
    Removing stm32f10x_fsmc.o(.rev16_text), (4 bytes).
    Removing stm32f10x_fsmc.o(.revsh_text), (4 bytes).
    Removing stm32f10x_fsmc.o(.text), (1548 bytes).
    Removing stm32f10x_gpio.o(.rev16_text), (4 bytes).
    Removing stm32f10x_gpio.o(.revsh_text), (4 bytes).
    Removing stm32f10x_i2c.o(.rev16_text), (4 bytes).
    Removing stm32f10x_i2c.o(.revsh_text), (4 bytes).
    Removing stm32f10x_i2c.o(.text), (1028 bytes).
    Removing stm32f10x_iwdg.o(.rev16_text), (4 bytes).
    Removing stm32f10x_iwdg.o(.revsh_text), (4 bytes).
    Removing stm32f10x_iwdg.o(.text), (64 bytes).
    Removing stm32f10x_pwr.o(.rev16_text), (4 bytes).
    Removing stm32f10x_pwr.o(.revsh_text), (4 bytes).
    Removing stm32f10x_pwr.o(.text), (204 bytes).
    Removing stm32f10x_rcc.o(.rev16_text), (4 bytes).
    Removing stm32f10x_rcc.o(.revsh_text), (4 bytes).
    Removing stm32f10x_rtc.o(.rev16_text), (4 bytes).
    Removing stm32f10x_rtc.o(.revsh_text), (4 bytes).
    Removing stm32f10x_rtc.o(.text), (356 bytes).
    Removing stm32f10x_sdio.o(.rev16_text), (4 bytes).
    Removing stm32f10x_sdio.o(.revsh_text), (4 bytes).
    Removing stm32f10x_sdio.o(.text), (468 bytes).
    Removing stm32f10x_spi.o(.rev16_text), (4 bytes).
    Removing stm32f10x_spi.o(.revsh_text), (4 bytes).
    Removing stm32f10x_spi.o(.text), (780 bytes).
    Removing stm32f10x_tim.o(.rev16_text), (4 bytes).
    Removing stm32f10x_tim.o(.revsh_text), (4 bytes).
    Removing stm32f10x_tim.o(.text), (3610 bytes).
    Removing stm32f10x_usart.o(.rev16_text), (4 bytes).
    Removing stm32f10x_usart.o(.revsh_text), (4 bytes).
    Removing stm32f10x_usart.o(.text), (1032 bytes).
    Removing stm32f10x_wwdg.o(.rev16_text), (4 bytes).
    Removing stm32f10x_wwdg.o(.revsh_text), (4 bytes).
    Removing stm32f10x_wwdg.o(.text), (136 bytes).
    Removing core_cm3.o(.emb_text), (32 bytes).
    Removing system_stm32f10x.o(.rev16_text), (4 bytes).
    Removing system_stm32f10x.o(.revsh_text), (4 bytes).
    Removing systick_delay.o(.rev16_text), (4 bytes).
    Removing systick_delay.o(.revsh_text), (4 bytes).
    Removing irom.o(.rev16_text), (4 bytes).
    Removing irom.o(.revsh_text), (4 bytes).
    Removing irom.o(.text), (296 bytes).
    Removing irom.o(.bss), (2048 bytes).
    Removing usb_core.o(.rev16_text), (4 bytes).
    Removing usb_core.o(.revsh_text), (4 bytes).
    Removing usb_init.o(.rev16_text), (4 bytes).
    Removing usb_init.o(.revsh_text), (4 bytes).
    Removing usb_int.o(.rev16_text), (4 bytes).
    Removing usb_int.o(.revsh_text), (4 bytes).
    Removing usb_mem.o(.rev16_text), (4 bytes).
    Removing usb_mem.o(.revsh_text), (4 bytes).
    Removing usb_regs.o(.rev16_text), (4 bytes).
    Removing usb_regs.o(.revsh_text), (4 bytes).
    Removing usb_sil.o(.rev16_text), (4 bytes).
    Removing usb_sil.o(.revsh_text), (4 bytes).
    Removing hw_config.o(.rev16_text), (4 bytes).
    Removing hw_config.o(.revsh_text), (4 bytes).
    Removing hw_config.o(.data), (1 bytes).
    Removing usb_desc.o(.rev16_text), (4 bytes).
    Removing usb_desc.o(.revsh_text), (4 bytes).
    Removing usb_endp.o(.rev16_text), (4 bytes).
    Removing usb_endp.o(.revsh_text), (4 bytes).
    Removing usb_istr.o(.rev16_text), (4 bytes).
    Removing usb_istr.o(.revsh_text), (4 bytes).
    Removing usb_prop.o(.rev16_text), (4 bytes).
    Removing usb_prop.o(.revsh_text), (4 bytes).
    Removing usb_pwr.o(.rev16_text), (4 bytes).
    Removing usb_pwr.o(.revsh_text), (4 bytes).
    Removing usbhid.o(.rev16_text), (4 bytes).
    Removing usbhid.o(.revsh_text), (4 bytes).
    Removing usbhid.o(.text), (300 bytes).
    Removing usbhid.o(.bss), (24 bytes).

109 unused section(s) (total 17789 bytes) removed from the image.

==============================================================================

Image Symbol Table

    Local Symbols

    Symbol Name                              Value     Ov Type        Size  Object(Section)

    ../clib/angel/boardlib.s                 0x00000000   Number         0  boardinit1.o ABSOLUTE
    ../clib/angel/boardlib.s                 0x00000000   Number         0  boardinit2.o ABSOLUTE
    ../clib/angel/boardlib.s                 0x00000000   Number         0  boardinit3.o ABSOLUTE
    ../clib/angel/boardlib.s                 0x00000000   Number         0  boardshut.o ABSOLUTE
    ../clib/angel/dczerorl2.s                0x00000000   Number         0  __dczerorl2.o ABSOLUTE
    ../clib/angel/handlers.s                 0x00000000   Number         0  __scatter_zi.o ABSOLUTE
    ../clib/angel/kernel.s                   0x00000000   Number         0  rtexit.o ABSOLUTE
    ../clib/angel/kernel.s                   0x00000000   Number         0  rtexit2.o ABSOLUTE
    ../clib/angel/kernel.s                   0x00000000   Number         0  rtentry2.o ABSOLUTE
    ../clib/angel/kernel.s                   0x00000000   Number         0  rtentry.o ABSOLUTE
    ../clib/angel/kernel.s                   0x00000000   Number         0  rtentry4.o ABSOLUTE
    ../clib/angel/rt.s                       0x00000000   Number         0  rt_raise.o ABSOLUTE
    ../clib/angel/scatter.s                  0x00000000   Number         0  __scatter.o ABSOLUTE
    ../clib/angel/startup.s                  0x00000000   Number         0  __main.o ABSOLUTE
    ../clib/angel/sys.s                      0x00000000   Number         0  indicate_semi.o ABSOLUTE
    ../clib/angel/sys.s                      0x00000000   Number         0  libspace.o ABSOLUTE
    ../clib/angel/sys.s                      0x00000000   Number         0  use_no_semi.o ABSOLUTE
    ../clib/angel/sys.s                      0x00000000   Number         0  sys_stackheap_outer.o ABSOLUTE
    ../clib/angel/sysapp.c                   0x00000000   Number         0  sys_exit.o ABSOLUTE
    ../clib/angel/sysapp.c                   0x00000000   Number         0  sys_command.o ABSOLUTE
    ../clib/angel/sysapp.c                   0x00000000   Number         0  sys_wrch.o ABSOLUTE
    ../clib/armsys.c                         0x00000000   Number         0  no_argv.o ABSOLUTE
    ../clib/armsys.c                         0x00000000   Number         0  argv_veneer.o ABSOLUTE
    ../clib/armsys.c                         0x00000000   Number         0  argv_veneer.o ABSOLUTE
    ../clib/armsys.c                         0x00000000   Number         0  _get_argv_nomalloc.o ABSOLUTE
    ../clib/heapalloc.c                      0x00000000   Number         0  hrguard.o ABSOLUTE
    ../clib/heapaux.c                        0x00000000   Number         0  heapauxi.o ABSOLUTE
    ../clib/libinit.s                        0x00000000   Number         0  libinit2.o ABSOLUTE
    ../clib/libinit.s                        0x00000000   Number         0  libshutdown2.o ABSOLUTE
    ../clib/libinit.s                        0x00000000   Number         0  libinit.o ABSOLUTE
    ../clib/libinit.s                        0x00000000   Number         0  libshutdown.o ABSOLUTE
    ../clib/memcpset.s                       0x00000000   Number         0  rt_memcpy_w.o ABSOLUTE
    ../clib/memcpset.s                       0x00000000   Number         0  rt_memcpy_v6.o ABSOLUTE
    ../clib/signal.c                         0x00000000   Number         0  defsig_exit.o ABSOLUTE
    ../clib/signal.c                         0x00000000   Number         0  __raise.o ABSOLUTE
    ../clib/signal.c                         0x00000000   Number         0  defsig_rtmem_outer.o ABSOLUTE
    ../clib/signal.c                         0x00000000   Number         0  defsig_general.o ABSOLUTE
    ../clib/signal.c                         0x00000000   Number         0  defsig_abrt_inner.o ABSOLUTE
    ../clib/signal.c                         0x00000000   Number         0  defsig_fpe_inner.o ABSOLUTE
    ../clib/signal.c                         0x00000000   Number         0  defsig_rtred_inner.o ABSOLUTE
    ../clib/signal.c                         0x00000000   Number         0  defsig_stak_inner.o ABSOLUTE
    ../clib/signal.c                         0x00000000   Number         0  defsig_pvfn_inner.o ABSOLUTE
    ../clib/signal.c                         0x00000000   Number         0  defsig_cppl_inner.o ABSOLUTE
    ../clib/signal.c                         0x00000000   Number         0  defsig_segv_inner.o ABSOLUTE
    ../clib/signal.c                         0x00000000   Number         0  defsig_other.o ABSOLUTE
    ../clib/signal.c                         0x00000000   Number         0  defsig_rtmem_inner.o ABSOLUTE
    ../clib/signal.c                         0x00000000   Number         0  defsig_rtmem_formal.o ABSOLUTE
    ../clib/signal.s                         0x00000000   Number         0  defsig.o ABSOLUTE
    ../clib/stdlib.c                         0x00000000   Number         0  exit.o ABSOLUTE
    ../fplib/fpinit.s                        0x00000000   Number         0  fpinit.o ABSOLUTE
    CMSIS\CM3\CoreSupport\core_cm3.c         0x00000000   Number         0  core_cm3.o ABSOLUTE
    CMSIS\CM3\DeviceSupport\ST\STM32F10x\startup\arm\startup_stm32f10x_hd.s 0x00000000   Number         0  startup_stm32f10x_hd.o ABSOLUTE
    CMSIS\\CM3\\CoreSupport\\core_cm3.c      0x00000000   Number         0  core_cm3.o ABSOLUTE
    IROM\IROM.c                              0x00000000   Number         0  irom.o ABSOLUTE
    IROM\\IROM.c                             0x00000000   Number         0  irom.o ABSOLUTE
    STM32F10x_StdPeriph_Driver\\src\\misc.c  0x00000000   Number         0  misc.o ABSOLUTE
    STM32F10x_StdPeriph_Driver\\src\\stm32f10x_adc.c 0x00000000   Number         0  stm32f10x_adc.o ABSOLUTE
    STM32F10x_StdPeriph_Driver\\src\\stm32f10x_bkp.c 0x00000000   Number         0  stm32f10x_bkp.o ABSOLUTE
    STM32F10x_StdPeriph_Driver\\src\\stm32f10x_can.c 0x00000000   Number         0  stm32f10x_can.o ABSOLUTE
    STM32F10x_StdPeriph_Driver\\src\\stm32f10x_cec.c 0x00000000   Number         0  stm32f10x_cec.o ABSOLUTE
    STM32F10x_StdPeriph_Driver\\src\\stm32f10x_crc.c 0x00000000   Number         0  stm32f10x_crc.o ABSOLUTE
    STM32F10x_StdPeriph_Driver\\src\\stm32f10x_dac.c 0x00000000   Number         0  stm32f10x_dac.o ABSOLUTE
    STM32F10x_StdPeriph_Driver\\src\\stm32f10x_dbgmcu.c 0x00000000   Number         0  stm32f10x_dbgmcu.o ABSOLUTE
    STM32F10x_StdPeriph_Driver\\src\\stm32f10x_dma.c 0x00000000   Number         0  stm32f10x_dma.o ABSOLUTE
    STM32F10x_StdPeriph_Driver\\src\\stm32f10x_exti.c 0x00000000   Number         0  stm32f10x_exti.o ABSOLUTE
    STM32F10x_StdPeriph_Driver\\src\\stm32f10x_flash.c 0x00000000   Number         0  stm32f10x_flash.o ABSOLUTE
    STM32F10x_StdPeriph_Driver\\src\\stm32f10x_fsmc.c 0x00000000   Number         0  stm32f10x_fsmc.o ABSOLUTE
    STM32F10x_StdPeriph_Driver\\src\\stm32f10x_gpio.c 0x00000000   Number         0  stm32f10x_gpio.o ABSOLUTE
    STM32F10x_StdPeriph_Driver\\src\\stm32f10x_i2c.c 0x00000000   Number         0  stm32f10x_i2c.o ABSOLUTE
    STM32F10x_StdPeriph_Driver\\src\\stm32f10x_iwdg.c 0x00000000   Number         0  stm32f10x_iwdg.o ABSOLUTE
    STM32F10x_StdPeriph_Driver\\src\\stm32f10x_pwr.c 0x00000000   Number         0  stm32f10x_pwr.o ABSOLUTE
    STM32F10x_StdPeriph_Driver\\src\\stm32f10x_rcc.c 0x00000000   Number         0  stm32f10x_rcc.o ABSOLUTE
    STM32F10x_StdPeriph_Driver\\src\\stm32f10x_rtc.c 0x00000000   Number         0  stm32f10x_rtc.o ABSOLUTE
    STM32F10x_StdPeriph_Driver\\src\\stm32f10x_sdio.c 0x00000000   Number         0  stm32f10x_sdio.o ABSOLUTE
    STM32F10x_StdPeriph_Driver\\src\\stm32f10x_spi.c 0x00000000   Number         0  stm32f10x_spi.o ABSOLUTE
    STM32F10x_StdPeriph_Driver\\src\\stm32f10x_tim.c 0x00000000   Number         0  stm32f10x_tim.o ABSOLUTE
    STM32F10x_StdPeriph_Driver\\src\\stm32f10x_usart.c 0x00000000   Number         0  stm32f10x_usart.o ABSOLUTE
    STM32F10x_StdPeriph_Driver\\src\\stm32f10x_wwdg.c 0x00000000   Number         0  stm32f10x_wwdg.o ABSOLUTE
    STM32F10x_StdPeriph_Driver\src\misc.c    0x00000000   Number         0  misc.o ABSOLUTE
    STM32F10x_StdPeriph_Driver\src\stm32f10x_adc.c 0x00000000   Number         0  stm32f10x_adc.o ABSOLUTE
    STM32F10x_StdPeriph_Driver\src\stm32f10x_bkp.c 0x00000000   Number         0  stm32f10x_bkp.o ABSOLUTE
    STM32F10x_StdPeriph_Driver\src\stm32f10x_can.c 0x00000000   Number         0  stm32f10x_can.o ABSOLUTE
    STM32F10x_StdPeriph_Driver\src\stm32f10x_cec.c 0x00000000   Number         0  stm32f10x_cec.o ABSOLUTE
    STM32F10x_StdPeriph_Driver\src\stm32f10x_crc.c 0x00000000   Number         0  stm32f10x_crc.o ABSOLUTE
    STM32F10x_StdPeriph_Driver\src\stm32f10x_dac.c 0x00000000   Number         0  stm32f10x_dac.o ABSOLUTE
    STM32F10x_StdPeriph_Driver\src\stm32f10x_dbgmcu.c 0x00000000   Number         0  stm32f10x_dbgmcu.o ABSOLUTE
    STM32F10x_StdPeriph_Driver\src\stm32f10x_dma.c 0x00000000   Number         0  stm32f10x_dma.o ABSOLUTE
    STM32F10x_StdPeriph_Driver\src\stm32f10x_exti.c 0x00000000   Number         0  stm32f10x_exti.o ABSOLUTE
    STM32F10x_StdPeriph_Driver\src\stm32f10x_flash.c 0x00000000   Number         0  stm32f10x_flash.o ABSOLUTE
    STM32F10x_StdPeriph_Driver\src\stm32f10x_fsmc.c 0x00000000   Number         0  stm32f10x_fsmc.o ABSOLUTE
    STM32F10x_StdPeriph_Driver\src\stm32f10x_gpio.c 0x00000000   Number         0  stm32f10x_gpio.o ABSOLUTE
    STM32F10x_StdPeriph_Driver\src\stm32f10x_i2c.c 0x00000000   Number         0  stm32f10x_i2c.o ABSOLUTE
    STM32F10x_StdPeriph_Driver\src\stm32f10x_iwdg.c 0x00000000   Number         0  stm32f10x_iwdg.o ABSOLUTE
    STM32F10x_StdPeriph_Driver\src\stm32f10x_pwr.c 0x00000000   Number         0  stm32f10x_pwr.o ABSOLUTE
    STM32F10x_StdPeriph_Driver\src\stm32f10x_rcc.c 0x00000000   Number         0  stm32f10x_rcc.o ABSOLUTE
    STM32F10x_StdPeriph_Driver\src\stm32f10x_rtc.c 0x00000000   Number         0  stm32f10x_rtc.o ABSOLUTE
    STM32F10x_StdPeriph_Driver\src\stm32f10x_sdio.c 0x00000000   Number         0  stm32f10x_sdio.o ABSOLUTE
    STM32F10x_StdPeriph_Driver\src\stm32f10x_spi.c 0x00000000   Number         0  stm32f10x_spi.o ABSOLUTE
    STM32F10x_StdPeriph_Driver\src\stm32f10x_tim.c 0x00000000   Number         0  stm32f10x_tim.o ABSOLUTE
    STM32F10x_StdPeriph_Driver\src\stm32f10x_usart.c 0x00000000   Number         0  stm32f10x_usart.o ABSOLUTE
    STM32F10x_StdPeriph_Driver\src\stm32f10x_wwdg.c 0x00000000   Number         0  stm32f10x_wwdg.o ABSOLUTE
    STM32_USB-FS-Device_Driver\\src\\usb_core.c 0x00000000   Number         0  usb_core.o ABSOLUTE
    STM32_USB-FS-Device_Driver\\src\\usb_init.c 0x00000000   Number         0  usb_init.o ABSOLUTE
    STM32_USB-FS-Device_Driver\\src\\usb_int.c 0x00000000   Number         0  usb_int.o ABSOLUTE
    STM32_USB-FS-Device_Driver\\src\\usb_mem.c 0x00000000   Number         0  usb_mem.o ABSOLUTE
    STM32_USB-FS-Device_Driver\\src\\usb_regs.c 0x00000000   Number         0  usb_regs.o ABSOLUTE
    STM32_USB-FS-Device_Driver\\src\\usb_sil.c 0x00000000   Number         0  usb_sil.o ABSOLUTE
    STM32_USB-FS-Device_Driver\src\usb_core.c 0x00000000   Number         0  usb_core.o ABSOLUTE
    STM32_USB-FS-Device_Driver\src\usb_init.c 0x00000000   Number         0  usb_init.o ABSOLUTE
    STM32_USB-FS-Device_Driver\src\usb_int.c 0x00000000   Number         0  usb_int.o ABSOLUTE
    STM32_USB-FS-Device_Driver\src\usb_mem.c 0x00000000   Number         0  usb_mem.o ABSOLUTE
    STM32_USB-FS-Device_Driver\src\usb_regs.c 0x00000000   Number         0  usb_regs.o ABSOLUTE
    STM32_USB-FS-Device_Driver\src\usb_sil.c 0x00000000   Number         0  usb_sil.o ABSOLUTE
    SysTick\SysTick_delay.c                  0x00000000   Number         0  systick_delay.o ABSOLUTE
    SysTick\\SysTick_delay.c                 0x00000000   Number         0  systick_delay.o ABSOLUTE
    USBHID\\src\\hw_config.c                 0x00000000   Number         0  hw_config.o ABSOLUTE
    USBHID\\src\\usb_desc.c                  0x00000000   Number         0  usb_desc.o ABSOLUTE
    USBHID\\src\\usb_endp.c                  0x00000000   Number         0  usb_endp.o ABSOLUTE
    USBHID\\src\\usb_istr.c                  0x00000000   Number         0  usb_istr.o ABSOLUTE
    USBHID\\src\\usb_prop.c                  0x00000000   Number         0  usb_prop.o ABSOLUTE
    USBHID\\src\\usb_pwr.c                   0x00000000   Number         0  usb_pwr.o ABSOLUTE
    USBHID\\src\\usbhid.c                    0x00000000   Number         0  usbhid.o ABSOLUTE
    USBHID\src\hw_config.c                   0x00000000   Number         0  hw_config.o ABSOLUTE
    USBHID\src\usb_desc.c                    0x00000000   Number         0  usb_desc.o ABSOLUTE
    USBHID\src\usb_endp.c                    0x00000000   Number         0  usb_endp.o ABSOLUTE
    USBHID\src\usb_istr.c                    0x00000000   Number         0  usb_istr.o ABSOLUTE
    USBHID\src\usb_prop.c                    0x00000000   Number         0  usb_prop.o ABSOLUTE
    USBHID\src\usb_pwr.c                     0x00000000   Number         0  usb_pwr.o ABSOLUTE
    USBHID\src\usbhid.c                      0x00000000   Number         0  usbhid.o ABSOLUTE
    User\\hardware.c                         0x00000000   Number         0  hardware.o ABSOLUTE
    User\\main.c                             0x00000000   Number         0  main.o ABSOLUTE
    User\\stm32f10x_it.c                     0x00000000   Number         0  stm32f10x_it.o ABSOLUTE
    User\\system_stm32f10x.c                 0x00000000   Number         0  system_stm32f10x.o ABSOLUTE
    User\hardware.c                          0x00000000   Number         0  hardware.o ABSOLUTE
    User\main.c                              0x00000000   Number         0  main.o ABSOLUTE
    User\stm32f10x_it.c                      0x00000000   Number         0  stm32f10x_it.o ABSOLUTE
    User\system_stm32f10x.c                  0x00000000   Number         0  system_stm32f10x.o ABSOLUTE
    dc.s                                     0x00000000   Number         0  dc.o ABSOLUTE
    RESET                                    0x08000000   Section      304  startup_stm32f10x_hd.o(RESET)
    !!!main                                  0x08000130   Section        8  __main.o(!!!main)
    !!!scatter                               0x08000138   Section       52  __scatter.o(!!!scatter)
    !!dczerorl2                              0x0800016c   Section       90  __dczerorl2.o(!!dczerorl2)
    !!handler_zi                             0x080001c8   Section       28  __scatter_zi.o(!!handler_zi)
    .ARM.Collect$$libinit$$00000000          0x080001e4   Section        2  libinit.o(.ARM.Collect$$libinit$$00000000)
    .ARM.Collect$$libinit$$00000002          0x080001e6   Section        0  libinit2.o(.ARM.Collect$$libinit$$00000002)
    .ARM.Collect$$libinit$$00000008          0x080001e6   Section        0  libinit2.o(.ARM.Collect$$libinit$$00000008)
    .ARM.Collect$$libinit$$0000000A          0x080001e6   Section        0  libinit2.o(.ARM.Collect$$libinit$$0000000A)
    .ARM.Collect$$libinit$$0000000C          0x080001e6   Section        0  libinit2.o(.ARM.Collect$$libinit$$0000000C)
    .ARM.Collect$$libinit$$0000000F          0x080001e6   Section        0  libinit2.o(.ARM.Collect$$libinit$$0000000F)
    .ARM.Collect$$libinit$$00000011          0x080001e6   Section        0  libinit2.o(.ARM.Collect$$libinit$$00000011)
    .ARM.Collect$$libinit$$00000013          0x080001e6   Section        0  libinit2.o(.ARM.Collect$$libinit$$00000013)
    .ARM.Collect$$libinit$$00000015          0x080001e6   Section        0  libinit2.o(.ARM.Collect$$libinit$$00000015)
    .ARM.Collect$$libinit$$00000017          0x080001e6   Section        0  libinit2.o(.ARM.Collect$$libinit$$00000017)
    .ARM.Collect$$libinit$$00000019          0x080001e6   Section        0  libinit2.o(.ARM.Collect$$libinit$$00000019)
    .ARM.Collect$$libinit$$0000001B          0x080001e6   Section        0  libinit2.o(.ARM.Collect$$libinit$$0000001B)
    .ARM.Collect$$libinit$$0000001D          0x080001e6   Section        0  libinit2.o(.ARM.Collect$$libinit$$0000001D)
    .ARM.Collect$$libinit$$0000001F          0x080001e6   Section        0  libinit2.o(.ARM.Collect$$libinit$$0000001F)
    .ARM.Collect$$libinit$$00000021          0x080001e6   Section        0  libinit2.o(.ARM.Collect$$libinit$$00000021)
    .ARM.Collect$$libinit$$00000023          0x080001e6   Section        0  libinit2.o(.ARM.Collect$$libinit$$00000023)
    .ARM.Collect$$libinit$$0000002A          0x080001e6   Section        0  libinit2.o(.ARM.Collect$$libinit$$0000002A)
    .ARM.Collect$$libinit$$0000002C          0x080001e6   Section        0  libinit2.o(.ARM.Collect$$libinit$$0000002C)
    .ARM.Collect$$libinit$$0000002E          0x080001e6   Section        0  libinit2.o(.ARM.Collect$$libinit$$0000002E)
    .ARM.Collect$$libinit$$00000030          0x080001e6   Section        0  libinit2.o(.ARM.Collect$$libinit$$00000030)
    .ARM.Collect$$libinit$$00000031          0x080001e6   Section        2  libinit2.o(.ARM.Collect$$libinit$$00000031)
    .ARM.Collect$$libshutdown$$00000000      0x080001e8   Section        2  libshutdown.o(.ARM.Collect$$libshutdown$$00000000)
    .ARM.Collect$$libshutdown$$00000003      0x080001ea   Section        0  libshutdown2.o(.ARM.Collect$$libshutdown$$00000003)
    .ARM.Collect$$libshutdown$$00000006      0x080001ea   Section        0  libshutdown2.o(.ARM.Collect$$libshutdown$$00000006)
    .ARM.Collect$$libshutdown$$00000009      0x080001ea   Section        0  libshutdown2.o(.ARM.Collect$$libshutdown$$00000009)
    .ARM.Collect$$libshutdown$$0000000B      0x080001ea   Section        0  libshutdown2.o(.ARM.Collect$$libshutdown$$0000000B)
    .ARM.Collect$$libshutdown$$0000000E      0x080001ea   Section        0  libshutdown2.o(.ARM.Collect$$libshutdown$$0000000E)
    .ARM.Collect$$libshutdown$$0000000F      0x080001ea   Section        2  libshutdown2.o(.ARM.Collect$$libshutdown$$0000000F)
    .ARM.Collect$$rtentry$$00000000          0x080001ec   Section        0  rtentry.o(.ARM.Collect$$rtentry$$00000000)
    .ARM.Collect$$rtentry$$00000002          0x080001ec   Section        0  rtentry2.o(.ARM.Collect$$rtentry$$00000002)
    .ARM.Collect$$rtentry$$00000004          0x080001ec   Section        6  rtentry4.o(.ARM.Collect$$rtentry$$00000004)
    .ARM.Collect$$rtentry$$00000009          0x080001f2   Section        0  rtentry2.o(.ARM.Collect$$rtentry$$00000009)
    .ARM.Collect$$rtentry$$0000000A          0x080001f2   Section        4  rtentry2.o(.ARM.Collect$$rtentry$$0000000A)
    .ARM.Collect$$rtentry$$0000000C          0x080001f6   Section        0  rtentry2.o(.ARM.Collect$$rtentry$$0000000C)
    .ARM.Collect$$rtentry$$0000000D          0x080001f6   Section        8  rtentry2.o(.ARM.Collect$$rtentry$$0000000D)
    .ARM.Collect$$rtexit$$00000000           0x080001fe   Section        2  rtexit.o(.ARM.Collect$$rtexit$$00000000)
    .ARM.Collect$$rtexit$$00000002           0x08000200   Section        0  rtexit2.o(.ARM.Collect$$rtexit$$00000002)
    .ARM.Collect$$rtexit$$00000003           0x08000200   Section        4  rtexit2.o(.ARM.Collect$$rtexit$$00000003)
    .ARM.Collect$$rtexit$$00000004           0x08000204   Section        6  rtexit2.o(.ARM.Collect$$rtexit$$00000004)
    .text                                    0x0800020a   Section        0  main.o(.text)
    .text                                    0x08000212   Section        0  stm32f10x_it.o(.text)
    .text                                    0x08000244   Section        0  hardware.o(.text)
    .text                                    0x080002f4   Section        0  misc.o(.text)
    .text                                    0x080003d8   Section        0  stm32f10x_flash.o(.text)
    .text                                    0x08000994   Section        0  stm32f10x_gpio.o(.text)
    .text                                    0x08000cf0   Section        0  stm32f10x_rcc.o(.text)
    .text                                    0x08001094   Section        0  system_stm32f10x.o(.text)
    SetSysClockTo72                          0x08001095   Thumb Code   214  system_stm32f10x.o(.text)
    SetSysClock                              0x0800116b   Thumb Code     8  system_stm32f10x.o(.text)
    .text                                    0x08001278   Section       64  startup_stm32f10x_hd.o(.text)
    .text                                    0x080012b8   Section        0  systick_delay.o(.text)
    .text                                    0x08001368   Section        0  usb_core.o(.text)
    DataStageOut                             0x080017a7   Thumb Code   166  usb_core.o(.text)
    DataStageIn                              0x0800184d   Thumb Code   166  usb_core.o(.text)
    NoData_Setup0                            0x080018f3   Thumb Code   290  usb_core.o(.text)
    Data_Setup0                              0x08001a15   Thumb Code   678  usb_core.o(.text)
    .text                                    0x08001eb8   Section        0  usb_init.o(.text)
    .text                                    0x08001ef4   Section        0  usb_int.o(.text)
    .text                                    0x08002230   Section        0  usb_mem.o(.text)
    .text                                    0x0800228c   Section        0  usb_regs.o(.text)
    .text                                    0x08002a94   Section        0  usb_sil.o(.text)
    .text                                    0x08002b14   Section        0  hw_config.o(.text)
    IntToUnicode                             0x08002b85   Thumb Code    62  hw_config.o(.text)
    .text                                    0x08002bf8   Section        0  usb_endp.o(.text)
    .text                                    0x08002c3c   Section        0  usb_istr.o(.text)
    .text                                    0x08002d34   Section        0  usb_prop.o(.text)
    .text                                    0x08002f70   Section        0  usb_pwr.o(.text)
    .text                                    0x080030b8   Section        0  heapauxi.o(.text)
    .text                                    0x080030be   Section       74  sys_stackheap_outer.o(.text)
    .text                                    0x08003108   Section        0  exit.o(.text)
    .text                                    0x08003114   Section        8  libspace.o(.text)
    .text                                    0x0800311c   Section        0  sys_exit.o(.text)
    .text                                    0x08003128   Section        2  use_no_semi.o(.text)
    .constdata                               0x0800312a   Section      140  usb_desc.o(.constdata)
    .text                                    0x0800312a   Section        0  indicate_semi.o(.text)
    .data                                    0x20000000   Section       20  stm32f10x_rcc.o(.data)
    APBAHBPrescTable                         0x20000000   Data          16  stm32f10x_rcc.o(.data)
    ADCPrescTable                            0x20000010   Data           4  stm32f10x_rcc.o(.data)
    .data                                    0x20000014   Section       20  system_stm32f10x.o(.data)
    .data                                    0x20000028   Section        4  systick_delay.o(.data)
    fac_us                                   0x20000028   Data           1  systick_delay.o(.data)
    fac_ms                                   0x2000002a   Data           2  systick_delay.o(.data)
    .data                                    0x2000002c   Section        3  usb_core.o(.data)
    .data                                    0x20000030   Section       20  usb_init.o(.data)
    .data                                    0x20000044   Section        4  usb_int.o(.data)
    .data                                    0x20000048   Section       26  usb_desc.o(.data)
    .data                                    0x20000062   Section        2  usb_endp.o(.data)
    .data                                    0x20000064   Section       60  usb_istr.o(.data)
    .data                                    0x200000a0   Section      156  usb_prop.o(.data)
    .data                                    0x2000013c   Section        7  usb_pwr.o(.data)
    .bss                                     0x20000144   Section       28  usb_init.o(.bss)
    .bss                                     0x20000160   Section      192  usb_endp.o(.bss)
    .bss                                     0x20000220   Section       96  libspace.o(.bss)
    HEAP                                     0x20000280   Section     4096  startup_stm32f10x_hd.o(HEAP)
    Heap_Mem                                 0x20000280   Data        4096  startup_stm32f10x_hd.o(HEAP)
    STACK                                    0x20001280   Section     4096  startup_stm32f10x_hd.o(STACK)
    Stack_Mem                                0x20001280   Data        4096  startup_stm32f10x_hd.o(STACK)
    __initial_sp                             0x20002280   Data           0  startup_stm32f10x_hd.o(STACK)

    Global Symbols

    Symbol Name                              Value     Ov Type        Size  Object(Section)

    BuildAttributes$$THM_ISAv4$P$D$K$B$S$PE$A:L22UL41UL21$X:L11$S22US41US21$IEEE1$IW$USESV6$~STKCKD$USESV7$~SHL$OSPACE$ROPI$EBA8$UX$STANDARDLIB$REQ8$PRES8$EABIv2 0x00000000   Number         0  anon$$obj.o ABSOLUTE
    __ARM_use_no_argv                        0x00000000   Number         0  main.o ABSOLUTE
    __ARM_exceptions_init                     - Undefined Weak Reference
    __alloca_initialize                       - Undefined Weak Reference
    __cpp_initialize__aeabi_                  - Undefined Weak Reference
    __cxa_finalize                            - Undefined Weak Reference
    __rt_locale                               - Undefined Weak Reference
    __sigvec_lookup                           - Undefined Weak Reference
    _atexit_init                              - Undefined Weak Reference
    _call_atexit_fns                          - Undefined Weak Reference
    _clock_init                               - Undefined Weak Reference
    _fp_trap_init                             - Undefined Weak Reference
    _fp_trap_shutdown                         - Undefined Weak Reference
    _get_lc_collate                           - Undefined Weak Reference
    _get_lc_ctype                             - Undefined Weak Reference
    _get_lc_monetary                          - Undefined Weak Reference
    _get_lc_numeric                           - Undefined Weak Reference
    _get_lc_time                              - Undefined Weak Reference
    _getenv_init                              - Undefined Weak Reference
    _handle_redirection                       - Undefined Weak Reference
    _init_alloc                               - Undefined Weak Reference
    _init_user_alloc                          - Undefined Weak Reference
    _initio                                   - Undefined Weak Reference
    _rand_init                                - Undefined Weak Reference
    _signal_finish                            - Undefined Weak Reference
    _signal_init                              - Undefined Weak Reference
    _terminate_alloc                          - Undefined Weak Reference
    _terminate_user_alloc                     - Undefined Weak Reference
    _terminateio                              - Undefined Weak Reference
    __Vectors_Size                           0x00000130   Number         0  startup_stm32f10x_hd.o ABSOLUTE
    __Vectors                                0x08000000   Data           4  startup_stm32f10x_hd.o(RESET)
    __Vectors_End                            0x08000130   Data           0  startup_stm32f10x_hd.o(RESET)
    __main                                   0x08000131   Thumb Code     8  __main.o(!!!main)
    __scatterload                            0x08000139   Thumb Code     0  __scatter.o(!!!scatter)
    __scatterload_rt2                        0x08000139   Thumb Code    44  __scatter.o(!!!scatter)
    __scatterload_rt2_thumb_only             0x08000139   Thumb Code     0  __scatter.o(!!!scatter)
    __scatterload_null                       0x08000147   Thumb Code     0  __scatter.o(!!!scatter)
    __decompress                             0x0800016d   Thumb Code    90  __dczerorl2.o(!!dczerorl2)
    __decompress1                            0x0800016d   Thumb Code     0  __dczerorl2.o(!!dczerorl2)
    __scatterload_zeroinit                   0x080001c9   Thumb Code    28  __scatter_zi.o(!!handler_zi)
    __rt_lib_init                            0x080001e5   Thumb Code     0  libinit.o(.ARM.Collect$$libinit$$00000000)
    __rt_lib_init_alloca_1                   0x080001e7   Thumb Code     0  libinit2.o(.ARM.Collect$$libinit$$0000002C)
    __rt_lib_init_argv_1                     0x080001e7   Thumb Code     0  libinit2.o(.ARM.Collect$$libinit$$0000002A)
    __rt_lib_init_atexit_1                   0x080001e7   Thumb Code     0  libinit2.o(.ARM.Collect$$libinit$$00000019)
    __rt_lib_init_clock_1                    0x080001e7   Thumb Code     0  libinit2.o(.ARM.Collect$$libinit$$0000001F)
    __rt_lib_init_cpp_1                      0x080001e7   Thumb Code     0  libinit2.o(.ARM.Collect$$libinit$$00000030)
    __rt_lib_init_exceptions_1               0x080001e7   Thumb Code     0  libinit2.o(.ARM.Collect$$libinit$$0000002E)
    __rt_lib_init_fp_1                       0x080001e7   Thumb Code     0  libinit2.o(.ARM.Collect$$libinit$$00000002)
    __rt_lib_init_fp_trap_1                  0x080001e7   Thumb Code     0  libinit2.o(.ARM.Collect$$libinit$$0000001D)
    __rt_lib_init_getenv_1                   0x080001e7   Thumb Code     0  libinit2.o(.ARM.Collect$$libinit$$00000021)
    __rt_lib_init_heap_1                     0x080001e7   Thumb Code     0  libinit2.o(.ARM.Collect$$libinit$$00000008)
    __rt_lib_init_lc_collate_1               0x080001e7   Thumb Code     0  libinit2.o(.ARM.Collect$$libinit$$0000000F)
    __rt_lib_init_lc_ctype_1                 0x080001e7   Thumb Code     0  libinit2.o(.ARM.Collect$$libinit$$00000011)
    __rt_lib_init_lc_monetary_1              0x080001e7   Thumb Code     0  libinit2.o(.ARM.Collect$$libinit$$00000013)
    __rt_lib_init_lc_numeric_1               0x080001e7   Thumb Code     0  libinit2.o(.ARM.Collect$$libinit$$00000015)
    __rt_lib_init_lc_time_1                  0x080001e7   Thumb Code     0  libinit2.o(.ARM.Collect$$libinit$$00000017)
    __rt_lib_init_rand_1                     0x080001e7   Thumb Code     0  libinit2.o(.ARM.Collect$$libinit$$0000000C)
    __rt_lib_init_return                     0x080001e7   Thumb Code     0  libinit2.o(.ARM.Collect$$libinit$$00000031)
    __rt_lib_init_signal_1                   0x080001e7   Thumb Code     0  libinit2.o(.ARM.Collect$$libinit$$0000001B)
    __rt_lib_init_stdio_1                    0x080001e7   Thumb Code     0  libinit2.o(.ARM.Collect$$libinit$$00000023)
    __rt_lib_init_user_alloc_1               0x080001e7   Thumb Code     0  libinit2.o(.ARM.Collect$$libinit$$0000000A)
    __rt_lib_shutdown                        0x080001e9   Thumb Code     0  libshutdown.o(.ARM.Collect$$libshutdown$$00000000)
    __rt_lib_shutdown_fp_trap_1              0x080001eb   Thumb Code     0  libshutdown2.o(.ARM.Collect$$libshutdown$$00000006)
    __rt_lib_shutdown_heap_1                 0x080001eb   Thumb Code     0  libshutdown2.o(.ARM.Collect$$libshutdown$$0000000E)
    __rt_lib_shutdown_return                 0x080001eb   Thumb Code     0  libshutdown2.o(.ARM.Collect$$libshutdown$$0000000F)
    __rt_lib_shutdown_signal_1               0x080001eb   Thumb Code     0  libshutdown2.o(.ARM.Collect$$libshutdown$$00000009)
    __rt_lib_shutdown_stdio_1                0x080001eb   Thumb Code     0  libshutdown2.o(.ARM.Collect$$libshutdown$$00000003)
    __rt_lib_shutdown_user_alloc_1           0x080001eb   Thumb Code     0  libshutdown2.o(.ARM.Collect$$libshutdown$$0000000B)
    __rt_entry                               0x080001ed   Thumb Code     0  rtentry.o(.ARM.Collect$$rtentry$$00000000)
    __rt_entry_presh_1                       0x080001ed   Thumb Code     0  rtentry2.o(.ARM.Collect$$rtentry$$00000002)
    __rt_entry_sh                            0x080001ed   Thumb Code     0  rtentry4.o(.ARM.Collect$$rtentry$$00000004)
    __rt_entry_li                            0x080001f3   Thumb Code     0  rtentry2.o(.ARM.Collect$$rtentry$$0000000A)
    __rt_entry_postsh_1                      0x080001f3   Thumb Code     0  rtentry2.o(.ARM.Collect$$rtentry$$00000009)
    __rt_entry_main                          0x080001f7   Thumb Code     0  rtentry2.o(.ARM.Collect$$rtentry$$0000000D)
    __rt_entry_postli_1                      0x080001f7   Thumb Code     0  rtentry2.o(.ARM.Collect$$rtentry$$0000000C)
    __rt_exit                                0x080001ff   Thumb Code     0  rtexit.o(.ARM.Collect$$rtexit$$00000000)
    __rt_exit_ls                             0x08000201   Thumb Code     0  rtexit2.o(.ARM.Collect$$rtexit$$00000003)
    __rt_exit_prels_1                        0x08000201   Thumb Code     0  rtexit2.o(.ARM.Collect$$rtexit$$00000002)
    __rt_exit_exit                           0x08000205   Thumb Code     0  rtexit2.o(.ARM.Collect$$rtexit$$00000004)
    main                                     0x0800020b   Thumb Code     8  main.o(.text)
    NMI_Handler                              0x08000213   Thumb Code     2  stm32f10x_it.o(.text)
    HardFault_Handler                        0x08000215   Thumb Code     4  stm32f10x_it.o(.text)
    MemManage_Handler                        0x08000219   Thumb Code     4  stm32f10x_it.o(.text)
    BusFault_Handler                         0x0800021d   Thumb Code     4  stm32f10x_it.o(.text)
    UsageFault_Handler                       0x08000221   Thumb Code     4  stm32f10x_it.o(.text)
    SVC_Handler                              0x08000225   Thumb Code     2  stm32f10x_it.o(.text)
    DebugMon_Handler                         0x08000227   Thumb Code     2  stm32f10x_it.o(.text)
    PendSV_Handler                           0x08000229   Thumb Code     2  stm32f10x_it.o(.text)
    SysTick_Handler                          0x0800022b   Thumb Code     2  stm32f10x_it.o(.text)
    TAMPER_IRQHandler                        0x0800022d   Thumb Code     2  stm32f10x_it.o(.text)
    USART1_IRQHandler                        0x0800022f   Thumb Code     2  stm32f10x_it.o(.text)
    USART2_IRQHandler                        0x08000231   Thumb Code     2  stm32f10x_it.o(.text)
    UART4_IRQHandler                         0x08000233   Thumb Code     2  stm32f10x_it.o(.text)
    TIM1_UP_IRQHandler                       0x08000235   Thumb Code     2  stm32f10x_it.o(.text)
    TIM2_IRQHandler                          0x08000237   Thumb Code     2  stm32f10x_it.o(.text)
    USB_LP_CAN1_RX0_IRQHandler               0x08000239   Thumb Code     8  stm32f10x_it.o(.text)
    EXTI3_IRQHandler                         0x08000241   Thumb Code     2  stm32f10x_it.o(.text)
    EXTI15_10_IRQHandler                     0x08000243   Thumb Code     2  stm32f10x_it.o(.text)
    Set_System                               0x08000245   Thumb Code   124  hardware.o(.text)
    vHardwareInit                            0x080002c1   Thumb Code    46  hardware.o(.text)
    NVIC_PriorityGroupConfig                 0x080002f5   Thumb Code    10  misc.o(.text)
    NVIC_Init                                0x080002ff   Thumb Code   100  misc.o(.text)
    NVIC_SetVectorTable                      0x08000363   Thumb Code    14  misc.o(.text)
    NVIC_SystemLPConfig                      0x08000371   Thumb Code    34  misc.o(.text)
    SysTick_CLKSourceConfig                  0x08000393   Thumb Code    40  misc.o(.text)
    NVIC_GenerateSystemReset                 0x080003bb   Thumb Code    10  misc.o(.text)
    FLASH_SetLatency                         0x080003d9   Thumb Code    18  stm32f10x_flash.o(.text)
    FLASH_HalfCycleAccessCmd                 0x080003eb   Thumb Code    22  stm32f10x_flash.o(.text)
    FLASH_PrefetchBufferCmd                  0x08000401   Thumb Code    22  stm32f10x_flash.o(.text)
    FLASH_Unlock                             0x08000417   Thumb Code    12  stm32f10x_flash.o(.text)
    FLASH_UnlockBank1                        0x08000423   Thumb Code    12  stm32f10x_flash.o(.text)
    FLASH_Lock                               0x0800042f   Thumb Code    14  stm32f10x_flash.o(.text)
    FLASH_LockBank1                          0x0800043d   Thumb Code    14  stm32f10x_flash.o(.text)
    FLASH_GetBank1Status                     0x0800044b   Thumb Code    48  stm32f10x_flash.o(.text)
    FLASH_WaitForLastOperation               0x0800047b   Thumb Code    38  stm32f10x_flash.o(.text)
    FLASH_ErasePage                          0x080004a1   Thumb Code    72  stm32f10x_flash.o(.text)
    FLASH_EraseAllPages                      0x080004e9   Thumb Code    68  stm32f10x_flash.o(.text)
    FLASH_WaitForLastBank1Operation          0x0800052d   Thumb Code    38  stm32f10x_flash.o(.text)
    FLASH_EraseAllBank1Pages                 0x08000553   Thumb Code    68  stm32f10x_flash.o(.text)
    FLASH_GetReadOutProtectionStatus         0x08000597   Thumb Code    20  stm32f10x_flash.o(.text)
    FLASH_EraseOptionBytes                   0x080005ab   Thumb Code   150  stm32f10x_flash.o(.text)
    FLASH_ProgramWord                        0x08000641   Thumb Code   102  stm32f10x_flash.o(.text)
    FLASH_ProgramHalfWord                    0x080006a7   Thumb Code    60  stm32f10x_flash.o(.text)
    FLASH_ProgramOptionByteData              0x080006e3   Thumb Code    72  stm32f10x_flash.o(.text)
    FLASH_EnableWriteProtection              0x0800072b   Thumb Code   200  stm32f10x_flash.o(.text)
    FLASH_ReadOutProtection                  0x080007f3   Thumb Code   156  stm32f10x_flash.o(.text)
    FLASH_UserOptionByteConfig               0x0800088f   Thumb Code    88  stm32f10x_flash.o(.text)
    FLASH_GetUserOptionByte                  0x080008e7   Thumb Code     8  stm32f10x_flash.o(.text)
    FLASH_GetWriteProtectionOptionByte       0x080008ef   Thumb Code     6  stm32f10x_flash.o(.text)
    FLASH_GetPrefetchBufferStatus            0x080008f5   Thumb Code    20  stm32f10x_flash.o(.text)
    FLASH_ITConfig                           0x08000909   Thumb Code    26  stm32f10x_flash.o(.text)
    FLASH_GetFlagStatus                      0x08000923   Thumb Code    42  stm32f10x_flash.o(.text)
    FLASH_ClearFlag                          0x0800094d   Thumb Code     6  stm32f10x_flash.o(.text)
    FLASH_GetStatus                          0x08000953   Thumb Code    48  stm32f10x_flash.o(.text)
    GPIO_DeInit                              0x08000995   Thumb Code   172  stm32f10x_gpio.o(.text)
    GPIO_AFIODeInit                          0x08000a41   Thumb Code    20  stm32f10x_gpio.o(.text)
    GPIO_Init                                0x08000a55   Thumb Code   278  stm32f10x_gpio.o(.text)
    GPIO_StructInit                          0x08000b6b   Thumb Code    16  stm32f10x_gpio.o(.text)
    GPIO_ReadInputDataBit                    0x08000b7b   Thumb Code    18  stm32f10x_gpio.o(.text)
    GPIO_ReadInputData                       0x08000b8d   Thumb Code     8  stm32f10x_gpio.o(.text)
    GPIO_ReadOutputDataBit                   0x08000b95   Thumb Code    18  stm32f10x_gpio.o(.text)
    GPIO_ReadOutputData                      0x08000ba7   Thumb Code     8  stm32f10x_gpio.o(.text)
    GPIO_SetBits                             0x08000baf   Thumb Code     4  stm32f10x_gpio.o(.text)
    GPIO_ResetBits                           0x08000bb3   Thumb Code     4  stm32f10x_gpio.o(.text)
    GPIO_WriteBit                            0x08000bb7   Thumb Code    10  stm32f10x_gpio.o(.text)
    GPIO_Write                               0x08000bc1   Thumb Code     4  stm32f10x_gpio.o(.text)
    GPIO_PinLockConfig                       0x08000bc5   Thumb Code    18  stm32f10x_gpio.o(.text)
    GPIO_EventOutputConfig                   0x08000bd7   Thumb Code    26  stm32f10x_gpio.o(.text)
    GPIO_EventOutputCmd                      0x08000bf1   Thumb Code     6  stm32f10x_gpio.o(.text)
    GPIO_PinRemapConfig                      0x08000bf7   Thumb Code   138  stm32f10x_gpio.o(.text)
    GPIO_EXTILineConfig                      0x08000c81   Thumb Code    66  stm32f10x_gpio.o(.text)
    GPIO_ETH_MediaInterfaceConfig            0x08000cc3   Thumb Code     8  stm32f10x_gpio.o(.text)
    RCC_DeInit                               0x08000cf1   Thumb Code    64  stm32f10x_rcc.o(.text)
    RCC_HSEConfig                            0x08000d31   Thumb Code    70  stm32f10x_rcc.o(.text)
    RCC_GetFlagStatus                        0x08000d77   Thumb Code    56  stm32f10x_rcc.o(.text)
    RCC_WaitForHSEStartUp                    0x08000daf   Thumb Code    56  stm32f10x_rcc.o(.text)
    RCC_AdjustHSICalibrationValue            0x08000de7   Thumb Code    20  stm32f10x_rcc.o(.text)
    RCC_HSICmd                               0x08000dfb   Thumb Code     6  stm32f10x_rcc.o(.text)
    RCC_PLLConfig                            0x08000e01   Thumb Code    24  stm32f10x_rcc.o(.text)
    RCC_PLLCmd                               0x08000e19   Thumb Code     6  stm32f10x_rcc.o(.text)
    RCC_SYSCLKConfig                         0x08000e1f   Thumb Code    18  stm32f10x_rcc.o(.text)
    RCC_GetSYSCLKSource                      0x08000e31   Thumb Code    10  stm32f10x_rcc.o(.text)
    RCC_HCLKConfig                           0x08000e3b   Thumb Code    18  stm32f10x_rcc.o(.text)
    RCC_PCLK1Config                          0x08000e4d   Thumb Code    18  stm32f10x_rcc.o(.text)
    RCC_PCLK2Config                          0x08000e5f   Thumb Code    20  stm32f10x_rcc.o(.text)
    RCC_ITConfig                             0x08000e73   Thumb Code    26  stm32f10x_rcc.o(.text)
    RCC_USBCLKConfig                         0x08000e8d   Thumb Code     8  stm32f10x_rcc.o(.text)
    RCC_ADCCLKConfig                         0x08000e95   Thumb Code    18  stm32f10x_rcc.o(.text)
    RCC_LSEConfig                            0x08000ea7   Thumb Code    50  stm32f10x_rcc.o(.text)
    RCC_LSICmd                               0x08000ed9   Thumb Code     6  stm32f10x_rcc.o(.text)
    RCC_RTCCLKConfig                         0x08000edf   Thumb Code    12  stm32f10x_rcc.o(.text)
    RCC_RTCCLKCmd                            0x08000eeb   Thumb Code     8  stm32f10x_rcc.o(.text)
    RCC_GetClocksFreq                        0x08000ef3   Thumb Code   192  stm32f10x_rcc.o(.text)
    RCC_AHBPeriphClockCmd                    0x08000fb3   Thumb Code    26  stm32f10x_rcc.o(.text)
    RCC_APB2PeriphClockCmd                   0x08000fcd   Thumb Code    26  stm32f10x_rcc.o(.text)
    RCC_APB1PeriphClockCmd                   0x08000fe7   Thumb Code    26  stm32f10x_rcc.o(.text)
    RCC_APB2PeriphResetCmd                   0x08001001   Thumb Code    26  stm32f10x_rcc.o(.text)
    RCC_APB1PeriphResetCmd                   0x0800101b   Thumb Code    26  stm32f10x_rcc.o(.text)
    RCC_BackupResetCmd                       0x08001035   Thumb Code     8  stm32f10x_rcc.o(.text)
    RCC_ClockSecuritySystemCmd               0x0800103d   Thumb Code     6  stm32f10x_rcc.o(.text)
    RCC_MCOConfig                            0x08001043   Thumb Code     6  stm32f10x_rcc.o(.text)
    RCC_ClearFlag                            0x08001049   Thumb Code    14  stm32f10x_rcc.o(.text)
    RCC_GetITStatus                          0x08001057   Thumb Code    20  stm32f10x_rcc.o(.text)
    RCC_ClearITPendingBit                    0x0800106b   Thumb Code     6  stm32f10x_rcc.o(.text)
    SystemInit                               0x08001173   Thumb Code    82  system_stm32f10x.o(.text)
    SystemCoreClockUpdate                    0x080011c5   Thumb Code   142  system_stm32f10x.o(.text)
    Reset_Handler                            0x08001279   Thumb Code     8  startup_stm32f10x_hd.o(.text)
    ADC1_2_IRQHandler                        0x08001293   Thumb Code     0  startup_stm32f10x_hd.o(.text)
    ADC3_IRQHandler                          0x08001293   Thumb Code     0  startup_stm32f10x_hd.o(.text)
    CAN1_RX1_IRQHandler                      0x08001293   Thumb Code     0  startup_stm32f10x_hd.o(.text)
    CAN1_SCE_IRQHandler                      0x08001293   Thumb Code     0  startup_stm32f10x_hd.o(.text)
    DMA1_Channel1_IRQHandler                 0x08001293   Thumb Code     0  startup_stm32f10x_hd.o(.text)
    DMA1_Channel2_IRQHandler                 0x08001293   Thumb Code     0  startup_stm32f10x_hd.o(.text)
    DMA1_Channel3_IRQHandler                 0x08001293   Thumb Code     0  startup_stm32f10x_hd.o(.text)
    DMA1_Channel4_IRQHandler                 0x08001293   Thumb Code     0  startup_stm32f10x_hd.o(.text)
    DMA1_Channel5_IRQHandler                 0x08001293   Thumb Code     0  startup_stm32f10x_hd.o(.text)
    DMA1_Channel6_IRQHandler                 0x08001293   Thumb Code     0  startup_stm32f10x_hd.o(.text)
    DMA1_Channel7_IRQHandler                 0x08001293   Thumb Code     0  startup_stm32f10x_hd.o(.text)
    DMA2_Channel1_IRQHandler                 0x08001293   Thumb Code     0  startup_stm32f10x_hd.o(.text)
    DMA2_Channel2_IRQHandler                 0x08001293   Thumb Code     0  startup_stm32f10x_hd.o(.text)
    DMA2_Channel3_IRQHandler                 0x08001293   Thumb Code     0  startup_stm32f10x_hd.o(.text)
    DMA2_Channel4_5_IRQHandler               0x08001293   Thumb Code     0  startup_stm32f10x_hd.o(.text)
    EXTI0_IRQHandler                         0x08001293   Thumb Code     0  startup_stm32f10x_hd.o(.text)
    EXTI1_IRQHandler                         0x08001293   Thumb Code     0  startup_stm32f10x_hd.o(.text)
    EXTI2_IRQHandler                         0x08001293   Thumb Code     0  startup_stm32f10x_hd.o(.text)
    EXTI4_IRQHandler                         0x08001293   Thumb Code     0  startup_stm32f10x_hd.o(.text)
    EXTI9_5_IRQHandler                       0x08001293   Thumb Code     0  startup_stm32f10x_hd.o(.text)
    FLASH_IRQHandler                         0x08001293   Thumb Code     0  startup_stm32f10x_hd.o(.text)
    FSMC_IRQHandler                          0x08001293   Thumb Code     0  startup_stm32f10x_hd.o(.text)
    I2C1_ER_IRQHandler                       0x08001293   Thumb Code     0  startup_stm32f10x_hd.o(.text)
    I2C1_EV_IRQHandler                       0x08001293   Thumb Code     0  startup_stm32f10x_hd.o(.text)
    I2C2_ER_IRQHandler                       0x08001293   Thumb Code     0  startup_stm32f10x_hd.o(.text)
    I2C2_EV_IRQHandler                       0x08001293   Thumb Code     0  startup_stm32f10x_hd.o(.text)
    PVD_IRQHandler                           0x08001293   Thumb Code     0  startup_stm32f10x_hd.o(.text)
    RCC_IRQHandler                           0x08001293   Thumb Code     0  startup_stm32f10x_hd.o(.text)
    RTCAlarm_IRQHandler                      0x08001293   Thumb Code     0  startup_stm32f10x_hd.o(.text)
    RTC_IRQHandler                           0x08001293   Thumb Code     0  startup_stm32f10x_hd.o(.text)
    SDIO_IRQHandler                          0x08001293   Thumb Code     0  startup_stm32f10x_hd.o(.text)
    SPI1_IRQHandler                          0x08001293   Thumb Code     0  startup_stm32f10x_hd.o(.text)
    SPI2_IRQHandler                          0x08001293   Thumb Code     0  startup_stm32f10x_hd.o(.text)
    SPI3_IRQHandler                          0x08001293   Thumb Code     0  startup_stm32f10x_hd.o(.text)
    TIM1_BRK_IRQHandler                      0x08001293   Thumb Code     0  startup_stm32f10x_hd.o(.text)
    TIM1_CC_IRQHandler                       0x08001293   Thumb Code     0  startup_stm32f10x_hd.o(.text)
    TIM1_TRG_COM_IRQHandler                  0x08001293   Thumb Code     0  startup_stm32f10x_hd.o(.text)
    TIM3_IRQHandler                          0x08001293   Thumb Code     0  startup_stm32f10x_hd.o(.text)
    TIM4_IRQHandler                          0x08001293   Thumb Code     0  startup_stm32f10x_hd.o(.text)
    TIM5_IRQHandler                          0x08001293   Thumb Code     0  startup_stm32f10x_hd.o(.text)
    TIM6_IRQHandler                          0x08001293   Thumb Code     0  startup_stm32f10x_hd.o(.text)
    TIM7_IRQHandler                          0x08001293   Thumb Code     0  startup_stm32f10x_hd.o(.text)
    TIM8_BRK_IRQHandler                      0x08001293   Thumb Code     0  startup_stm32f10x_hd.o(.text)
    TIM8_CC_IRQHandler                       0x08001293   Thumb Code     0  startup_stm32f10x_hd.o(.text)
    TIM8_TRG_COM_IRQHandler                  0x08001293   Thumb Code     0  startup_stm32f10x_hd.o(.text)
    TIM8_UP_IRQHandler                       0x08001293   Thumb Code     0  startup_stm32f10x_hd.o(.text)
    UART5_IRQHandler                         0x08001293   Thumb Code     0  startup_stm32f10x_hd.o(.text)
    USART3_IRQHandler                        0x08001293   Thumb Code     0  startup_stm32f10x_hd.o(.text)
    USBWakeUp_IRQHandler                     0x08001293   Thumb Code     0  startup_stm32f10x_hd.o(.text)
    USB_HP_CAN1_TX_IRQHandler                0x08001293   Thumb Code     0  startup_stm32f10x_hd.o(.text)
    WWDG_IRQHandler                          0x08001293   Thumb Code     0  startup_stm32f10x_hd.o(.text)
    __user_initial_stackheap                 0x08001295   Thumb Code     0  startup_stm32f10x_hd.o(.text)
    Delay_Init                               0x080012b9   Thumb Code    56  systick_delay.o(.text)
    Delay_ms                                 0x080012f1   Thumb Code    56  systick_delay.o(.text)
    Delay_us                                 0x08001329   Thumb Code    56  systick_delay.o(.text)
    Standard_GetConfiguration                0x08001369   Thumb Code    34  usb_core.o(.text)
    Standard_SetConfiguration                0x0800138b   Thumb Code    60  usb_core.o(.text)
    Standard_GetInterface                    0x080013c7   Thumb Code    34  usb_core.o(.text)
    Standard_SetInterface                    0x080013e9   Thumb Code    96  usb_core.o(.text)
    Standard_GetStatus                       0x08001449   Thumb Code   238  usb_core.o(.text)
    Standard_ClearFeature                    0x08001537   Thumb Code   342  usb_core.o(.text)
    Standard_SetEndPointFeature              0x0800168d   Thumb Code   220  usb_core.o(.text)
    Standard_SetDeviceFeature                0x08001769   Thumb Code    30  usb_core.o(.text)
    Standard_GetDescriptorData               0x08001787   Thumb Code    32  usb_core.o(.text)
    Post0_Process                            0x08001cbb   Thumb Code    54  usb_core.o(.text)
    Setup0_Process                           0x08001cf1   Thumb Code   170  usb_core.o(.text)
    SetDeviceAddress                         0x08001d9b   Thumb Code    70  usb_core.o(.text)
    In0_Process                              0x08001de1   Thumb Code    98  usb_core.o(.text)
    Out0_Process                             0x08001e43   Thumb Code    70  usb_core.o(.text)
    NOP_Process                              0x08001e89   Thumb Code     2  usb_core.o(.text)
    USB_Init                                 0x08001eb9   Thumb Code    36  usb_init.o(.text)
    CTR_LP                                   0x08001ef5   Thumb Code   616  usb_int.o(.text)
    CTR_HP                                   0x0800215d   Thumb Code   178  usb_int.o(.text)
    UserToPMABufferCopy                      0x08002231   Thumb Code    52  usb_mem.o(.text)
    PMAToUserBufferCopy                      0x08002265   Thumb Code    34  usb_mem.o(.text)
    SetCNTR                                  0x0800228d   Thumb Code     6  usb_regs.o(.text)
    GetCNTR                                  0x08002293   Thumb Code     8  usb_regs.o(.text)
    SetISTR                                  0x0800229b   Thumb Code     8  usb_regs.o(.text)
    GetISTR                                  0x080022a3   Thumb Code    10  usb_regs.o(.text)
    GetFNR                                   0x080022ad   Thumb Code    10  usb_regs.o(.text)
    SetDADDR                                 0x080022b7   Thumb Code     8  usb_regs.o(.text)
    GetDADDR                                 0x080022bf   Thumb Code    10  usb_regs.o(.text)
    SetBTABLE                                0x080022c9   Thumb Code    14  usb_regs.o(.text)
    GetBTABLE                                0x080022d7   Thumb Code    10  usb_regs.o(.text)
    SetENDPOINT                              0x080022e1   Thumb Code    12  usb_regs.o(.text)
    GetENDPOINT                              0x080022ed   Thumb Code    16  usb_regs.o(.text)
    SetEPType                                0x080022fd   Thumb Code    32  usb_regs.o(.text)
    GetEPType                                0x0800231d   Thumb Code    18  usb_regs.o(.text)
    SetEPTxStatus                            0x0800232f   Thumb Code    60  usb_regs.o(.text)
    SetEPRxStatus                            0x0800236b   Thumb Code    60  usb_regs.o(.text)
    SetDouBleBuffEPStall                     0x080023a7   Thumb Code    54  usb_regs.o(.text)
    GetEPTxStatus                            0x080023dd   Thumb Code    18  usb_regs.o(.text)
    GetEPRxStatus                            0x080023ef   Thumb Code    18  usb_regs.o(.text)
    SetEPTxValid                             0x08002401   Thumb Code    48  usb_regs.o(.text)
    SetEPRxValid                             0x08002431   Thumb Code    48  usb_regs.o(.text)
    SetEP_KIND                               0x08002461   Thumb Code    38  usb_regs.o(.text)
    ClearEP_KIND                             0x08002487   Thumb Code    34  usb_regs.o(.text)
    Clear_Status_Out                         0x080024a9   Thumb Code    34  usb_regs.o(.text)
    Set_Status_Out                           0x080024cb   Thumb Code    38  usb_regs.o(.text)
    SetEPDoubleBuff                          0x080024f1   Thumb Code    38  usb_regs.o(.text)
    ClearEPDoubleBuff                        0x08002517   Thumb Code    34  usb_regs.o(.text)
    GetTxStallStatus                         0x08002539   Thumb Code    28  usb_regs.o(.text)
    GetRxStallStatus                         0x08002555   Thumb Code    30  usb_regs.o(.text)
    ClearEP_CTR_RX                           0x08002573   Thumb Code    32  usb_regs.o(.text)
    ClearEP_CTR_TX                           0x08002593   Thumb Code    28  usb_regs.o(.text)
    ToggleDTOG_RX                            0x080025af   Thumb Code    34  usb_regs.o(.text)
    ToggleDTOG_TX                            0x080025d1   Thumb Code    34  usb_regs.o(.text)
    ClearDTOG_RX                             0x080025f3   Thumb Code    48  usb_regs.o(.text)
    ClearDTOG_TX                             0x08002623   Thumb Code    48  usb_regs.o(.text)
    SetEPAddress                             0x08002653   Thumb Code    46  usb_regs.o(.text)
    GetEPAddress                             0x08002681   Thumb Code    18  usb_regs.o(.text)
    SetEPTxAddr                              0x08002693   Thumb Code    24  usb_regs.o(.text)
    SetEPRxAddr                              0x080026ab   Thumb Code    26  usb_regs.o(.text)
    GetEPTxAddr                              0x080026c5   Thumb Code    22  usb_regs.o(.text)
    GetEPRxAddr                              0x080026db   Thumb Code    24  usb_regs.o(.text)
    SetEPTxCount                             0x080026f3   Thumb Code    20  usb_regs.o(.text)
    SetEPCountRxReg                          0x08002707   Thumb Code    48  usb_regs.o(.text)
    SetEPRxCount                             0x08002737   Thumb Code    68  usb_regs.o(.text)
    GetEPTxCount                             0x0800277b   Thumb Code    26  usb_regs.o(.text)
    GetEPRxCount                             0x08002795   Thumb Code    26  usb_regs.o(.text)
    SetEPDblBuffAddr                         0x080027af   Thumb Code    44  usb_regs.o(.text)
    SetEPDblBuf0Addr                         0x080027db   Thumb Code    24  usb_regs.o(.text)
    SetEPDblBuf1Addr                         0x080027f3   Thumb Code    26  usb_regs.o(.text)
    GetEPDblBuf0Addr                         0x0800280d   Thumb Code    22  usb_regs.o(.text)
    GetEPDblBuf1Addr                         0x08002823   Thumb Code    24  usb_regs.o(.text)
    SetEPDblBuffCount                        0x0800283b   Thumb Code   186  usb_regs.o(.text)
    SetEPDblBuf0Count                        0x080028f5   Thumb Code    96  usb_regs.o(.text)
    SetEPDblBuf1Count                        0x08002955   Thumb Code    96  usb_regs.o(.text)
    GetEPDblBuf0Count                        0x080029b5   Thumb Code    26  usb_regs.o(.text)
    GetEPDblBuf1Count                        0x080029cf   Thumb Code    26  usb_regs.o(.text)
    GetEPDblBufDir                           0x080029e9   Thumb Code    62  usb_regs.o(.text)
    FreeUserBuffer                           0x08002a27   Thumb Code    90  usb_regs.o(.text)
    ToWord                                   0x08002a81   Thumb Code     8  usb_regs.o(.text)
    ByteSwap                                 0x08002a89   Thumb Code    12  usb_regs.o(.text)
    USB_SIL_Init                             0x08002a95   Thumb Code    28  usb_sil.o(.text)
    USB_SIL_Write                            0x08002ab1   Thumb Code    46  usb_sil.o(.text)
    USB_SIL_Read                             0x08002adf   Thumb Code    46  usb_sil.o(.text)
    Set_USBClock                             0x08002b15   Thumb Code    18  hw_config.o(.text)
    GPIO_AINConfig                           0x08002b27   Thumb Code     2  hw_config.o(.text)
    Enter_LowPowerMode                       0x08002b29   Thumb Code     2  hw_config.o(.text)
    Leave_LowPowerMode                       0x08002b2b   Thumb Code     2  hw_config.o(.text)
    USB_Interrupts_Config                    0x08002b2d   Thumb Code    32  hw_config.o(.text)
    usb_GPIO_init                            0x08002b4d   Thumb Code    30  hw_config.o(.text)
    USB_Cable_Config                         0x08002b6b   Thumb Code    26  hw_config.o(.text)
    Get_SerialNum                            0x08002bc3   Thumb Code    42  hw_config.o(.text)
    EP1_IN_Callback                          0x08002bf9   Thumb Code     2  usb_endp.o(.text)
    EP1_OUT_Callback                         0x08002bfb   Thumb Code    50  usb_endp.o(.text)
    EP2_IN_Callback                          0x08002c2d   Thumb Code     2  usb_endp.o(.text)
    USB_Istr                                 0x08002c3d   Thumb Code   222  usb_istr.o(.text)
    CustomHID_init                           0x08002d35   Thumb Code    30  usb_prop.o(.text)
    CustomHID_Reset                          0x08002d53   Thumb Code   182  usb_prop.o(.text)
    CustomHID_SetConfiguration               0x08002e09   Thumb Code    14  usb_prop.o(.text)
    CustomHID_SetDeviceAddress               0x08002e17   Thumb Code     8  usb_prop.o(.text)
    CustomHID_Status_In                      0x08002e1f   Thumb Code     2  usb_prop.o(.text)
    CustomHID_Status_Out                     0x08002e21   Thumb Code     2  usb_prop.o(.text)
    CustomHID_GetProtocolValue               0x08002e23   Thumb Code    20  usb_prop.o(.text)
    CustomHID_GetHIDDescriptor               0x08002e37   Thumb Code    14  usb_prop.o(.text)
    CustomHID_GetReportDescriptor            0x08002e45   Thumb Code    14  usb_prop.o(.text)
    CustomHID_Data_Setup                     0x08002e53   Thumb Code   114  usb_prop.o(.text)
    CustomHID_SetProtocol                    0x08002ec5   Thumb Code    14  usb_prop.o(.text)
    CustomHID_NoData_Setup                   0x08002ed3   Thumb Code    32  usb_prop.o(.text)
    CustomHID_GetDeviceDescriptor            0x08002ef3   Thumb Code    14  usb_prop.o(.text)
    CustomHID_GetConfigDescriptor            0x08002f01   Thumb Code    14  usb_prop.o(.text)
    CustomHID_GetStringDescriptor            0x08002f0f   Thumb Code    32  usb_prop.o(.text)
    CustomHID_Get_Interface_Setting          0x08002f2f   Thumb Code    22  usb_prop.o(.text)
    PowerOn                                  0x08002f71   Thumb Code    54  usb_pwr.o(.text)
    PowerOff                                 0x08002fa7   Thumb Code    28  usb_pwr.o(.text)
    Suspend                                  0x08002fc3   Thumb Code    34  usb_pwr.o(.text)
    Resume_Init                              0x08002fe5   Thumb Code    30  usb_pwr.o(.text)
    Resume                                   0x08003003   Thumb Code   168  usb_pwr.o(.text)
    __use_two_region_memory                  0x080030b9   Thumb Code     2  heapauxi.o(.text)
    __rt_heap_escrow$2region                 0x080030bb   Thumb Code     2  heapauxi.o(.text)
    __rt_heap_expand$2region                 0x080030bd   Thumb Code     2  heapauxi.o(.text)
    __user_setup_stackheap                   0x080030bf   Thumb Code    74  sys_stackheap_outer.o(.text)
    exit                                     0x08003109   Thumb Code    12  exit.o(.text)
    __user_libspace                          0x08003115   Thumb Code     8  libspace.o(.text)
    __user_perproc_libspace                  0x08003115   Thumb Code     0  libspace.o(.text)
    __user_perthread_libspace                0x08003115   Thumb Code     0  libspace.o(.text)
    _sys_exit                                0x0800311d   Thumb Code     8  sys_exit.o(.text)
    __I$use$semihosting                      0x08003129   Thumb Code     0  use_no_semi.o(.text)
    __use_no_semihosting_swi                 0x08003129   Thumb Code     2  use_no_semi.o(.text)
    CustomHID_DeviceDescriptor               0x0800312a   Data          18  usb_desc.o(.constdata)
    __semihosting_library_function           0x0800312b   Thumb Code     0  indicate_semi.o(.text)
    CustomHID_ConfigDescriptor               0x0800313c   Data          41  usb_desc.o(.constdata)
    CustomHID_ReportDescriptor               0x08003165   Data          33  usb_desc.o(.constdata)
    CustomHID_StringLangID                   0x08003186   Data           4  usb_desc.o(.constdata)
    CustomHID_StringVendor                   0x0800318a   Data          20  usb_desc.o(.constdata)
    CustomHID_StringProduct                  0x0800319e   Data          24  usb_desc.o(.constdata)
    Region$$Table$$Base                      0x080031b8   Number         0  anon$$obj.o(Region$$Table)
    Region$$Table$$Limit                     0x080031d8   Number         0  anon$$obj.o(Region$$Table)
    SystemCoreClock                          0x20000014   Data           4  system_stm32f10x.o(.data)
    AHBPrescTable                            0x20000018   Data          16  system_stm32f10x.o(.data)
    StatusInfo                               0x2000002c   Data           2  usb_core.o(.data)
    Data_Mul_MaxPacketSize                   0x2000002e   Data           1  usb_core.o(.data)
    EPindex                                  0x20000030   Data           1  usb_init.o(.data)
    pInformation                             0x20000034   Data           4  usb_init.o(.data)
    pProperty                                0x20000038   Data           4  usb_init.o(.data)
    SaveState                                0x2000003c   Data           2  usb_init.o(.data)
    wInterrupt_Mask                          0x2000003e   Data           2  usb_init.o(.data)
    pUser_Standard_Requests                  0x20000040   Data           4  usb_init.o(.data)
    SaveRState                               0x20000044   Data           2  usb_int.o(.data)
    SaveTState                               0x20000046   Data           2  usb_int.o(.data)
    CustomHID_StringSerial                   0x20000048   Data          26  usb_desc.o(.data)
    USB_Received_Flag                        0x20000062   Data           1  usb_endp.o(.data)
    USB_Received_Len                         0x20000063   Data           1  usb_endp.o(.data)
    wIstr                                    0x20000064   Data           2  usb_istr.o(.data)
    bIntPackSOF                              0x20000066   Data           1  usb_istr.o(.data)
    pEpInt_IN                                0x20000068   Data          28  usb_istr.o(.data)
    pEpInt_OUT                               0x20000084   Data          28  usb_istr.o(.data)
    ProtocolValue                            0x200000a0   Data           4  usb_prop.o(.data)
    Device_Table                             0x200000a4   Data           2  usb_prop.o(.data)
    Device_Property                          0x200000a8   Data          48  usb_prop.o(.data)
    User_Standard_Requests                   0x200000d8   Data          36  usb_prop.o(.data)
    Device_Descriptor                        0x200000fc   Data           8  usb_prop.o(.data)
    Config_Descriptor                        0x20000104   Data           8  usb_prop.o(.data)
    CustomHID_Report_Descriptor              0x2000010c   Data           8  usb_prop.o(.data)
    CustomHID_Descriptor                     0x20000114   Data           8  usb_prop.o(.data)
    String_Descriptor                        0x2000011c   Data          32  usb_prop.o(.data)
    bDeviceState                             0x2000013c   Data           4  usb_pwr.o(.data)
    fSuspendEnabled                          0x20000140   Data           1  usb_pwr.o(.data)
    ResumeS                                  0x20000141   Data           2  usb_pwr.o(.data)
    Device_Info                              0x20000144   Data          28  usb_init.o(.bss)
    USB_Receive_Buffer                       0x20000160   Data         128  usb_endp.o(.bss)
    USB_Send_Buffer                          0x200001e0   Data          64  usb_endp.o(.bss)
    __libspace_start                         0x20000220   Data          96  libspace.o(.bss)
    __temporary_stack_top$libspace           0x20000280   Data           0  libspace.o(.bss)



==============================================================================

Memory Map of the image

  Image Entry point : 0x08000131

  Load Region LR_IROM1 (Base: 0x08000000, Size: 0x0000331c, Max: 0x0003a800, ABSOLUTE, COMPRESSED[0x00003270])

    Execution Region ER_IROM1 (Base: 0x08000000, Size: 0x000031d8, Max: 0x0003a800, ABSOLUTE)

    Base Addr    Size         Type   Attr      Idx    E Section Name        Object

    0x08000000   0x00000130   Data   RO          701    RESET               startup_stm32f10x_hd.o
    0x08000130   0x00000008   Code   RO         1108  * !!!main             c_w.l(__main.o)
    0x08000138   0x00000034   Code   RO         1266    !!!scatter          c_w.l(__scatter.o)
    0x0800016c   0x0000005a   Code   RO         1264    !!dczerorl2         c_w.l(__dczerorl2.o)
    0x080001c6   0x00000002   PAD
    0x080001c8   0x0000001c   Code   RO         1268    !!handler_zi        c_w.l(__scatter_zi.o)
    0x080001e4   0x00000002   Code   RO         1137    .ARM.Collect$$libinit$$00000000  c_w.l(libinit.o)
    0x080001e6   0x00000000   Code   RO         1144    .ARM.Collect$$libinit$$00000002  c_w.l(libinit2.o)
    0x080001e6   0x00000000   Code   RO         1147    .ARM.Collect$$libinit$$00000008  c_w.l(libinit2.o)
    0x080001e6   0x00000000   Code   RO         1149    .ARM.Collect$$libinit$$0000000A  c_w.l(libinit2.o)
    0x080001e6   0x00000000   Code   RO         1151    .ARM.Collect$$libinit$$0000000C  c_w.l(libinit2.o)
    0x080001e6   0x00000000   Code   RO         1154    .ARM.Collect$$libinit$$0000000F  c_w.l(libinit2.o)
    0x080001e6   0x00000000   Code   RO         1156    .ARM.Collect$$libinit$$00000011  c_w.l(libinit2.o)
    0x080001e6   0x00000000   Code   RO         1158    .ARM.Collect$$libinit$$00000013  c_w.l(libinit2.o)
    0x080001e6   0x00000000   Code   RO         1160    .ARM.Collect$$libinit$$00000015  c_w.l(libinit2.o)
    0x080001e6   0x00000000   Code   RO         1162    .ARM.Collect$$libinit$$00000017  c_w.l(libinit2.o)
    0x080001e6   0x00000000   Code   RO         1164    .ARM.Collect$$libinit$$00000019  c_w.l(libinit2.o)
    0x080001e6   0x00000000   Code   RO         1166    .ARM.Collect$$libinit$$0000001B  c_w.l(libinit2.o)
    0x080001e6   0x00000000   Code   RO         1168    .ARM.Collect$$libinit$$0000001D  c_w.l(libinit2.o)
    0x080001e6   0x00000000   Code   RO         1170    .ARM.Collect$$libinit$$0000001F  c_w.l(libinit2.o)
    0x080001e6   0x00000000   Code   RO         1172    .ARM.Collect$$libinit$$00000021  c_w.l(libinit2.o)
    0x080001e6   0x00000000   Code   RO         1174    .ARM.Collect$$libinit$$00000023  c_w.l(libinit2.o)
    0x080001e6   0x00000000   Code   RO         1178    .ARM.Collect$$libinit$$0000002A  c_w.l(libinit2.o)
    0x080001e6   0x00000000   Code   RO         1180    .ARM.Collect$$libinit$$0000002C  c_w.l(libinit2.o)
    0x080001e6   0x00000000   Code   RO         1182    .ARM.Collect$$libinit$$0000002E  c_w.l(libinit2.o)
    0x080001e6   0x00000000   Code   RO         1184    .ARM.Collect$$libinit$$00000030  c_w.l(libinit2.o)
    0x080001e6   0x00000002   Code   RO         1185    .ARM.Collect$$libinit$$00000031  c_w.l(libinit2.o)
    0x080001e8   0x00000002   Code   RO         1205    .ARM.Collect$$libshutdown$$00000000  c_w.l(libshutdown.o)
    0x080001ea   0x00000000   Code   RO         1219    .ARM.Collect$$libshutdown$$00000003  c_w.l(libshutdown2.o)
    0x080001ea   0x00000000   Code   RO         1222    .ARM.Collect$$libshutdown$$00000006  c_w.l(libshutdown2.o)
    0x080001ea   0x00000000   Code   RO         1225    .ARM.Collect$$libshutdown$$00000009  c_w.l(libshutdown2.o)
    0x080001ea   0x00000000   Code   RO         1227    .ARM.Collect$$libshutdown$$0000000B  c_w.l(libshutdown2.o)
    0x080001ea   0x00000000   Code   RO         1230    .ARM.Collect$$libshutdown$$0000000E  c_w.l(libshutdown2.o)
    0x080001ea   0x00000002   Code   RO         1231    .ARM.Collect$$libshutdown$$0000000F  c_w.l(libshutdown2.o)
    0x080001ec   0x00000000   Code   RO         1110    .ARM.Collect$$rtentry$$00000000  c_w.l(rtentry.o)
    0x080001ec   0x00000000   Code   RO         1114    .ARM.Collect$$rtentry$$00000002  c_w.l(rtentry2.o)
    0x080001ec   0x00000006   Code   RO         1126    .ARM.Collect$$rtentry$$00000004  c_w.l(rtentry4.o)
    0x080001f2   0x00000000   Code   RO         1116    .ARM.Collect$$rtentry$$00000009  c_w.l(rtentry2.o)
    0x080001f2   0x00000004   Code   RO         1117    .ARM.Collect$$rtentry$$0000000A  c_w.l(rtentry2.o)
    0x080001f6   0x00000000   Code   RO         1119    .ARM.Collect$$rtentry$$0000000C  c_w.l(rtentry2.o)
    0x080001f6   0x00000008   Code   RO         1120    .ARM.Collect$$rtentry$$0000000D  c_w.l(rtentry2.o)
    0x080001fe   0x00000002   Code   RO         1141    .ARM.Collect$$rtexit$$00000000  c_w.l(rtexit.o)
    0x08000200   0x00000000   Code   RO         1187    .ARM.Collect$$rtexit$$00000002  c_w.l(rtexit2.o)
    0x08000200   0x00000004   Code   RO         1188    .ARM.Collect$$rtexit$$00000003  c_w.l(rtexit2.o)
    0x08000204   0x00000006   Code   RO         1189    .ARM.Collect$$rtexit$$00000004  c_w.l(rtexit2.o)
    0x0800020a   0x00000008   Code   RO            3    .text               main.o
    0x08000212   0x00000032   Code   RO          127    .text               stm32f10x_it.o
    0x08000244   0x000000b0   Code   RO          150    .text               hardware.o
    0x080002f4   0x000000e4   Code   RO          203    .text               misc.o
    0x080003d8   0x000005bc   Code   RO          403    .text               stm32f10x_flash.o
    0x08000994   0x0000035c   Code   RO          443    .text               stm32f10x_gpio.o
    0x08000cf0   0x000003a4   Code   RO          523    .text               stm32f10x_rcc.o
    0x08001094   0x000001e4   Code   RO          675    .text               system_stm32f10x.o
    0x08001278   0x00000040   Code   RO          702    .text               startup_stm32f10x_hd.o
    0x080012b8   0x000000b0   Code   RO          708    .text               systick_delay.o
    0x08001368   0x00000b50   Code   RO          762    .text               usb_core.o
    0x08001eb8   0x0000003c   Code   RO          785    .text               usb_init.o
    0x08001ef4   0x0000033c   Code   RO          816    .text               usb_int.o
    0x08002230   0x0000005c   Code   RO          848    .text               usb_mem.o
    0x0800228c   0x00000808   Code   RO          868    .text               usb_regs.o
    0x08002a94   0x00000080   Code   RO          888    .text               usb_sil.o
    0x08002b14   0x000000e4   Code   RO          908    .text               hw_config.o
    0x08002bf8   0x00000044   Code   RO          963    .text               usb_endp.o
    0x08002c3c   0x000000f8   Code   RO          990    .text               usb_istr.o
    0x08002d34   0x0000023c   Code   RO         1019    .text               usb_prop.o
    0x08002f70   0x00000148   Code   RO         1050    .text               usb_pwr.o
    0x080030b8   0x00000006   Code   RO         1106    .text               c_w.l(heapauxi.o)
    0x080030be   0x0000004a   Code   RO         1128    .text               c_w.l(sys_stackheap_outer.o)
    0x08003108   0x0000000c   Code   RO         1130    .text               c_w.l(exit.o)
    0x08003114   0x00000008   Code   RO         1138    .text               c_w.l(libspace.o)
    0x0800311c   0x0000000c   Code   RO         1197    .text               c_w.l(sys_exit.o)
    0x08003128   0x00000002   Code   RO         1208    .text               c_w.l(use_no_semi.o)
    0x0800312a   0x00000000   Code   RO         1210    .text               c_w.l(indicate_semi.o)
    0x0800312a   0x0000008c   Data   RO          942    .constdata          usb_desc.o
    0x080031b6   0x00000002   PAD
    0x080031b8   0x00000020   Data   RO         1262    Region$$Table       anon$$obj.o


    Execution Region RW_IRAM1 (Base: 0x20000000, Size: 0x00002280, Max: 0x0000c000, ABSOLUTE, COMPRESSED[0x00000098])

    Base Addr    Size         Type   Attr      Idx    E Section Name        Object

    0x20000000   0x00000014   Data   RW          524    .data               stm32f10x_rcc.o
    0x20000014   0x00000014   Data   RW          676    .data               system_stm32f10x.o
    0x20000028   0x00000004   Data   RW          709    .data               systick_delay.o
    0x2000002c   0x00000003   Data   RW          763    .data               usb_core.o
    0x2000002f   0x00000001   PAD
    0x20000030   0x00000014   Data   RW          787    .data               usb_init.o
    0x20000044   0x00000004   Data   RW          817    .data               usb_int.o
    0x20000048   0x0000001a   Data   RW          943    .data               usb_desc.o
    0x20000062   0x00000002   Data   RW          965    .data               usb_endp.o
    0x20000064   0x0000003c   Data   RW          991    .data               usb_istr.o
    0x200000a0   0x0000009c   Data   RW         1020    .data               usb_prop.o
    0x2000013c   0x00000007   Data   RW         1051    .data               usb_pwr.o
    0x20000143   0x00000001   PAD
    0x20000144   0x0000001c   Zero   RW          786    .bss                usb_init.o
    0x20000160   0x000000c0   Zero   RW          964    .bss                usb_endp.o
    0x20000220   0x00000060   Zero   RW         1139    .bss                c_w.l(libspace.o)
    0x20000280   0x00001000   Zero   RW          700    HEAP                startup_stm32f10x_hd.o
    0x20001280   0x00001000   Zero   RW          699    STACK               startup_stm32f10x_hd.o


==============================================================================

Image component sizes


      Code (inc. data)   RO Data    RW Data    ZI Data      Debug   Object Name

       176          6          0          0          0      12535   hardware.o
       228         12          0          0          0       2243   hw_config.o
         8          0          0          0          0     233115   main.o
       228         20          0          0          0       1962   misc.o
        64         26        304          0       8192        852   startup_stm32f10x_hd.o
      1468         34          0          0          0       8022   stm32f10x_flash.o
       860         38          0          0          0       5633   stm32f10x_gpio.o
        50          0          0          0          0       2169   stm32f10x_it.o
       932         36          0         20          0       8788   stm32f10x_rcc.o
       484         38          0         20          0       1735   system_stm32f10x.o
       176          8          0          4          0        975   systick_delay.o
      2896        114          0          3          0       8011   usb_core.o
         0          0        140         26          0       1008   usb_desc.o
        68         14          0          2        192       1511   usb_endp.o
        60         24          0         20         28       4022   usb_init.o
       828         34          0          4          0       1855   usb_int.o
       248         26          0         60          0       1236   usb_istr.o
        92          6          0          0          0       1358   usb_mem.o
       572         44          0        156          0       7467   usb_prop.o
       328         22          0          7          0       2493   usb_pwr.o
      2056         20          0          0          0      11669   usb_regs.o
       128          8          0          0          0       1386   usb_sil.o

    ----------------------------------------------------------------------
     11950        530        478        324       8412     320045   Object Totals
         0          0         32          0          0          0   (incl. Generated)
         0          0          2          2          0          0   (incl. Padding)

    ----------------------------------------------------------------------

      Code (inc. data)   RO Data    RW Data    ZI Data      Debug   Library Member Name

        90          0          0          0          0          0   __dczerorl2.o
         8          0          0          0          0         68   __main.o
        52          8          0          0          0          0   __scatter.o
        28          0          0          0          0          0   __scatter_zi.o
        12          0          0          0          0         72   exit.o
         6          0          0          0          0        152   heapauxi.o
         0          0          0          0          0          0   indicate_semi.o
         2          0          0          0          0          0   libinit.o
         2          0          0          0          0          0   libinit2.o
         2          0          0          0          0          0   libshutdown.o
         2          0          0          0          0          0   libshutdown2.o
         8          4          0          0         96         68   libspace.o
         0          0          0          0          0          0   rtentry.o
        12          0          0          0          0          0   rtentry2.o
         6          0          0          0          0          0   rtentry4.o
         2          0          0          0          0          0   rtexit.o
        10          0          0          0          0          0   rtexit2.o
        12          4          0          0          0         68   sys_exit.o
        74          0          0          0          0         80   sys_stackheap_outer.o
         2          0          0          0          0         68   use_no_semi.o

    ----------------------------------------------------------------------
       332         16          0          0         96        576   Library Totals
         2          0          0          0          0          0   (incl. Padding)

    ----------------------------------------------------------------------

      Code (inc. data)   RO Data    RW Data    ZI Data      Debug   Library Name

       330         16          0          0         96        576   c_w.l

    ----------------------------------------------------------------------
       332         16          0          0         96        576   Library Totals

    ----------------------------------------------------------------------

==============================================================================


      Code (inc. data)   RO Data    RW Data    ZI Data      Debug   

     12282        546        478        324       8508     318589   Grand Totals
     12282        546        478        152       8508     318589   ELF Image Totals (compressed)
     12282        546        478        152          0          0   ROM Totals

==============================================================================

    Total RO  Size (Code + RO Data)                12760 (  12.46kB)
    Total RW  Size (RW Data + ZI Data)              8832 (   8.63kB)
    Total ROM Size (Code + RO Data + RW Data)      12912 (  12.61kB)

==============================================================================

